I0331 18:41:05.548297 701267 tracking.cc:687] Add 24 new features to 119
I0331 18:41:05.548566 701267 ic_gvins.cc:548] Tracking cost 16.2037 ms
I0331 18:41:05.552165 701266 ic_gvins.cc:741] Insert keyframe 16 at 545803.895824 with 21 new mappoints
I0331 18:41:05.552558 701266 ic_gvins.cc:746] Add new keyframe time node at 545803.895824
I0331 18:41:05.552596 701268 ic_gvins.cc:1851] Total 11 pose states from 545802.271013 to 545803.895824
I0331 18:41:05.553565 701268 ic_gvins.cc:1175] Add 10 preintegration, 1 GNSS, 141 reprojection
I0331 18:41:05.558828 701268 ic_gvins.cc:1184] Ceres Solver Report: Iterations: 6, Initial cost: 1.413846e+02, Final cost: 4.796783e+01, Termination: NO_CONVERGENCE
I0331 18:41:05.558952 701268 ic_gvins.cc:1294] Remove 4 reprojection factors
I0331 18:41:05.564289 701268 ic_gvins.cc:1218] Ceres Solver Report: Iterations: 6, Initial cost: 3.297790e+01, Final cost: 3.093731e+01, Termination: CONVERGENCE
E0331 18:41:05.564337 701268 ic_gvins.cc:1324] Estimated extrinsic is too large, t:  -2.73034 -0.277009  0.911806, R: 89.2539 19.5386 90.1123
I0331 18:41:05.564687 701268 ic_gvins.cc:1122] Culled 21 mappoint with 11 bad observed features 0, 0, 21
I0331 18:41:05.565186 701268 ic_gvins.cc:1428] Marginalize 1 states, last time 545802.437695
I0331 18:41:05.565654 701268 ic_gvins.cc:473] Optimization costs 13.0744 ms with 5.2956 and 5.36459 with marginalization costs 0.570501
I0331 18:41:05.567145 701266 misc.cc:220] Redo INS mechanization at 545803.895824 to 545803.932104 is 0.0362798 s
I0331 18:41:05.576709 701267 tracking.cc:452] Track 36 map points
I0331 18:41:05.585131 701267 tracking.cc:571] Track 72 reference points
I0331 18:41:05.589165 701267 tracking.cc:687] Add 36 new features to 108
I0331 18:41:05.611654 701267 tracking.cc:452] Track 36 map points
I0331 18:41:05.618275 701267 tracking.cc:571] Track 91 reference points
I0331 18:41:05.620887 701267 tracking.cc:687] Add 18 new features to 127
I0331 18:41:05.644552 701267 tracking.cc:452] Track 35 map points
I0331 18:41:05.652002 701267 tracking.cc:571] Track 88 reference points
I0331 18:41:05.654352 701267 tracking.cc:687] Add 21 new features to 123
E0331 18:41:05.661263 701216 ic_gvins.cc:172] Lost IMU data with at 545804.025 dt 0.008
E0331 18:41:05.661396 701216 ic_gvins.cc:182] Append extra IMU data at 545804.022100
I0331 18:41:05.674638 701267 tracking.cc:452] Track 32 map points
I0331 18:41:05.681150 701267 tracking.cc:571] Track 90 reference points
I0331 18:41:05.681200 701267 tracking.cc:279] Keyframe at 545804.031640, mappoints 32, interval 0.135816, parallax 16.1798
I0331 18:41:05.681428 701267 tracking.cc:795] Triangulate 19 3D points with 69 left, 36 reset, 0 outtime and 2 outliers
I0331 18:41:05.684509 701267 tracking.cc:687] Add 23 new features to 120
I0331 18:41:05.684768 701267 ic_gvins.cc:548] Tracking cost 17.4238 ms
I0331 18:41:05.687208 701266 ic_gvins.cc:741] Insert keyframe 17 at 545804.031640 with 19 new mappoints
I0331 18:41:05.687597 701266 ic_gvins.cc:746] Add new keyframe time node at 545804.031640
I0331 18:41:05.687633 701268 ic_gvins.cc:1851] Total 11 pose states from 545802.437695 to 545804.031640
I0331 18:41:05.688624 701268 ic_gvins.cc:1175] Add 10 preintegration, 1 GNSS, 130 reprojection
I0331 18:41:05.692902 701268 ic_gvins.cc:1184] Ceres Solver Report: Iterations: 6, Initial cost: 1.412485e+02, Final cost: 3.367492e+01, Termination: NO_CONVERGENCE
I0331 18:41:05.693019 701268 ic_gvins.cc:1294] Remove 4 reprojection factors
I0331 18:41:05.699126 701268 ic_gvins.cc:1218] Ceres Solver Report: Iterations: 8, Initial cost: 1.738509e+01, Final cost: 1.549207e+01, Termination: CONVERGENCE
E0331 18:41:05.699182 701268 ic_gvins.cc:1324] Estimated extrinsic is too large, t: -2.32218 0.588069  -2.4722, R: 89.7184 17.9166 89.9503
I0331 18:41:05.699622 701268 ic_gvins.cc:1122] Culled 8 mappoint with 6 bad observed features 0, 0, 8
I0331 18:41:05.700086 701268 ic_gvins.cc:1428] Marginalize 1 states, last time 545802.604377
I0331 18:41:05.700794 701268 ic_gvins.cc:473] Optimization costs 13.1818 ms with 4.30397 and 6.13247 with marginalization costs 0.739238
I0331 18:41:05.702111 701266 misc.cc:220] Redo INS mechanization at 545804.031640 to 545804.067087 is 0.0354474 s
I0331 18:41:05.709560 701267 tracking.cc:452] Track 40 map points
I0331 18:41:05.715883 701267 tracking.cc:571] Track 73 reference points
I0331 18:41:05.719969 701267 tracking.cc:687] Add 29 new features to 113
I0331 18:41:05.744477 701267 tracking.cc:452] Track 39 map points
I0331 18:41:05.750659 701267 tracking.cc:571] Track 90 reference points
I0331 18:41:05.753216 701267 tracking.cc:687] Add 14 new features to 129
I0331 18:41:05.781245 701267 tracking.cc:452] Track 39 map points
I0331 18:41:05.787346 701267 tracking.cc:571] Track 82 reference points
I0331 18:41:05.789620 701267 tracking.cc:687] Add 22 new features to 121
I0331 18:41:05.809621 701267 tracking.cc:452] Track 38 map points
I0331 18:41:05.815879 701267 tracking.cc:571] Track 92 reference points
I0331 18:41:05.818128 701267 tracking.cc:687] Add 13 new features to 130
I0331 18:41:05.845978 701267 tracking.cc:452] Track 35 map points
I0331 18:41:05.852232 701267 tracking.cc:571] Track 87 reference points
I0331 18:41:05.852272 701267 tracking.cc:279] Keyframe at 545804.199669, mappoints 35, interval 0.168029, parallax 16.5796
I0331 18:41:05.852558 701267 tracking.cc:795] Triangulate 26 3D points with 60 left, 30 reset, 0 outtime and 1 outliers
I0331 18:41:05.855684 701267 tracking.cc:687] Add 22 new features to 121
I0331 18:41:05.855957 701267 ic_gvins.cc:548] Tracking cost 17.9078 ms
I0331 18:41:05.857857 701266 ic_gvins.cc:741] Insert keyframe 18 at 545804.199669 with 26 new mappoints
I0331 18:41:05.858346 701266 ic_gvins.cc:746] Add new keyframe time node at 545804.199669
I0331 18:41:05.858400 701266 ic_gvins.cc:891] Add new GNSS time node 545804.136220
I0331 18:41:05.860240 701268 ic_gvins.cc:1851] Total 12 pose states from 545802.604377 to 545804.199669
I0331 18:41:05.861436 701268 ic_gvins.cc:1175] Add 11 preintegration, 2 GNSS, 161 reprojection
I0331 18:41:05.868377 701268 ic_gvins.cc:1184] Ceres Solver Report: Iterations: 6, Initial cost: 1.303397e+02, Final cost: 4.222466e+01, Termination: NO_CONVERGENCE
I0331 18:41:05.868513 701268 ic_gvins.cc:1294] Remove 3 reprojection factors
I0331 18:41:05.881232 701267 tracking.cc:452] Track 60 map points
I0331 18:41:05.885653 701268 ic_gvins.cc:1218] Ceres Solver Report: Iterations: 16, Initial cost: 2.785403e+01, Final cost: 2.607676e+01, Termination: NO_CONVERGENCE
E0331 18:41:05.885712 701268 ic_gvins.cc:1324] Estimated extrinsic is too large, t:    -3.701 0.0888914 -0.944594, R:  88.7851 -7.04018  90.4286
I0331 18:41:05.886092 701268 ic_gvins.cc:1122] Culled 29 mappoint with 20 bad observed features 0, 1, 28
I0331 18:41:05.886663 701268 ic_gvins.cc:1428] Marginalize 1 states, last time 545802.771059
I0331 18:41:05.887063 701268 ic_gvins.cc:473] Optimization costs 26.8461 ms with 6.87833 and 17.1713 with marginalization costs 0.500261
I0331 18:41:05.887221 701266 misc.cc:220] Redo INS mechanization at 545804.199669 to 545804.252107 is 0.0524377 s
I0331 18:41:05.887985 701267 tracking.cc:571] Track 71 reference points
I0331 18:41:05.890309 701267 tracking.cc:687] Add 11 new features to 131
I0331 18:41:05.914557 701267 tracking.cc:452] Track 35 map points
I0331 18:41:05.920593 701267 tracking.cc:571] Track 67 reference points
I0331 18:41:05.923826 701267 tracking.cc:687] Add 40 new features to 102
I0331 18:41:05.945596 701267 tracking.cc:452] Track 34 map points
I0331 18:41:05.952390 701267 tracking.cc:571] Track 86 reference points
I0331 18:41:05.954864 701267 tracking.cc:687] Add 23 new features to 120
I0331 18:41:05.979424 701267 tracking.cc:452] Track 33 map points
I0331 18:41:05.985553 701267 tracking.cc:571] Track 86 reference points
I0331 18:41:05.985601 701267 tracking.cc:279] Keyframe at 545804.335496, mappoints 33, interval 0.135827, parallax 16.278
I0331 18:41:05.985809 701267 tracking.cc:795] Triangulate 16 3D points with 70 left, 40 reset, 0 outtime and 0 outliers
I0331 18:41:05.988498 701267 tracking.cc:687] Add 22 new features to 119
I0331 18:41:05.988749 701267 ic_gvins.cc:548] Tracking cost 15.831 ms
I0331 18:41:05.993767 701266 ic_gvins.cc:741] Insert keyframe 19 at 545804.335496 with 16 new mappoints
I0331 18:41:05.994156 701266 ic_gvins.cc:746] Add new keyframe time node at 545804.335496
I0331 18:41:05.994206 701268 ic_gvins.cc:1851] Total 12 pose states from 545802.771059 to 545804.335496
I0331 18:41:05.995317 701268 ic_gvins.cc:1175] Add 11 preintegration, 2 GNSS, 117 reprojection
I0331 18:41:06.001451 701268 ic_gvins.cc:1184] Ceres Solver Report: Iterations: 6, Initial cost: 1.712984e+02, Final cost: 4.371028e+01, Termination: NO_CONVERGENCE
I0331 18:41:06.001583 701268 ic_gvins.cc:1294] Remove 4 reprojection factors
I0331 18:41:06.010017 701268 ic_gvins.cc:1218] Ceres Solver Report: Iterations: 9, Initial cost: 3.025453e+01, Final cost: 2.554041e+01, Termination: CONVERGENCE
E0331 18:41:06.010080 701268 ic_gvins.cc:1324] Estimated extrinsic is too large, t: -4.09385  2.01991 -1.28299, R:  88.7274 -6.86589  90.0758
I0331 18:41:06.010736 701268 ic_gvins.cc:1122] Culled 15 mappoint with 9 bad observed features 0, 0, 15
I0331 18:41:06.011270 701268 ic_gvins.cc:1428] Marginalize 1 states, last time 545802.937740
I0331 18:41:06.011809 701268 ic_gvins.cc:473] Optimization costs 17.6282 ms with 6.14329 and 8.45946 with marginalization costs 0.665733
I0331 18:41:06.012317 701266 misc.cc:220] Redo INS mechanization at 545804.335496 to 545804.377096 is 0.0416004 s
I0331 18:41:06.015786 701267 tracking.cc:452] Track 46 map points
I0331 18:41:06.022696 701267 tracking.cc:571] Track 81 reference points
I0331 18:41:06.025058 701267 tracking.cc:687] Add 16 new features to 127
I0331 18:41:06.025591 701216 fusion_ros.cc:232] Raw data time 545804.387095, 545804.136220, 545804.371204
I0331 18:41:06.047534 701267 tracking.cc:452] Track 35 map points
I0331 18:41:06.055205 701267 tracking.cc:571] Track 81 reference points
I0331 18:41:06.059119 701267 tracking.cc:687] Add 26 new features to 116
I0331 18:41:06.081848 701267 tracking.cc:452] Track 34 map points
I0331 18:41:06.089675 701267 tracking.cc:571] Track 88 reference points
I0331 18:41:06.093828 701267 tracking.cc:687] Add 21 new features to 122
I0331 18:41:06.114552 701267 tracking.cc:452] Track 32 map points
I0331 18:41:06.121116 701267 tracking.cc:571] Track 93 reference points
I0331 18:41:06.121162 701267 tracking.cc:279] Keyframe at 545804.468315, mappoints 32, interval 0.132819, parallax 15.5384
I0331 18:41:06.121449 701267 tracking.cc:795] Triangulate 31 3D points with 61 left, 26 reset, 0 outtime and 1 outliers
I0331 18:41:06.124714 701267 tracking.cc:687] Add 18 new features to 124
I0331 18:41:06.125006 701267 ic_gvins.cc:548] Tracking cost 17.2646 ms
I0331 18:41:06.128666 701266 ic_gvins.cc:741] Insert keyframe 20 at 545804.468315 with 31 new mappoints
I0331 18:41:06.129062 701266 ic_gvins.cc:746] Add new keyframe time node at 545804.468315
I0331 18:41:06.129117 701268 ic_gvins.cc:1851] Total 12 pose states from 545802.937740 to 545804.468315
I0331 18:41:06.130333 701268 ic_gvins.cc:1175] Add 11 preintegration, 2 GNSS, 143 reprojection
I0331 18:41:06.135775 701268 ic_gvins.cc:1184] Ceres Solver Report: Iterations: 6, Initial cost: 1.465610e+02, Final cost: 3.736848e+01, Termination: NO_CONVERGENCE
I0331 18:41:06.135900 701268 ic_gvins.cc:1294] Remove 3 reprojection factors
I0331 18:41:06.146664 701268 ic_gvins.cc:1218] Ceres Solver Report: Iterations: 9, Initial cost: 2.715548e+01, Final cost: 2.555821e+01, Termination: CONVERGENCE
E0331 18:41:06.146723 701268 ic_gvins.cc:1324] Estimated extrinsic is too large, t:  -2.53795   1.56777 -0.342816, R:  89.2019 -0.54918  90.6634
I0331 18:41:06.147086 701268 ic_gvins.cc:1122] Culled 20 mappoint with 7 bad observed features 0, 1, 19
I0331 18:41:06.148346 701268 ic_gvins.cc:1428] Marginalize 1 states, last time 545803.111251
I0331 18:41:06.149077 701268 ic_gvins.cc:473] Optimization costs 19.9919 ms with 5.46904 and 10.7981 with marginalization costs 1.0466
I0331 18:41:06.150410 701267 tracking.cc:452] Track 62 map points
I0331 18:41:06.152344 701266 misc.cc:220] Redo INS mechanization at 545804.468315 to 545804.517164 is 0.0488487 s
I0331 18:41:06.161170 701267 tracking.cc:571] Track 61 reference points
I0331 18:41:06.164124 701267 tracking.cc:687] Add 18 new features to 123
I0331 18:41:06.180572 701267 tracking.cc:452] Track 43 map points
I0331 18:41:06.186800 701267 tracking.cc:571] Track 71 reference points
I0331 18:41:06.189275 701267 tracking.cc:687] Add 28 new features to 114
I0331 18:41:06.215054 701267 tracking.cc:452] Track 43 map points
I0331 18:41:06.222251 701267 tracking.cc:571] Track 88 reference points
I0331 18:41:06.224504 701267 tracking.cc:687] Add 11 new features to 131
E0331 18:41:06.234949 701216 ic_gvins.cc:172] Lost IMU data with at 545804.597 dt 0.010
E0331 18:41:06.235061 701216 ic_gvins.cc:182] Append extra IMU data at 545804.592450
I0331 18:41:06.245620 701267 tracking.cc:452] Track 43 map points
I0331 18:41:06.252288 701267 tracking.cc:571] Track 85 reference points
I0331 18:41:06.252331 701267 tracking.cc:279] Keyframe at 545804.600947, mappoints 43, interval 0.132632, parallax 17.4306
I0331 18:41:06.252578 701267 tracking.cc:795] Triangulate 21 3D points with 63 left, 30 reset, 0 outtime and 1 outliers
I0331 18:41:06.255813 701267 tracking.cc:687] Add 15 new features to 127
I0331 18:41:06.256073 701267 ic_gvins.cc:548] Tracking cost 18.2343 ms
I0331 18:41:06.259622 701266 ic_gvins.cc:741] Insert keyframe 21 at 545804.600947 with 21 new mappoints
I0331 18:41:06.260028 701266 ic_gvins.cc:746] Add new keyframe time node at 545804.600947
I0331 18:41:06.260098 701268 ic_gvins.cc:1851] Total 12 pose states from 545803.111251 to 545804.600947
I0331 18:41:06.261333 701268 ic_gvins.cc:1175] Add 11 preintegration, 1 GNSS, 153 reprojection
I0331 18:41:06.266994 701268 ic_gvins.cc:1184] Ceres Solver Report: Iterations: 6, Initial cost: 1.472848e+02, Final cost: 3.107225e+01, Termination: NO_CONVERGENCE
I0331 18:41:06.267226 701268 ic_gvins.cc:1294] Remove 2 reprojection factors
I0331 18:41:06.282642 701267 tracking.cc:452] Track 61 map points
I0331 18:41:06.288213 701268 ic_gvins.cc:1218] Ceres Solver Report: Iterations: 16, Initial cost: 2.613446e+01, Final cost: 2.590239e+01, Termination: NO_CONVERGENCE
E0331 18:41:06.288269 701268 ic_gvins.cc:1324] Estimated extrinsic is too large, t: 0.0418643  0.681249  -2.32912, R: 89.6207  9.8756 90.4065
I0331 18:41:06.288627 701268 ic_gvins.cc:1122] Culled 18 mappoint with 3 bad observed features 0, 0, 18
I0331 18:41:06.289180 701268 ic_gvins.cc:1428] Marginalize 1 states, last time 545803.284623
I0331 18:41:06.289459 701267 tracking.cc:571] Track 61 reference points
I0331 18:41:06.289750 701268 ic_gvins.cc:473] Optimization costs 29.6773 ms with 5.68328 and 21.0075 with marginalization costs 0.665414
I0331 18:41:06.293704 701267 tracking.cc:687] Add 20 new features to 122
I0331 18:41:06.294060 701266 misc.cc:220] Redo INS mechanization at 545804.600947 to 545804.657097 is 0.0561494 s
I0331 18:41:06.315420 701267 tracking.cc:452] Track 44 map points
I0331 18:41:06.323181 701267 tracking.cc:571] Track 65 reference points
I0331 18:41:06.327776 701267 tracking.cc:687] Add 32 new features to 109
I0331 18:41:06.349777 701267 tracking.cc:452] Track 42 map points
I0331 18:41:06.356223 701267 tracking.cc:571] Track 85 reference points
I0331 18:41:06.360415 701267 tracking.cc:687] Add 14 new features to 127
I0331 18:41:06.379606 701267 tracking.cc:452] Track 41 map points
I0331 18:41:06.387311 701267 tracking.cc:571] Track 84 reference points
I0331 18:41:06.387364 701267 tracking.cc:279] Keyframe at 545804.736975, mappoints 41, interval 0.136028, parallax 18.3999
I0331 18:41:06.387625 701267 tracking.cc:795] Triangulate 21 3D points with 54 left, 34 reset, 7 outtime and 2 outliers
I0331 18:41:06.390228 701267 tracking.cc:687] Add 24 new features to 116
I0331 18:41:06.390523 701267 ic_gvins.cc:548] Tracking cost 18.1082 ms
I0331 18:41:06.394273 701266 ic_gvins.cc:741] Insert keyframe 22 at 545804.736975 with 21 new mappoints
I0331 18:41:06.394668 701266 ic_gvins.cc:746] Add new keyframe time node at 545804.736975
I0331 18:41:06.394718 701268 ic_gvins.cc:1851] Total 12 pose states from 545803.284623 to 545804.736975
I0331 18:41:06.395947 701268 ic_gvins.cc:1175] Add 11 preintegration, 1 GNSS, 165 reprojection
I0331 18:41:06.402010 701268 ic_gvins.cc:1184] Ceres Solver Report: Iterations: 6, Initial cost: 1.179840e+02, Final cost: 3.533722e+01, Termination: NO_CONVERGENCE
I0331 18:41:06.402150 701268 ic_gvins.cc:1294] Remove 4 reprojection factors
I0331 18:41:06.415334 701267 tracking.cc:452] Track 61 map points
I0331 18:41:06.417735 701268 ic_gvins.cc:1218] Ceres Solver Report: Iterations: 8, Initial cost: 2.562897e+01, Final cost: 2.509034e+01, Termination: CONVERGENCE
E0331 18:41:06.417788 701268 ic_gvins.cc:1324] Estimated extrinsic is too large, t:  2.24028  1.78448 -4.03046, R: 89.9678 4.63853 90.6036
I0331 18:41:06.418138 701268 ic_gvins.cc:1122] Culled 16 mappoint with 4 bad observed features 0, 0, 16
I0331 18:41:06.418820 701268 ic_gvins.cc:1428] Marginalize 1 states, last time 545803.426737
I0331 18:41:06.419436 701268 ic_gvins.cc:473] Optimization costs 24.7434 ms with 6.06674 and 15.6142 with marginalization costs 0.713446
I0331 18:41:06.422307 701266 misc.cc:220] Redo INS mechanization at 545804.736975 to 545804.787092 is 0.0501169 s
I0331 18:41:06.422627 701267 tracking.cc:571] Track 69 reference points
I0331 18:41:06.425063 701267 tracking.cc:687] Add 10 new features to 130
I0331 18:41:06.445091 701267 tracking.cc:452] Track 43 map points
I0331 18:41:06.452056 701267 tracking.cc:571] Track 69 reference points
I0331 18:41:06.455816 701267 tracking.cc:687] Add 30 new features to 112
I0331 18:41:06.480057 701267 tracking.cc:452] Track 41 map points
I0331 18:41:06.486693 701267 tracking.cc:571] Track 88 reference points
I0331 18:41:06.489748 701267 tracking.cc:687] Add 14 new features to 129
I0331 18:41:06.514074 701267 tracking.cc:452] Track 40 map points
I0331 18:41:06.520514 701267 tracking.cc:571] Track 89 reference points
I0331 18:41:06.522838 701267 tracking.cc:687] Add 14 new features to 129
I0331 18:41:06.544523 701267 tracking.cc:452] Track 39 map points
I0331 18:41:06.551239 701267 tracking.cc:571] Track 80 reference points
I0331 18:41:06.551290 701267 tracking.cc:279] Keyframe at 545804.900993, mappoints 39, interval 0.164017, parallax 17.4343
I0331 18:41:06.551568 701267 tracking.cc:795] Triangulate 22 3D points with 57 left, 30 reset, 1 outtime and 0 outliers
I0331 18:41:06.554636 701267 tracking.cc:687] Add 23 new features to 118
I0331 18:41:06.554913 701267 ic_gvins.cc:548] Tracking cost 17.44 ms
I0331 18:41:06.559986 701266 ic_gvins.cc:741] Insert keyframe 23 at 545804.900993 with 22 new mappoints
I0331 18:41:06.560453 701266 ic_gvins.cc:746] Add new keyframe time node at 545804.900993
I0331 18:41:06.560492 701268 ic_gvins.cc:1851] Total 12 pose states from 545803.426737 to 545804.900993
I0331 18:41:06.561652 701268 ic_gvins.cc:1175] Add 11 preintegration, 1 GNSS, 166 reprojection
I0331 18:41:06.567420 701268 ic_gvins.cc:1184] Ceres Solver Report: Iterations: 6, Initial cost: 1.193313e+02, Final cost: 3.373724e+01, Termination: NO_CONVERGENCE
I0331 18:41:06.567552 701268 ic_gvins.cc:1294] Remove 3 reprojection factors
I0331 18:41:06.571467 701268 ic_gvins.cc:1218] Ceres Solver Report: Iterations: 5, Initial cost: 2.440778e+01, Final cost: 2.098737e+01, Termination: CONVERGENCE
E0331 18:41:06.571499 701268 ic_gvins.cc:1324] Estimated extrinsic is too large, t:   3.96865  -1.15606 -0.650484, R: 89.8923 8.67474 91.1252
I0331 18:41:06.571848 701268 ic_gvins.cc:1122] Culled 9 mappoint with 2 bad observed features 0, 0, 9
I0331 18:41:06.572304 701268 ic_gvins.cc:1428] Marginalize 1 states, last time 545803.597706
I0331 18:41:06.572746 701268 ic_gvins.cc:473] Optimization costs 12.2727 ms with 5.786 and 3.92519 with marginalization costs 0.554565
I0331 18:41:06.577152 701266 misc.cc:220] Redo INS mechanization at 545804.900993 to 545804.942086 is 0.0410932 s
I0331 18:41:06.579926 701267 tracking.cc:452] Track 51 map points
I0331 18:41:06.586241 701267 tracking.cc:571] Track 60 reference points
I0331 18:41:06.589324 701267 tracking.cc:687] Add 30 new features to 111
I0331 18:41:06.611220 701267 tracking.cc:452] Track 49 map points
I0331 18:41:06.617461 701267 tracking.cc:571] Track 65 reference points
I0331 18:41:06.620781 701267 tracking.cc:687] Add 30 new features to 114
I0331 18:41:06.644860 701267 tracking.cc:452] Track 47 map points
I0331 18:41:06.651328 701267 tracking.cc:571] Track 76 reference points
I0331 18:41:06.653805 701267 tracking.cc:687] Add 20 new features to 123
I0331 18:41:06.678851 701267 tracking.cc:452] Track 44 map points
I0331 18:41:06.686120 701267 tracking.cc:571] Track 80 reference points
I0331 18:41:06.686169 701267 tracking.cc:279] Keyframe at 545805.032785, mappoints 44, interval 0.131793, parallax 15.0454
I0331 18:41:06.686394 701267 tracking.cc:795] Triangulate 16 3D points with 63 left, 34 reset, 0 outtime and 1 outliers
I0331 18:41:06.689420 701267 tracking.cc:687] Add 19 new features to 123
I0331 18:41:06.689679 701267 ic_gvins.cc:548] Tracking cost 17.4933 ms
I0331 18:41:06.693924 701266 ic_gvins.cc:741] Insert keyframe 24 at 545805.032785 with 16 new mappoints
I0331 18:41:06.694332 701266 ic_gvins.cc:746] Add new keyframe time node at 545805.032785
I0331 18:41:06.694399 701268 ic_gvins.cc:1851] Total 12 pose states from 545803.597706 to 545805.032785
I0331 18:41:06.694451 701216 fusion_ros.cc:232] Raw data time 545805.057385, 545804.136220, 545805.037931
I0331 18:41:06.695658 701268 ic_gvins.cc:1175] Add 11 preintegration, 1 GNSS, 201 reprojection
I0331 18:41:06.700431 701268 ic_gvins.cc:1184] Ceres Solver Report: Iterations: 6, Initial cost: 1.460316e+02, Final cost: 3.899547e+01, Termination: NO_CONVERGENCE
I0331 18:41:06.700575 701268 ic_gvins.cc:1294] Remove 3 reprojection factors
I0331 18:41:06.709779 701267 tracking.cc:452] Track 58 map points
I0331 18:41:06.709792 701268 ic_gvins.cc:1218] Ceres Solver Report: Iterations: 6, Initial cost: 2.634618e+01, Final cost: 2.313027e+01, Termination: CONVERGENCE
E0331 18:41:06.711436 701268 ic_gvins.cc:1324] Estimated extrinsic is too large, t:   2.85962 -0.801762 -0.463075, R: 89.7547 9.02872 90.8543
I0331 18:41:06.711880 701268 ic_gvins.cc:1122] Culled 19 mappoint with 7 bad observed features 0, 0, 19
I0331 18:41:06.712802 701268 ic_gvins.cc:1428] Marginalize 1 states, last time 545803.758824
I0331 18:41:06.713259 701268 ic_gvins.cc:473] Optimization costs 18.8808 ms with 4.80251 and 10.8287 with marginalization costs 0.545317
I0331 18:41:06.717336 701266 misc.cc:220] Redo INS mechanization at 545805.032785 to 545805.082117 is 0.0493318 s
I0331 18:41:06.717758 701267 tracking.cc:571] Track 58 reference points
I0331 18:41:06.721180 701267 tracking.cc:687] Add 28 new features to 116
I0331 18:41:06.744673 701267 tracking.cc:452] Track 41 map points
I0331 18:41:06.750718 701267 tracking.cc:571] Track 64 reference points
I0331 18:41:06.753298 701267 tracking.cc:687] Add 40 new features to 105
I0331 18:41:06.780246 701267 tracking.cc:452] Track 37 map points
I0331 18:41:06.786854 701267 tracking.cc:571] Track 85 reference points
I0331 18:41:06.789278 701267 tracking.cc:687] Add 22 new features to 122
E0331 18:41:06.795756 701216 ic_gvins.cc:172] Lost IMU data with at 545805.161 dt 0.009
E0331 18:41:06.795876 701216 ic_gvins.cc:182] Append extra IMU data at 545805.157120
I0331 18:41:06.814244 701267 tracking.cc:452] Track 37 map points
I0331 18:41:06.823441 701267 tracking.cc:571] Track 84 reference points
I0331 18:41:06.823485 701267 tracking.cc:279] Keyframe at 545805.167871, mappoints 37, interval 0.135086, parallax 17.4837
I0331 18:41:06.823704 701267 tracking.cc:795] Triangulate 18 3D points with 65 left, 41 reset, 0 outtime and 1 outliers
I0331 18:41:06.827243 701267 tracking.cc:687] Add 23 new features to 120
I0331 18:41:06.827512 701267 ic_gvins.cc:548] Tracking cost 21.7959 ms
I0331 18:41:06.828955 701266 ic_gvins.cc:741] Insert keyframe 25 at 545805.167871 with 18 new mappoints
I0331 18:41:06.829339 701266 ic_gvins.cc:746] Add new keyframe time node at 545805.167871
I0331 18:41:06.829361 701266 ic_gvins.cc:891] Add new GNSS time node 545805.126343
I0331 18:41:06.829686 701268 ic_gvins.cc:1851] Total 13 pose states from 545803.758824 to 545805.167871
I0331 18:41:06.830935 701268 ic_gvins.cc:1175] Add 12 preintegration, 2 GNSS, 188 reprojection
I0331 18:41:06.836151 701268 ic_gvins.cc:1184] Ceres Solver Report: Iterations: 6, Initial cost: 1.551397e+02, Final cost: 2.892688e+01, Termination: NO_CONVERGENCE
I0331 18:41:06.836294 701268 ic_gvins.cc:1294] Remove 0 reprojection factors
I0331 18:41:06.843945 701268 ic_gvins.cc:1218] Ceres Solver Report: Iterations: 3, Initial cost: 2.892688e+01, Final cost: 2.892672e+01, Termination: CONVERGENCE
E0331 18:41:06.844000 701268 ic_gvins.cc:1324] Estimated extrinsic is too large, t:   1.12738  0.372406 -0.616153, R:  88.8367 -1.79584  90.6503
I0331 18:41:06.844452 701268 ic_gvins.cc:1122] Culled 36 mappoint with 9 bad observed features 0, 0, 36
I0331 18:41:06.844935 701268 ic_gvins.cc:1428] Marginalize 1 states, last time 545803.895824
I0331 18:41:06.845089 701267 tracking.cc:452] Track 54 map points
I0331 18:41:06.845481 701268 ic_gvins.cc:473] Optimization costs 15.8107 ms with 5.24942 and 7.67415 with marginalization costs 0.654406
I0331 18:41:06.850685 701266 misc.cc:220] Redo INS mechanization at 545805.167871 to 545805.212099 is 0.0442279 s
I0331 18:41:06.853781 701267 tracking.cc:571] Track 67 reference points
I0331 18:41:06.858737 701267 tracking.cc:687] Add 23 new features to 121
I0331 18:41:06.884610 701267 tracking.cc:452] Track 27 map points
I0331 18:41:06.891352 701267 tracking.cc:571] Track 72 reference points
I0331 18:41:06.897095 701267 tracking.cc:687] Add 44 new features to 99
I0331 18:41:06.914649 701267 tracking.cc:452] Track 25 map points
I0331 18:41:06.921084 701267 tracking.cc:571] Track 102 reference points
I0331 18:41:06.923857 701267 tracking.cc:687] Add 16 new features to 127
I0331 18:41:06.948539 701267 tracking.cc:452] Track 23 map points
I0331 18:41:06.954991 701267 tracking.cc:571] Track 96 reference points
I0331 18:41:06.955042 701267 tracking.cc:279] Keyframe at 545805.303954, mappoints 23, interval 0.136083, parallax 15.0538
I0331 18:41:06.955401 701267 tracking.cc:795] Triangulate 25 3D points with 70 left, 40 reset, 1 outtime and 0 outliers
I0331 18:41:06.958249 701267 tracking.cc:687] Add 26 new features to 118
I0331 18:41:06.958518 701267 ic_gvins.cc:548] Tracking cost 16.5024 ms
I0331 18:41:06.959167 701266 ic_gvins.cc:741] Insert keyframe 26 at 545805.303954 with 25 new mappoints
I0331 18:41:06.959626 701266 ic_gvins.cc:746] Add new keyframe time node at 545805.303954
I0331 18:41:06.959715 701268 ic_gvins.cc:1851] Total 13 pose states from 545803.895824 to 545805.303954
I0331 18:41:06.960829 701268 ic_gvins.cc:1175] Add 12 preintegration, 2 GNSS, 125 reprojection
I0331 18:41:06.967530 701268 ic_gvins.cc:1184] Ceres Solver Report: Iterations: 6, Initial cost: 1.003178e+02, Final cost: 2.845838e+01, Termination: NO_CONVERGENCE
I0331 18:41:06.967708 701268 ic_gvins.cc:1294] Remove 1 reprojection factors
I0331 18:41:06.973166 701268 ic_gvins.cc:1218] Ceres Solver Report: Iterations: 5, Initial cost: 2.525741e+01, Final cost: 2.407103e+01, Termination: CONVERGENCE
E0331 18:41:06.973210 701268 ic_gvins.cc:1324] Estimated extrinsic is too large, t:  1.48244  1.62077 -1.96724, R:   88.9614 -0.101171   90.3817
I0331 18:41:06.973513 701268 ic_gvins.cc:1122] Culled 12 mappoint with 3 bad observed features 0, 1, 11
I0331 18:41:06.975281 701268 ic_gvins.cc:1428] Marginalize 1 states, last time 545804.031640
I0331 18:41:06.976018 701268 ic_gvins.cc:473] Optimization costs 16.3281 ms with 6.75462 and 5.4635 with marginalization costs 0.847816
I0331 18:41:06.976940 701266 misc.cc:220] Redo INS mechanization at 545805.303954 to 545805.342085 is 0.0381313 s
I0331 18:41:06.981792 701267 tracking.cc:452] Track 36 map points
I0331 18:41:06.988713 701267 tracking.cc:571] Track 82 reference points
I0331 18:41:06.991948 701267 tracking.cc:687] Add 25 new features to 118
I0331 18:41:07.014771 701267 tracking.cc:452] Track 35 map points
I0331 18:41:07.021381 701267 tracking.cc:571] Track 92 reference points
I0331 18:41:07.023676 701267 tracking.cc:687] Add 16 new features to 127
I0331 18:41:07.049671 701267 tracking.cc:452] Track 35 map points
I0331 18:41:07.056089 701267 tracking.cc:571] Track 92 reference points
I0331 18:41:07.058529 701267 tracking.cc:687] Add 17 new features to 127
I0331 18:41:07.080137 701267 tracking.cc:452] Track 34 map points
I0331 18:41:07.086763 701267 tracking.cc:571] Track 94 reference points
I0331 18:41:07.086812 701267 tracking.cc:279] Keyframe at 545805.436821, mappoints 34, interval 0.132868, parallax 15.088
I0331 18:41:07.087103 701267 tracking.cc:795] Triangulate 33 3D points with 60 left, 27 reset, 0 outtime and 1 outliers
I0331 18:41:07.089398 701267 tracking.cc:687] Add 15 new features to 127
I0331 18:41:07.089653 701267 ic_gvins.cc:548] Tracking cost 16.5648 ms
I0331 18:41:07.093896 701266 ic_gvins.cc:741] Insert keyframe 27 at 545805.436821 with 33 new mappoints
I0331 18:41:07.094286 701266 ic_gvins.cc:746] Add new keyframe time node at 545805.436821
I0331 18:41:07.094326 701268 ic_gvins.cc:1851] Total 13 pose states from 545804.031640 to 545805.436821
I0331 18:41:07.095504 701268 ic_gvins.cc:1175] Add 12 preintegration, 2 GNSS, 158 reprojection
I0331 18:41:07.100302 701268 ic_gvins.cc:1184] Ceres Solver Report: Iterations: 6, Initial cost: 1.274940e+02, Final cost: 2.920327e+01, Termination: NO_CONVERGENCE
I0331 18:41:07.101207 701268 ic_gvins.cc:1294] Remove 1 reprojection factors
I0331 18:41:07.105788 701268 ic_gvins.cc:1218] Ceres Solver Report: Iterations: 4, Initial cost: 2.694004e+01, Final cost: 2.676895e+01, Termination: CONVERGENCE
E0331 18:41:07.105836 701268 ic_gvins.cc:1324] Estimated extrinsic is too large, t: 0.237648  2.36313 -1.86263, R:  88.9713 -5.37761  90.4677
I0331 18:41:07.106210 701268 ic_gvins.cc:1122] Culled 16 mappoint with 3 bad observed features 0, 0, 16
I0331 18:41:07.107357 701268 ic_gvins.cc:1428] Marginalize 2 states, last time 545804.199669
I0331 18:41:07.108330 701268 ic_gvins.cc:473] Optimization costs 14.0298 ms with 4.82443 and 4.57162 with marginalization costs 1.16363
I0331 18:41:07.112166 701266 misc.cc:220] Redo INS mechanization at 545805.436821 to 545805.477104 is 0.0402824 s
I0331 18:41:07.112954 701267 tracking.cc:452] Track 52 map points
I0331 18:41:07.118965 701267 tracking.cc:571] Track 61 reference points
I0331 18:41:07.122061 701267 tracking.cc:687] Add 30 new features to 113
I0331 18:41:07.145196 701267 tracking.cc:452] Track 52 map points
I0331 18:41:07.151829 701267 tracking.cc:571] Track 73 reference points
I0331 18:41:07.154232 701267 tracking.cc:687] Add 17 new features to 125
I0331 18:41:07.180060 701267 tracking.cc:452] Track 51 map points
I0331 18:41:07.186540 701267 tracking.cc:571] Track 74 reference points
I0331 18:41:07.189061 701267 tracking.cc:687] Add 16 new features to 125
I0331 18:41:07.209472 701267 tracking.cc:452] Track 49 map points
I0331 18:41:07.215787 701267 tracking.cc:571] Track 75 reference points
I0331 18:41:07.215837 701267 tracking.cc:279] Keyframe at 545805.565934, mappoints 49, interval 0.129112, parallax 16.7905
I0331 18:41:07.216068 701267 tracking.cc:795] Triangulate 15 3D points with 57 left, 25 reset, 1 outtime and 2 outliers
I0331 18:41:07.218716 701267 tracking.cc:687] Add 21 new features to 121
I0331 18:41:07.218994 701267 ic_gvins.cc:548] Tracking cost 16.505 ms
I0331 18:41:07.221993 701266 ic_gvins.cc:741] Insert keyframe 28 at 545805.565934 with 15 new mappoints
I0331 18:41:07.222369 701266 ic_gvins.cc:746] Add new keyframe time node at 545805.565934
I0331 18:41:07.222411 701268 ic_gvins.cc:1851] Total 12 pose states from 545804.199669 to 545805.565934
I0331 18:41:07.223628 701268 ic_gvins.cc:1175] Add 11 preintegration, 1 GNSS, 172 reprojection
I0331 18:41:07.229576 701268 ic_gvins.cc:1184] Ceres Solver Report: Iterations: 6, Initial cost: 1.502720e+02, Final cost: 2.384310e+01, Termination: NO_CONVERGENCE
I0331 18:41:07.229708 701268 ic_gvins.cc:1294] Remove 1 reprojection factors
I0331 18:41:07.235059 701268 ic_gvins.cc:1218] Ceres Solver Report: Iterations: 5, Initial cost: 2.151876e+01, Final cost: 2.133733e+01, Termination: CONVERGENCE
E0331 18:41:07.235113 701268 ic_gvins.cc:1324] Estimated extrinsic is too large, t:  2.95622  1.25742 -3.42886, R:   89.286 -8.27592  91.0972
I0331 18:41:07.235491 701268 ic_gvins.cc:1122] Culled 16 mappoint with 9 bad observed features 0, 0, 16
I0331 18:41:07.235989 701268 ic_gvins.cc:1428] Marginalize 1 states, last time 545804.335496
I0331 18:41:07.236689 701268 ic_gvins.cc:473] Optimization costs 14.2984 ms with 5.95634 and 5.38222 with marginalization costs 0.819559
I0331 18:41:07.237098 701266 misc.cc:220] Redo INS mechanization at 545805.565934 to 545805.602085 is 0.0361509 s
I0331 18:41:07.244745 701267 tracking.cc:452] Track 48 map points
I0331 18:41:07.250895 701267 tracking.cc:571] Track 59 reference points
I0331 18:41:07.254904 701267 tracking.cc:687] Add 36 new features to 107
I0331 18:41:07.280213 701267 tracking.cc:452] Track 46 map points
I0331 18:41:07.286922 701267 tracking.cc:571] Track 75 reference points
I0331 18:41:07.289327 701267 tracking.cc:687] Add 23 new features to 121
I0331 18:41:07.311573 701267 tracking.cc:452] Track 44 map points
I0331 18:41:07.317823 701267 tracking.cc:571] Track 85 reference points
I0331 18:41:07.319782 701267 tracking.cc:687] Add 15 new features to 129
I0331 18:41:07.344667 701267 tracking.cc:452] Track 42 map points
I0331 18:41:07.350870 701267 tracking.cc:571] Track 86 reference points
I0331 18:41:07.350919 701267 tracking.cc:279] Keyframe at 545805.699852, mappoints 42, interval 0.133919, parallax 16.1705
I0331 18:41:07.351140 701267 tracking.cc:795] Triangulate 16 3D points with 68 left, 38 reset, 0 outtime and 2 outliers
I0331 18:41:07.353149 701267 tracking.cc:687] Add 18 new features to 126
I0331 18:41:07.353410 701267 ic_gvins.cc:548] Tracking cost 15.5752 ms
I0331 18:41:07.357565 701216 fusion_ros.cc:232] Raw data time 545805.717093, 545805.126343, 545805.704656
I0331 18:41:07.359683 701266 ic_gvins.cc:741] Insert keyframe 29 at 545805.699852 with 16 new mappoints
I0331 18:41:07.360142 701266 ic_gvins.cc:746] Add new keyframe time node at 545805.699852
I0331 18:41:07.360224 701268 ic_gvins.cc:1851] Total 12 pose states from 545804.335496 to 545805.699852
I0331 18:41:07.361397 701268 ic_gvins.cc:1175] Add 11 preintegration, 1 GNSS, 178 reprojection
I0331 18:41:07.366786 701268 ic_gvins.cc:1184] Ceres Solver Report: Iterations: 6, Initial cost: 1.754124e+02, Final cost: 2.333112e+01, Termination: NO_CONVERGENCE
I0331 18:41:07.366925 701268 ic_gvins.cc:1294] Remove 1 reprojection factors
I0331 18:41:07.370986 701268 ic_gvins.cc:1218] Ceres Solver Report: Iterations: 4, Initial cost: 2.076152e+01, Final cost: 1.999850e+01, Termination: CONVERGENCE
E0331 18:41:07.371037 701268 ic_gvins.cc:1324] Estimated extrinsic is too large, t:  1.83816  1.28938 -2.47046, R:  89.2235 -1.17567  90.8495
I0331 18:41:07.371402 701268 ic_gvins.cc:1122] Culled 13 mappoint with 9 bad observed features 0, 0, 13
I0331 18:41:07.372615 701268 ic_gvins.cc:1428] Marginalize 1 states, last time 545804.468315
I0331 18:41:07.373277 701268 ic_gvins.cc:473] Optimization costs 13.1012 ms with 5.40242 and 4.08855 with marginalization costs 0.756551
I0331 18:41:07.375378 701266 misc.cc:220] Redo INS mechanization at 545805.699852 to 545805.737092 is 0.0372397 s
I0331 18:41:07.383500 701267 tracking.cc:452] Track 43 map points
I0331 18:41:07.391453 701267 tracking.cc:571] Track 71 reference points
I0331 18:41:07.395284 701267 tracking.cc:687] Add 28 new features to 114
I0331 18:41:07.413729 701267 tracking.cc:452] Track 42 map points
I0331 18:41:07.419996 701267 tracking.cc:571] Track 90 reference points
I0331 18:41:07.421749 701267 tracking.cc:687] Add 11 new features to 132
I0331 18:41:07.444267 701267 tracking.cc:452] Track 41 map points
I0331 18:41:07.450400 701267 tracking.cc:571] Track 87 reference points
I0331 18:41:07.452780 701267 tracking.cc:687] Add 15 new features to 128
I0331 18:41:07.482692 701267 tracking.cc:452] Track 40 map points
I0331 18:41:07.489969 701267 tracking.cc:571] Track 90 reference points
I0331 18:41:07.490026 701267 tracking.cc:279] Keyframe at 545805.833852, mappoints 40, interval 0.133999, parallax 16.6115
I0331 18:41:07.490331 701267 tracking.cc:795] Triangulate 31 3D points with 58 left, 32 reset, 1 outtime and 0 outliers
I0331 18:41:07.492708 701267 tracking.cc:687] Add 16 new features to 129
I0331 18:41:07.492995 701267 ic_gvins.cc:548] Tracking cost 17.4107 ms
I0331 18:41:07.493711 701266 ic_gvins.cc:741] Insert keyframe 30 at 545805.833852 with 31 new mappoints
I0331 18:41:07.494099 701266 ic_gvins.cc:746] Add new keyframe time node at 545805.833852
I0331 18:41:07.494485 701268 ic_gvins.cc:1851] Total 12 pose states from 545804.468315 to 545805.833852
I0331 18:41:07.495828 701268 ic_gvins.cc:1175] Add 11 preintegration, 1 GNSS, 197 reprojection
I0331 18:41:07.502049 701268 ic_gvins.cc:1184] Ceres Solver Report: Iterations: 6, Initial cost: 1.677648e+02, Final cost: 2.525413e+01, Termination: NO_CONVERGENCE
I0331 18:41:07.502192 701268 ic_gvins.cc:1294] Remove 0 reprojection factors
I0331 18:41:07.506911 701268 ic_gvins.cc:1218] Ceres Solver Report: Iterations: 4, Initial cost: 2.525413e+01, Final cost: 2.525363e+01, Termination: CONVERGENCE
E0331 18:41:07.506942 701268 ic_gvins.cc:1324] Estimated extrinsic is too large, t:  2.10049 0.489305 -3.43201, R:  89.1594 -5.62237  91.1932
I0331 18:41:07.507326 701268 ic_gvins.cc:1122] Culled 18 mappoint with 8 bad observed features 0, 0, 18
I0331 18:41:07.507894 701268 ic_gvins.cc:1428] Marginalize 1 states, last time 545804.600947
I0331 18:41:07.508594 701268 ic_gvins.cc:473] Optimization costs 14.1316 ms with 6.2574 and 4.72196 with marginalization costs 0.713638
I0331 18:41:07.512071 701266 misc.cc:220] Redo INS mechanization at 545805.833852 to 545805.877107 is 0.0432551 s
I0331 18:41:07.516613 701267 tracking.cc:452] Track 50 map points
I0331 18:41:07.523648 701267 tracking.cc:571] Track 63 reference points
I0331 18:41:07.526907 701267 tracking.cc:687] Add 31 new features to 113
I0331 18:41:07.545401 701267 tracking.cc:452] Track 46 map points
I0331 18:41:07.552012 701267 tracking.cc:571] Track 85 reference points
I0331 18:41:07.554317 701267 tracking.cc:687] Add 11 new features to 131
E0331 18:41:07.567481 701216 ic_gvins.cc:172] Lost IMU data with at 545805.932 dt 0.010
E0331 18:41:07.567598 701216 ic_gvins.cc:182] Append extra IMU data at 545805.927099
I0331 18:41:07.579416 701267 tracking.cc:452] Track 45 map points
I0331 18:41:07.585716 701267 tracking.cc:571] Track 83 reference points
I0331 18:41:07.588086 701267 tracking.cc:687] Add 15 new features to 128
I0331 18:41:07.613994 701267 tracking.cc:452] Track 44 map points
I0331 18:41:07.621294 701267 tracking.cc:571] Track 83 reference points
I0331 18:41:07.623696 701267 tracking.cc:687] Add 16 new features to 127
I0331 18:41:07.645162 701267 tracking.cc:452] Track 42 map points
I0331 18:41:07.652771 701267 tracking.cc:571] Track 84 reference points
I0331 18:41:07.652817 701267 tracking.cc:279] Keyframe at 545806.001918, mappoints 42, interval 0.168067, parallax 18.0515
I0331 18:41:07.653044 701267 tracking.cc:795] Triangulate 15 3D points with 65 left, 32 reset, 1 outtime and 3 outliers
I0331 18:41:07.655467 701267 tracking.cc:687] Add 19 new features to 122
I0331 18:41:07.655757 701267 ic_gvins.cc:548] Tracking cost 17.5925 ms
I0331 18:41:07.657826 701266 ic_gvins.cc:741] Insert keyframe 31 at 545806.001918 with 15 new mappoints
I0331 18:41:07.658300 701266 ic_gvins.cc:746] Add new keyframe time node at 545806.001918
I0331 18:41:07.658345 701268 ic_gvins.cc:1851] Total 12 pose states from 545804.600947 to 545806.001918
I0331 18:41:07.659633 701268 ic_gvins.cc:1175] Add 11 preintegration, 1 GNSS, 179 reprojection
I0331 18:41:07.666208 701268 ic_gvins.cc:1184] Ceres Solver Report: Iterations: 6, Initial cost: 1.823226e+02, Final cost: 3.132283e+01, Termination: NO_CONVERGENCE
I0331 18:41:07.666360 701268 ic_gvins.cc:1294] Remove 1 reprojection factors
I0331 18:41:07.671157 701268 ic_gvins.cc:1218] Ceres Solver Report: Iterations: 4, Initial cost: 2.802582e+01, Final cost: 2.724888e+01, Termination: CONVERGENCE
E0331 18:41:07.671206 701268 ic_gvins.cc:1324] Estimated extrinsic is too large, t:   1.26275  0.290309 0.0329868, R:  89.0389 -3.78566  90.9993
I0331 18:41:07.671622 701268 ic_gvins.cc:1122] Culled 21 mappoint with 10 bad observed features 0, 0, 21
I0331 18:41:07.672168 701268 ic_gvins.cc:1428] Marginalize 1 states, last time 545804.736975
I0331 18:41:07.672725 701268 ic_gvins.cc:473] Optimization costs 14.3966 ms with 6.59567 and 4.82062 with marginalization costs 0.68839
I0331 18:41:07.677134 701266 misc.cc:220] Redo INS mechanization at 545806.001918 to 545806.042096 is 0.0401775 s
I0331 18:41:07.679714 701267 tracking.cc:452] Track 38 map points
I0331 18:41:07.686234 701267 tracking.cc:571] Track 69 reference points
I0331 18:41:07.689680 701267 tracking.cc:687] Add 34 new features to 107
I0331 18:41:07.714164 701267 tracking.cc:452] Track 36 map points
I0331 18:41:07.720687 701267 tracking.cc:571] Track 88 reference points
I0331 18:41:07.724577 701267 tracking.cc:687] Add 17 new features to 124
I0331 18:41:07.750159 701267 tracking.cc:452] Track 35 map points
I0331 18:41:07.757325 701267 tracking.cc:571] Track 89 reference points
I0331 18:41:07.759590 701267 tracking.cc:687] Add 17 new features to 124
I0331 18:41:07.779271 701267 tracking.cc:452] Track 33 map points
I0331 18:41:07.786621 701267 tracking.cc:571] Track 91 reference points
I0331 18:41:07.789103 701267 tracking.cc:687] Add 18 new features to 124
I0331 18:41:07.815356 701267 tracking.cc:452] Track 32 map points
I0331 18:41:07.822788 701267 tracking.cc:571] Track 94 reference points
I0331 18:41:07.822830 701267 tracking.cc:279] Keyframe at 545806.169223, mappoints 32, interval 0.167304, parallax 17.6648
I0331 18:41:07.823112 701267 tracking.cc:795] Triangulate 26 3D points with 67 left, 39 reset, 0 outtime and 1 outliers
I0331 18:41:07.825462 701267 tracking.cc:687] Add 18 new features to 125
I0331 18:41:07.825714 701267 ic_gvins.cc:548] Tracking cost 17.683 ms
I0331 18:41:07.829648 701266 ic_gvins.cc:741] Insert keyframe 32 at 545806.169223 with 26 new mappoints
I0331 18:41:07.830184 701266 ic_gvins.cc:746] Add new keyframe time node at 545806.169223
I0331 18:41:07.830209 701266 ic_gvins.cc:891] Add new GNSS time node 545806.132343
I0331 18:41:07.830610 701268 ic_gvins.cc:1851] Total 13 pose states from 545804.736975 to 545806.169223
I0331 18:41:07.831880 701268 ic_gvins.cc:1175] Add 12 preintegration, 2 GNSS, 174 reprojection
I0331 18:41:07.836865 701268 ic_gvins.cc:1184] Ceres Solver Report: Iterations: 6, Initial cost: 1.460081e+02, Final cost: 3.118566e+01, Termination: NO_CONVERGENCE
I0331 18:41:07.836999 701268 ic_gvins.cc:1294] Remove 2 reprojection factors
I0331 18:41:07.842139 701268 ic_gvins.cc:1218] Ceres Solver Report: Iterations: 6, Initial cost: 1.969556e+01, Final cost: 1.838636e+01, Termination: CONVERGENCE
E0331 18:41:07.842178 701268 ic_gvins.cc:1324] Estimated extrinsic is too large, t:    2.46578   0.357432 0.00968644, R: 88.7794 1.14156 90.7833
I0331 18:41:07.842613 701268 ic_gvins.cc:1122] Culled 25 mappoint with 10 bad observed features 0, 0, 25
I0331 18:41:07.843034 701268 ic_gvins.cc:1428] Marginalize 1 states, last time 545804.900993
I0331 18:41:07.843799 701268 ic_gvins.cc:473] Optimization costs 13.2076 ms with 5.01627 and 5.15253 with marginalization costs 0.648486
I0331 18:41:07.847258 701266 misc.cc:220] Redo INS mechanization at 545806.169223 to 545806.212090 is 0.0428667 s
I0331 18:41:07.852782 701267 tracking.cc:452] Track 38 map points
I0331 18:41:07.861641 701267 tracking.cc:571] Track 75 reference points
I0331 18:41:07.865736 701267 tracking.cc:687] Add 30 new features to 113
I0331 18:41:07.879367 701267 tracking.cc:452] Track 38 map points
I0331 18:41:07.886133 701267 tracking.cc:571] Track 89 reference points
I0331 18:41:07.888706 701267 tracking.cc:687] Add 16 new features to 127
I0331 18:41:07.911074 701267 tracking.cc:452] Track 38 map points
I0331 18:41:07.917979 701267 tracking.cc:571] Track 88 reference points
I0331 18:41:07.920576 701267 tracking.cc:687] Add 18 new features to 126
I0331 18:41:07.945535 701267 tracking.cc:452] Track 38 map points
I0331 18:41:07.952066 701267 tracking.cc:571] Track 95 reference points
I0331 18:41:07.952116 701267 tracking.cc:279] Keyframe at 545806.299422, mappoints 38, interval 0.130199, parallax 16.2161
I0331 18:41:07.952405 701267 tracking.cc:795] Triangulate 25 3D points with 64 left, 36 reset, 3 outtime and 3 outliers
I0331 18:41:07.954778 701267 tracking.cc:687] Add 15 new features to 127
I0331 18:41:07.955054 701267 ic_gvins.cc:548] Tracking cost 16.7591 ms
I0331 18:41:07.958029 701266 ic_gvins.cc:741] Insert keyframe 33 at 545806.299422 with 25 new mappoints
I0331 18:41:07.958433 701266 ic_gvins.cc:746] Add new keyframe time node at 545806.299422
I0331 18:41:07.958485 701268 ic_gvins.cc:1851] Total 13 pose states from 545804.900993 to 545806.299422
I0331 18:41:07.959740 701268 ic_gvins.cc:1175] Add 12 preintegration, 2 GNSS, 167 reprojection
I0331 18:41:07.965088 701268 ic_gvins.cc:1184] Ceres Solver Report: Iterations: 6, Initial cost: 1.685552e+02, Final cost: 3.788747e+01, Termination: NO_CONVERGENCE
I0331 18:41:07.965224 701268 ic_gvins.cc:1294] Remove 3 reprojection factors
I0331 18:41:07.973958 701268 ic_gvins.cc:1218] Ceres Solver Report: Iterations: 7, Initial cost: 2.085801e+01, Final cost: 1.842252e+01, Termination: CONVERGENCE
I0331 18:41:07.974316 701268 ic_gvins.cc:1122] Culled 0 mappoint with 3 bad observed features 0, 0, 0
I0331 18:41:07.974891 701268 ic_gvins.cc:1428] Marginalize 1 states, last time 545805.032785
I0331 18:41:07.975605 701268 ic_gvins.cc:473] Optimization costs 17.1414 ms with 5.38162 and 8.7684 with marginalization costs 0.790471
I0331 18:41:07.977294 701266 misc.cc:220] Redo INS mechanization at 545806.299422 to 545806.342093 is 0.042671 s
I0331 18:41:07.979975 701267 tracking.cc:452] Track 59 map points
I0331 18:41:07.986641 701267 tracking.cc:571] Track 61 reference points
I0331 18:41:07.989634 701267 tracking.cc:687] Add 21 new features to 120
I0331 18:41:08.014140 701267 tracking.cc:452] Track 54 map points
I0331 18:41:08.020617 701267 tracking.cc:571] Track 67 reference points
I0331 18:41:08.023177 701267 tracking.cc:687] Add 19 new features to 121
I0331 18:41:08.026026 701216 fusion_ros.cc:232] Raw data time 545806.387122, 545806.132343, 545806.371378
I0331 18:41:08.044935 701267 tracking.cc:452] Track 53 map points
I0331 18:41:08.051240 701267 tracking.cc:571] Track 71 reference points
I0331 18:41:08.053850 701267 tracking.cc:687] Add 17 new features to 124
I0331 18:41:08.079386 701267 tracking.cc:452] Track 53 map points
I0331 18:41:08.085589 701267 tracking.cc:571] Track 74 reference points
I0331 18:41:08.088726 701267 tracking.cc:687] Add 14 new features to 127
I0331 18:41:08.118458 701267 tracking.cc:452] Track 51 map points
I0331 18:41:08.127489 701267 tracking.cc:571] Track 76 reference points
I0331 18:41:08.127542 701267 tracking.cc:279] Keyframe at 545806.467880, mappoints 51, interval 0.168458, parallax 18.2866
I0331 18:41:08.127821 701267 tracking.cc:795] Triangulate 22 3D points with 53 left, 26 reset, 0 outtime and 1 outliers
I0331 18:41:08.130870 701267 tracking.cc:687] Add 15 new features to 126
I0331 18:41:08.131174 701267 ic_gvins.cc:548] Tracking cost 23.6913 ms
I0331 18:41:08.132302 701266 ic_gvins.cc:741] Insert keyframe 34 at 545806.467880 with 22 new mappoints
I0331 18:41:08.132750 701266 ic_gvins.cc:746] Add new keyframe time node at 545806.467880
I0331 18:41:08.132802 701268 ic_gvins.cc:1851] Total 13 pose states from 545805.032785 to 545806.467880
I0331 18:41:08.134593 701268 ic_gvins.cc:1175] Add 12 preintegration, 2 GNSS, 233 reprojection
I0331 18:41:08.143023 701268 ic_gvins.cc:1184] Ceres Solver Report: Iterations: 6, Initial cost: 7.127791e+01, Final cost: 6.108722e+01, Termination: NO_CONVERGENCE
I0331 18:41:08.143195 701268 ic_gvins.cc:1294] Remove 4 reprojection factors
I0331 18:41:08.148599 701267 tracking.cc:452] Track 72 map points
I0331 18:41:08.155910 701267 tracking.cc:571] Track 56 reference points
I0331 18:41:08.158689 701268 ic_gvins.cc:1218] Ceres Solver Report: Iterations: 7, Initial cost: 3.518895e+01, Final cost: 3.020328e+01, Termination: CONVERGENCE
I0331 18:41:08.159116 701268 ic_gvins.cc:1122] Culled 0 mappoint with 4 bad observed features 0, 0, 0
I0331 18:41:08.159646 701268 ic_gvins.cc:1428] Marginalize 2 states, last time 545805.167871
I0331 18:41:08.159786 701267 tracking.cc:687] Add 12 new features to 128
I0331 18:41:08.160775 701268 ic_gvins.cc:473] Optimization costs 28.003 ms with 8.43559 and 15.5203 with marginalization costs 1.15563
I0331 18:41:08.163990 701266 misc.cc:220] Redo INS mechanization at 545806.467880 to 545806.522263 is 0.0543825 s
I0331 18:41:08.179968 701267 tracking.cc:452] Track 70 map points
I0331 18:41:08.186165 701267 tracking.cc:571] Track 51 reference points
I0331 18:41:08.189213 701267 tracking.cc:687] Add 21 new features to 121
I0331 18:41:08.215305 701267 tracking.cc:452] Track 68 map points
