I0331 18:41:19.907387 701267 tracking.cc:687] Add 18 new features to 125
I0331 18:41:19.932140 701267 tracking.cc:452] Track 46 map points
I0331 18:41:19.938696 701267 tracking.cc:571] Track 73 reference points
I0331 18:41:19.942107 701267 tracking.cc:687] Add 22 new features to 119
I0331 18:41:19.965196 701267 tracking.cc:452] Track 46 map points
I0331 18:41:19.971588 701267 tracking.cc:571] Track 75 reference points
I0331 18:41:19.971632 701267 tracking.cc:279] Keyframe at 545818.318092, mappoints 46, interval 0.199953, parallax 16.9667
I0331 18:41:19.971901 701267 tracking.cc:795] Triangulate 16 3D points with 59 left, 35 reset, 0 outtime and 0 outliers
I0331 18:41:19.975183 701267 tracking.cc:687] Add 21 new features to 121
I0331 18:41:19.975461 701267 ic_gvins.cc:548] Tracking cost 18.1184 ms
I0331 18:41:19.978713 701266 ic_gvins.cc:741] Insert keyframe 105 at 545818.318092 with 16 new mappoints
I0331 18:41:19.979235 701266 ic_gvins.cc:746] Add new keyframe time node at 545818.318092
I0331 18:41:19.979256 701266 ic_gvins.cc:842] Add new GNSS 545818.124273 align to 545818.118139
I0331 18:41:19.979297 701268 ic_gvins.cc:1851] Total 11 pose states from 545816.616850 to 545818.318092
I0331 18:41:19.981019 701268 ic_gvins.cc:1175] Add 10 preintegration, 2 GNSS, 379 reprojection
I0331 18:41:19.991485 701268 ic_gvins.cc:1184] Ceres Solver Report: Iterations: 6, Initial cost: 2.317331e+02, Final cost: 1.466587e+02, Termination: NO_CONVERGENCE
I0331 18:41:19.991750 701268 ic_gvins.cc:1294] Remove 8 reprojection factors
I0331 18:41:19.998087 701267 tracking.cc:452] Track 60 map points
I0331 18:41:20.002125 701268 ic_gvins.cc:1218] Ceres Solver Report: Iterations: 5, Initial cost: 1.085812e+02, Final cost: 1.063628e+02, Termination: CONVERGENCE
E0331 18:41:20.002177 701268 ic_gvins.cc:1324] Estimated extrinsic is too large, t:   3.03835   1.44694 -0.432811, R: 88.2247 3.25373 90.8672
I0331 18:41:20.002692 701268 ic_gvins.cc:1122] Culled 8 mappoint with 7 bad observed features 0, 1, 7
I0331 18:41:20.003679 701268 ic_gvins.cc:1428] Marginalize 1 states, last time 545816.783663
I0331 18:41:20.004590 701267 tracking.cc:571] Track 63 reference points
I0331 18:41:20.005805 701268 ic_gvins.cc:473] Optimization costs 26.5433 ms with 10.4899 and 10.3966 with marginalization costs 2.06475
I0331 18:41:20.008611 701267 tracking.cc:687] Add 18 new features to 123
I0331 18:41:20.008757 701266 misc.cc:220] Redo INS mechanization at 545818.318092 to 545818.373683 is 0.0555912 s
I0331 18:41:20.033573 701267 tracking.cc:452] Track 52 map points
I0331 18:41:20.041304 701267 tracking.cc:571] Track 61 reference points
I0331 18:41:20.045540 701267 tracking.cc:687] Add 30 new features to 113
I0331 18:41:20.060307 701216 fusion_ros.cc:232] Raw data time 545818.423720, 545818.124273, 545818.405953
I0331 18:41:20.061285 701267 tracking.cc:452] Track 47 map points
I0331 18:41:20.067658 701267 tracking.cc:571] Track 70 reference points
I0331 18:41:20.070726 701267 tracking.cc:687] Add 25 new features to 117
I0331 18:41:20.095925 701267 tracking.cc:452] Track 45 map points
I0331 18:41:20.104249 701267 tracking.cc:571] Track 67 reference points
I0331 18:41:20.107438 701267 tracking.cc:687] Add 30 new features to 112
I0331 18:41:20.133766 701267 tracking.cc:452] Track 44 map points
I0331 18:41:20.140316 701267 tracking.cc:571] Track 69 reference points
I0331 18:41:20.140364 701267 tracking.cc:279] Keyframe at 545818.484803, mappoints 44, interval 0.166711, parallax 17.6236
I0331 18:41:20.140583 701267 tracking.cc:795] Triangulate 10 3D points with 58 left, 33 reset, 1 outtime and 0 outliers
I0331 18:41:20.144606 701267 tracking.cc:687] Add 31 new features to 112
I0331 18:41:20.144861 701267 ic_gvins.cc:548] Tracking cost 19.1815 ms
I0331 18:41:20.148747 701266 ic_gvins.cc:741] Insert keyframe 106 at 545818.484803 with 10 new mappoints
I0331 18:41:20.149222 701266 ic_gvins.cc:746] Add new keyframe time node at 545818.484803
I0331 18:41:20.149263 701268 ic_gvins.cc:1851] Total 11 pose states from 545816.783663 to 545818.484803
I0331 18:41:20.150861 701268 ic_gvins.cc:1175] Add 10 preintegration, 2 GNSS, 335 reprojection
I0331 18:41:20.161928 701268 ic_gvins.cc:1184] Ceres Solver Report: Iterations: 6, Initial cost: 1.731848e+02, Final cost: 1.074421e+02, Termination: NO_CONVERGENCE
I0331 18:41:20.162146 701268 ic_gvins.cc:1294] Remove 4 reprojection factors
I0331 18:41:20.162307 701267 tracking.cc:452] Track 53 map points
I0331 18:41:20.169159 701267 tracking.cc:571] Track 65 reference points
I0331 18:41:20.172331 701267 tracking.cc:687] Add 25 new features to 118
I0331 18:41:20.175406 701268 ic_gvins.cc:1218] Ceres Solver Report: Iterations: 5, Initial cost: 9.380735e+01, Final cost: 9.170266e+01, Termination: CONVERGENCE
E0331 18:41:20.175468 701268 ic_gvins.cc:1324] Estimated extrinsic is too large, t:   3.10705   1.25803 -0.409269, R: 88.2299   2.593  90.895
I0331 18:41:20.175956 701268 ic_gvins.cc:1122] Culled 8 mappoint with 2 bad observed features 0, 0, 8
I0331 18:41:20.176585 701268 ic_gvins.cc:1428] Marginalize 1 states, last time 545816.950402
I0331 18:41:20.178107 701268 ic_gvins.cc:473] Optimization costs 28.8639 ms with 11.1034 and 13.2912 with marginalization costs 1.57912
I0331 18:41:20.178692 701266 misc.cc:220] Redo INS mechanization at 545818.484803 to 545818.543715 is 0.0589125 s
I0331 18:41:20.196205 701267 tracking.cc:452] Track 45 map points
I0331 18:41:20.202801 701267 tracking.cc:571] Track 65 reference points
I0331 18:41:20.206849 701267 tracking.cc:687] Add 33 new features to 110
I0331 18:41:20.231150 701267 tracking.cc:452] Track 41 map points
I0331 18:41:20.238907 701267 tracking.cc:571] Track 78 reference points
I0331 18:41:20.242055 701267 tracking.cc:687] Add 24 new features to 119
I0331 18:41:20.261714 701267 tracking.cc:452] Track 37 map points
I0331 18:41:20.268364 701267 tracking.cc:571] Track 81 reference points
I0331 18:41:20.270948 701267 tracking.cc:687] Add 26 new features to 118
I0331 18:41:20.296973 701267 tracking.cc:452] Track 37 map points
I0331 18:41:20.304677 701267 tracking.cc:571] Track 74 reference points
I0331 18:41:20.304819 701267 tracking.cc:279] Keyframe at 545818.651622, mappoints 37, interval 0.16682, parallax 18.172
I0331 18:41:20.305066 701267 tracking.cc:795] Triangulate 14 3D points with 57 left, 32 reset, 1 outtime and 2 outliers
I0331 18:41:20.309118 701267 tracking.cc:687] Add 35 new features to 108
I0331 18:41:20.309366 701267 ic_gvins.cc:548] Tracking cost 20.2626 ms
I0331 18:41:20.313691 701266 ic_gvins.cc:741] Insert keyframe 107 at 545818.651622 with 14 new mappoints
I0331 18:41:20.314146 701266 ic_gvins.cc:746] Add new keyframe time node at 545818.651622
I0331 18:41:20.314190 701268 ic_gvins.cc:1851] Total 11 pose states from 545816.950402 to 545818.651622
I0331 18:41:20.315711 701268 ic_gvins.cc:1175] Add 10 preintegration, 2 GNSS, 296 reprojection
I0331 18:41:20.324616 701268 ic_gvins.cc:1184] Ceres Solver Report: Iterations: 6, Initial cost: 1.732364e+02, Final cost: 1.073633e+02, Termination: NO_CONVERGENCE
I0331 18:41:20.324854 701268 ic_gvins.cc:1294] Remove 6 reprojection factors
I0331 18:41:20.332744 701267 tracking.cc:452] Track 50 map points
I0331 18:41:20.338327 701268 ic_gvins.cc:1218] Ceres Solver Report: Iterations: 5, Initial cost: 8.281631e+01, Final cost: 7.812756e+01, Termination: CONVERGENCE
E0331 18:41:20.338399 701268 ic_gvins.cc:1324] Estimated extrinsic is too large, t:    3.2352   1.38592 -0.468603, R: 88.2252 1.75885 90.9297
I0331 18:41:20.339025 701268 ic_gvins.cc:1122] Culled 5 mappoint with 4 bad observed features 0, 0, 5
I0331 18:41:20.339645 701267 tracking.cc:571] Track 63 reference points
I0331 18:41:20.339834 701268 ic_gvins.cc:1428] Marginalize 1 states, last time 545817.117034
I0331 18:41:20.343183 701268 ic_gvins.cc:473] Optimization costs 29.0315 ms with 8.93099 and 13.5041 with marginalization costs 3.31184
I0331 18:41:20.343664 701267 tracking.cc:687] Add 30 new features to 113
I0331 18:41:20.343729 701266 misc.cc:220] Redo INS mechanization at 545818.651622 to 545818.708654 is 0.0570318 s
I0331 18:41:20.367041 701267 tracking.cc:452] Track 47 map points
I0331 18:41:20.373584 701267 tracking.cc:571] Track 74 reference points
I0331 18:41:20.376744 701267 tracking.cc:687] Add 23 new features to 121
I0331 18:41:20.396574 701267 tracking.cc:452] Track 45 map points
I0331 18:41:20.402820 701267 tracking.cc:571] Track 72 reference points
I0331 18:41:20.406561 701267 tracking.cc:687] Add 26 new features to 117
I0331 18:41:20.432315 701267 tracking.cc:452] Track 45 map points
I0331 18:41:20.439066 701267 tracking.cc:571] Track 73 reference points
I0331 18:41:20.442387 701267 tracking.cc:687] Add 25 new features to 118
I0331 18:41:20.468485 701267 tracking.cc:452] Track 45 map points
I0331 18:41:20.474710 701267 tracking.cc:571] Track 81 reference points
I0331 18:41:20.474756 701267 tracking.cc:279] Keyframe at 545818.818749, mappoints 45, interval 0.167127, parallax 15.4873
I0331 18:41:20.475014 701267 tracking.cc:795] Triangulate 15 3D points with 64 left, 37 reset, 0 outtime and 2 outliers
I0331 18:41:20.477432 701267 tracking.cc:687] Add 19 new features to 124
I0331 18:41:20.477718 701267 ic_gvins.cc:548] Tracking cost 16.1741 ms
I0331 18:41:20.478850 701266 ic_gvins.cc:741] Insert keyframe 108 at 545818.818749 with 15 new mappoints
I0331 18:41:20.479281 701266 ic_gvins.cc:746] Add new keyframe time node at 545818.818749
I0331 18:41:20.479332 701268 ic_gvins.cc:1851] Total 11 pose states from 545817.117034 to 545818.818749
I0331 18:41:20.480975 701268 ic_gvins.cc:1175] Add 10 preintegration, 1 GNSS, 306 reprojection
I0331 18:41:20.490909 701268 ic_gvins.cc:1184] Ceres Solver Report: Iterations: 6, Initial cost: 1.876244e+02, Final cost: 1.025433e+02, Termination: NO_CONVERGENCE
I0331 18:41:20.491118 701268 ic_gvins.cc:1294] Remove 4 reprojection factors
I0331 18:41:20.497056 701267 tracking.cc:452] Track 59 map points
I0331 18:41:20.502394 701268 ic_gvins.cc:1218] Ceres Solver Report: Iterations: 5, Initial cost: 8.329508e+01, Final cost: 8.155979e+01, Termination: CONVERGENCE
E0331 18:41:20.502450 701268 ic_gvins.cc:1324] Estimated extrinsic is too large, t:   3.24414   1.41383 -0.516228, R: 88.2578  1.3092 90.9427
I0331 18:41:20.502943 701268 ic_gvins.cc:1122] Culled 11 mappoint with 3 bad observed features 0, 0, 11
I0331 18:41:20.503381 701267 tracking.cc:571] Track 66 reference points
I0331 18:41:20.503640 701268 ic_gvins.cc:1428] Marginalize 1 states, last time 545817.284362
I0331 18:41:20.505340 701268 ic_gvins.cc:473] Optimization costs 26.039 ms with 9.94005 and 11.3053 with marginalization costs 1.75454
I0331 18:41:20.505882 701267 tracking.cc:687] Add 20 new features to 125
I0331 18:41:20.508695 701266 misc.cc:220] Redo INS mechanization at 545818.818749 to 545818.873699 is 0.0549495 s
I0331 18:41:20.531708 701267 tracking.cc:452] Track 43 map points
I0331 18:41:20.541281 701267 tracking.cc:571] Track 70 reference points
I0331 18:41:20.544770 701267 tracking.cc:687] Add 31 new features to 113
I0331 18:41:20.567070 701267 tracking.cc:452] Track 40 map points
I0331 18:41:20.573464 701267 tracking.cc:571] Track 75 reference points
I0331 18:41:20.576627 701267 tracking.cc:687] Add 30 new features to 115
I0331 18:41:20.596520 701267 tracking.cc:452] Track 38 map points
I0331 18:41:20.602841 701267 tracking.cc:571] Track 95 reference points
I0331 18:41:20.605124 701267 tracking.cc:687] Add 13 new features to 133
I0331 18:41:20.631086 701267 tracking.cc:452] Track 37 map points
I0331 18:41:20.637961 701267 tracking.cc:571] Track 90 reference points
I0331 18:41:20.638015 701267 tracking.cc:279] Keyframe at 545818.985437, mappoints 37, interval 0.166688, parallax 18.3596
I0331 18:41:20.638248 701267 tracking.cc:795] Triangulate 12 3D points with 73 left, 47 reset, 0 outtime and 5 outliers
I0331 18:41:20.640695 701267 tracking.cc:687] Add 20 new features to 122
I0331 18:41:20.640987 701267 ic_gvins.cc:548] Tracking cost 16.6814 ms
I0331 18:41:20.643494 701266 ic_gvins.cc:741] Insert keyframe 109 at 545818.985437 with 12 new mappoints
I0331 18:41:20.643941 701266 ic_gvins.cc:746] Add new keyframe time node at 545818.985437
I0331 18:41:20.643985 701268 ic_gvins.cc:1851] Total 11 pose states from 545817.284362 to 545818.985437
I0331 18:41:20.645313 701268 ic_gvins.cc:1175] Add 10 preintegration, 1 GNSS, 244 reprojection
I0331 18:41:20.653393 701268 ic_gvins.cc:1184] Ceres Solver Report: Iterations: 6, Initial cost: 1.416834e+02, Final cost: 8.165886e+01, Termination: NO_CONVERGENCE
I0331 18:41:20.653570 701268 ic_gvins.cc:1294] Remove 3 reprojection factors
I0331 18:41:20.661717 701268 ic_gvins.cc:1218] Ceres Solver Report: Iterations: 6, Initial cost: 6.736975e+01, Final cost: 6.684240e+01, Termination: CONVERGENCE
E0331 18:41:20.661768 701268 ic_gvins.cc:1324] Estimated extrinsic is too large, t:   3.17446   1.22625 -0.542941, R: 88.2733 2.26593 90.8956
I0331 18:41:20.662190 701268 ic_gvins.cc:1122] Culled 6 mappoint with 2 bad observed features 0, 0, 6
I0331 18:41:20.664311 701268 ic_gvins.cc:1428] Marginalize 1 states, last time 545817.451162
E0331 18:41:20.664395 701216 ic_gvins.cc:172] Lost IMU data with at 545819.028 dt 0.009
E0331 18:41:20.664484 701216 ic_gvins.cc:182] Append extra IMU data at 545819.023699
I0331 18:41:20.666021 701268 ic_gvins.cc:473] Optimization costs 22.0666 ms with 8.11028 and 8.17534 with marginalization costs 1.74686
I0331 18:41:20.668795 701266 misc.cc:220] Redo INS mechanization at 545818.985437 to 545819.033694 is 0.0482567 s
I0331 18:41:20.669525 701267 tracking.cc:452] Track 41 map points
I0331 18:41:20.675734 701267 tracking.cc:571] Track 71 reference points
I0331 18:41:20.679826 701267 tracking.cc:687] Add 32 new features to 112
I0331 18:41:20.696278 701267 tracking.cc:452] Track 38 map points
I0331 18:41:20.702538 701267 tracking.cc:571] Track 75 reference points
I0331 18:41:20.705658 701267 tracking.cc:687] Add 31 new features to 113
I0331 18:41:20.726873 701216 fusion_ros.cc:232] Raw data time 545819.088676, 545818.124273, 545819.072668
I0331 18:41:20.730541 701267 tracking.cc:452] Track 38 map points
I0331 18:41:20.737017 701267 tracking.cc:571] Track 80 reference points
I0331 18:41:20.740262 701267 tracking.cc:687] Add 24 new features to 118
I0331 18:41:20.761070 701267 tracking.cc:452] Track 37 map points
I0331 18:41:20.767432 701267 tracking.cc:571] Track 84 reference points
I0331 18:41:20.770789 701267 tracking.cc:687] Add 22 new features to 121
I0331 18:41:20.796372 701267 tracking.cc:452] Track 37 map points
I0331 18:41:20.803054 701267 tracking.cc:571] Track 87 reference points
I0331 18:41:20.803098 701267 tracking.cc:279] Keyframe at 545819.151873, mappoints 37, interval 0.166436, parallax 17.43
I0331 18:41:20.803368 701267 tracking.cc:795] Triangulate 22 3D points with 60 left, 36 reset, 3 outtime and 2 outliers
I0331 18:41:20.806612 701267 tracking.cc:687] Add 23 new features to 119
I0331 18:41:20.806910 701267 ic_gvins.cc:548] Tracking cost 17.9596 ms
I0331 18:41:20.809309 701266 ic_gvins.cc:741] Insert keyframe 110 at 545819.151873 with 22 new mappoints
I0331 18:41:20.809768 701266 ic_gvins.cc:746] Add new keyframe time node at 545819.151873
I0331 18:41:20.809789 701266 ic_gvins.cc:856] Add new GNSS 545819.130082 align to 545819.151873
I0331 18:41:20.809829 701268 ic_gvins.cc:1851] Total 11 pose states from 545817.451162 to 545819.151873
I0331 18:41:20.811177 701268 ic_gvins.cc:1175] Add 10 preintegration, 2 GNSS, 235 reprojection
I0331 18:41:20.818886 701268 ic_gvins.cc:1184] Ceres Solver Report: Iterations: 6, Initial cost: 1.618535e+02, Final cost: 8.542210e+01, Termination: NO_CONVERGENCE
I0331 18:41:20.819075 701268 ic_gvins.cc:1294] Remove 3 reprojection factors
I0331 18:41:20.825063 701268 ic_gvins.cc:1218] Ceres Solver Report: Iterations: 4, Initial cost: 6.524947e+01, Final cost: 6.443711e+01, Termination: CONVERGENCE
E0331 18:41:20.825115 701268 ic_gvins.cc:1324] Estimated extrinsic is too large, t:   2.93725   1.22877 -0.455109, R:  88.306 1.69058 90.9104
I0331 18:41:20.825546 701268 ic_gvins.cc:1122] Culled 4 mappoint with 3 bad observed features 0, 0, 4
I0331 18:41:20.826138 701268 ic_gvins.cc:1428] Marginalize 1 states, last time 545817.618025
I0331 18:41:20.827587 701268 ic_gvins.cc:473] Optimization costs 17.7883 ms with 7.736 and 6.0086 with marginalization costs 1.46088
I0331 18:41:20.830958 701266 misc.cc:220] Redo INS mechanization at 545819.151873 to 545819.193707 is 0.0418337 s
I0331 18:41:20.831947 701267 tracking.cc:452] Track 55 map points
I0331 18:41:20.838352 701267 tracking.cc:571] Track 65 reference points
I0331 18:41:20.840759 701267 tracking.cc:687] Add 23 new features to 120
I0331 18:41:20.869400 701267 tracking.cc:452] Track 51 map points
I0331 18:41:20.875648 701267 tracking.cc:571] Track 70 reference points
I0331 18:41:20.878057 701267 tracking.cc:687] Add 22 new features to 121
I0331 18:41:20.897114 701267 tracking.cc:452] Track 49 map points
I0331 18:41:20.904477 701267 tracking.cc:571] Track 69 reference points
I0331 18:41:20.907989 701267 tracking.cc:687] Add 26 new features to 118
I0331 18:41:20.931521 701267 tracking.cc:452] Track 49 map points
I0331 18:41:20.937973 701267 tracking.cc:571] Track 73 reference points
I0331 18:41:20.940419 701267 tracking.cc:687] Add 22 new features to 122
I0331 18:41:20.968139 701267 tracking.cc:452] Track 47 map points
I0331 18:41:20.974566 701267 tracking.cc:571] Track 82 reference points
I0331 18:41:20.974609 701267 tracking.cc:279] Keyframe at 545819.318940, mappoints 47, interval 0.167067, parallax 15.4102
I0331 18:41:20.974872 701267 tracking.cc:795] Triangulate 16 3D points with 66 left, 31 reset, 0 outtime and 0 outliers
I0331 18:41:20.977182 701267 tracking.cc:687] Add 14 new features to 129
I0331 18:41:20.977449 701267 ic_gvins.cc:548] Tracking cost 16.4333 ms
I0331 18:41:20.978690 701266 ic_gvins.cc:741] Insert keyframe 111 at 545819.318940 with 16 new mappoints
I0331 18:41:20.979133 701266 ic_gvins.cc:746] Add new keyframe time node at 545819.318940
I0331 18:41:20.979189 701268 ic_gvins.cc:1851] Total 11 pose states from 545817.618025 to 545819.318940
I0331 18:41:20.980774 701268 ic_gvins.cc:1175] Add 10 preintegration, 2 GNSS, 254 reprojection
I0331 18:41:20.989290 701268 ic_gvins.cc:1184] Ceres Solver Report: Iterations: 6, Initial cost: 1.733583e+02, Final cost: 1.066105e+02, Termination: NO_CONVERGENCE
I0331 18:41:20.989569 701268 ic_gvins.cc:1294] Remove 5 reprojection factors
I0331 18:41:20.998807 701267 tracking.cc:452] Track 61 map points
I0331 18:41:21.001745 701268 ic_gvins.cc:1218] Ceres Solver Report: Iterations: 5, Initial cost: 7.236112e+01, Final cost: 7.155145e+01, Termination: CONVERGENCE
E0331 18:41:21.001807 701268 ic_gvins.cc:1324] Estimated extrinsic is too large, t:   3.01996   1.21748 -0.475163, R: 88.3015 2.25296 90.8869
I0331 18:41:21.002257 701268 ic_gvins.cc:1122] Culled 7 mappoint with 3 bad observed features 0, 0, 7
I0331 18:41:21.002903 701268 ic_gvins.cc:1428] Marginalize 1 states, last time 545817.784650
I0331 18:41:21.004648 701268 ic_gvins.cc:473] Optimization costs 25.4932 ms with 8.60606 and 12.2063 with marginalization costs 1.62946
I0331 18:41:21.005975 701267 tracking.cc:571] Track 61 reference points
I0331 18:41:21.008709 701266 misc.cc:220] Redo INS mechanization at 545819.318940 to 545819.373687 is 0.0547468 s
I0331 18:41:21.008826 701267 tracking.cc:687] Add 21 new features to 122
I0331 18:41:21.031116 701267 tracking.cc:452] Track 49 map points
I0331 18:41:21.037503 701267 tracking.cc:571] Track 64 reference points
E0331 18:41:21.039141 701216 ic_gvins.cc:172] Lost IMU data with at 545819.401 dt 0.012
E0331 18:41:21.039292 701216 ic_gvins.cc:182] Append extra IMU data at 545819.393685
I0331 18:41:21.041275 701267 tracking.cc:687] Add 31 new features to 113
I0331 18:41:21.068573 701267 tracking.cc:452] Track 48 map points
I0331 18:41:21.075163 701267 tracking.cc:571] Track 76 reference points
I0331 18:41:21.077543 701267 tracking.cc:687] Add 19 new features to 124
I0331 18:41:21.096452 701267 tracking.cc:452] Track 47 map points
I0331 18:41:21.102512 701267 tracking.cc:571] Track 81 reference points
I0331 18:41:21.104810 701267 tracking.cc:687] Add 14 new features to 128
I0331 18:41:21.130837 701267 tracking.cc:452] Track 44 map points
E0331 18:41:21.136446 701216 ic_gvins.cc:172] Lost IMU data with at 545819.501 dt 0.008
E0331 18:41:21.136575 701216 ic_gvins.cc:182] Append extra IMU data at 545819.498701
I0331 18:41:21.136953 701267 tracking.cc:571] Track 87 reference points
I0331 18:41:21.136978 701267 tracking.cc:279] Keyframe at 545819.485717, mappoints 44, interval 0.166776, parallax 15.504
I0331 18:41:21.137199 701267 tracking.cc:795] Triangulate 15 3D points with 72 left, 37 reset, 0 outtime and 0 outliers
I0331 18:41:21.139612 701267 tracking.cc:687] Add 12 new features to 131
I0331 18:41:21.139865 701267 ic_gvins.cc:548] Tracking cost 15.8827 ms
I0331 18:41:21.143708 701266 ic_gvins.cc:741] Insert keyframe 112 at 545819.485717 with 15 new mappoints
I0331 18:41:21.144171 701266 ic_gvins.cc:746] Add new keyframe time node at 545819.485717
I0331 18:41:21.144219 701268 ic_gvins.cc:1851] Total 11 pose states from 545817.784650 to 545819.485717
I0331 18:41:21.145563 701268 ic_gvins.cc:1175] Add 10 preintegration, 2 GNSS, 246 reprojection
I0331 18:41:21.152727 701268 ic_gvins.cc:1184] Ceres Solver Report: Iterations: 6, Initial cost: 1.369998e+02, Final cost: 8.077955e+01, Termination: NO_CONVERGENCE
I0331 18:41:21.152890 701268 ic_gvins.cc:1294] Remove 2 reprojection factors
I0331 18:41:21.158469 701268 ic_gvins.cc:1218] Ceres Solver Report: Iterations: 4, Initial cost: 7.600694e+01, Final cost: 7.556832e+01, Termination: CONVERGENCE
E0331 18:41:21.158509 701268 ic_gvins.cc:1324] Estimated extrinsic is too large, t:   2.93536   1.25564 -0.463626, R: 88.3243 2.24757 90.8895
I0331 18:41:21.158978 701268 ic_gvins.cc:1122] Culled 9 mappoint with 1 bad observed features 0, 0, 9
I0331 18:41:21.159670 701268 ic_gvins.cc:1428] Marginalize 1 states, last time 545817.951405
I0331 18:41:21.160830 701268 ic_gvins.cc:473] Optimization costs 16.6411 ms with 7.18921 and 5.59189 with marginalization costs 1.12241
I0331 18:41:21.160830 701266 misc.cc:220] Redo INS mechanization at 545819.485717 to 545819.523707 is 0.0379903 s
E0331 18:41:21.168304 701216 ic_gvins.cc:172] Lost IMU data with at 545819.533 dt 0.009
E0331 18:41:21.168437 701216 ic_gvins.cc:182] Append extra IMU data at 545819.528707
I0331 18:41:21.170307 701267 tracking.cc:452] Track 51 map points
I0331 18:41:21.176927 701267 tracking.cc:571] Track 71 reference points
I0331 18:41:21.181161 701267 tracking.cc:687] Add 21 new features to 122
I0331 18:41:21.195994 701267 tracking.cc:452] Track 48 map points
I0331 18:41:21.203084 701267 tracking.cc:571] Track 75 reference points
I0331 18:41:21.206235 701267 tracking.cc:687] Add 20 new features to 123
I0331 18:41:21.231829 701267 tracking.cc:452] Track 47 map points
I0331 18:41:21.238549 701267 tracking.cc:571] Track 81 reference points
I0331 18:41:21.241772 701267 tracking.cc:687] Add 15 new features to 128
I0331 18:41:21.272010 701267 tracking.cc:452] Track 46 map points
I0331 18:41:21.278342 701267 tracking.cc:571] Track 85 reference points
I0331 18:41:21.280061 701267 tracking.cc:687] Add 10 new features to 131
I0331 18:41:21.295580 701267 tracking.cc:452] Track 46 map points
I0331 18:41:21.301944 701267 tracking.cc:571] Track 81 reference points
I0331 18:41:21.301995 701267 tracking.cc:279] Keyframe at 545819.652156, mappoints 46, interval 0.166439, parallax 17.0508
I0331 18:41:21.302268 701267 tracking.cc:795] Triangulate 20 3D points with 60 left, 28 reset, 0 outtime and 1 outliers
I0331 18:41:21.305454 701267 tracking.cc:687] Add 15 new features to 126
I0331 18:41:21.305743 701267 ic_gvins.cc:548] Tracking cost 16.9964 ms
I0331 18:41:21.308946 701266 ic_gvins.cc:741] Insert keyframe 113 at 545819.652156 with 20 new mappoints
I0331 18:41:21.309399 701266 ic_gvins.cc:746] Add new keyframe time node at 545819.652156
I0331 18:41:21.309437 701268 ic_gvins.cc:1851] Total 11 pose states from 545817.951405 to 545819.652156
I0331 18:41:21.310887 701268 ic_gvins.cc:1175] Add 10 preintegration, 2 GNSS, 272 reprojection
I0331 18:41:21.321357 701268 ic_gvins.cc:1184] Ceres Solver Report: Iterations: 6, Initial cost: 1.373391e+02, Final cost: 7.445850e+01, Termination: NO_CONVERGENCE
I0331 18:41:21.321544 701268 ic_gvins.cc:1294] Remove 2 reprojection factors
I0331 18:41:21.331594 701268 ic_gvins.cc:1218] Ceres Solver Report: Iterations: 5, Initial cost: 6.791887e+01, Final cost: 6.748870e+01, Termination: CONVERGENCE
E0331 18:41:21.331655 701268 ic_gvins.cc:1324] Estimated extrinsic is too large, t:   3.11966   1.40434 -0.438705, R: 88.3078 2.17031 90.9038
I0331 18:41:21.332134 701268 ic_gvins.cc:1122] Culled 6 mappoint with 1 bad observed features 0, 0, 6
I0331 18:41:21.332749 701268 ic_gvins.cc:1428] Marginalize 1 states, last time 545818.118139
I0331 18:41:21.334080 701267 tracking.cc:452] Track 66 map points
I0331 18:41:21.334187 701268 ic_gvins.cc:473] Optimization costs 24.7683 ms with 10.504 and 10.0794 with marginalization costs 1.41048
I0331 18:41:21.338734 701266 misc.cc:220] Redo INS mechanization at 545819.652156 to 545819.703698 is 0.0515421 s
I0331 18:41:21.340250 701267 tracking.cc:571] Track 62 reference points
I0331 18:41:21.343242 701267 tracking.cc:687] Add 14 new features to 128
I0331 18:41:21.366379 701267 tracking.cc:452] Track 57 map points
E0331 18:41:21.369642 701216 ic_gvins.cc:172] Lost IMU data with at 545819.733 dt 0.009
E0331 18:41:21.369762 701216 ic_gvins.cc:182] Append extra IMU data at 545819.728702
I0331 18:41:21.372711 701267 tracking.cc:571] Track 63 reference points
I0331 18:41:21.375202 701267 tracking.cc:687] Add 22 new features to 120
I0331 18:41:21.393144 701216 fusion_ros.cc:232] Raw data time 545819.753698, 545819.130082, 545819.739383
I0331 18:41:21.396342 701267 tracking.cc:452] Track 55 map points
I0331 18:41:21.402431 701267 tracking.cc:571] Track 73 reference points
I0331 18:41:21.405309 701267 tracking.cc:687] Add 14 new features to 128
I0331 18:41:21.432248 701267 tracking.cc:452] Track 55 map points
I0331 18:41:21.438448 701267 tracking.cc:571] Track 71 reference points
I0331 18:41:21.441215 701267 tracking.cc:687] Add 16 new features to 126
I0331 18:41:21.467490 701267 tracking.cc:452] Track 55 map points
I0331 18:41:21.473757 701267 tracking.cc:571] Track 76 reference points
I0331 18:41:21.473877 701267 tracking.cc:279] Keyframe at 545819.818776, mappoints 55, interval 0.16662, parallax 16.2564
I0331 18:41:21.474128 701267 tracking.cc:795] Triangulate 13 3D points with 60 left, 33 reset, 3 outtime and 0 outliers
I0331 18:41:21.476369 701267 tracking.cc:687] Add 12 new features to 128
I0331 18:41:21.476635 701267 ic_gvins.cc:548] Tracking cost 16.2373 ms
I0331 18:41:21.479175 701266 ic_gvins.cc:741] Insert keyframe 114 at 545819.818776 with 13 new mappoints
I0331 18:41:21.479620 701266 ic_gvins.cc:746] Add new keyframe time node at 545819.818776
I0331 18:41:21.479662 701268 ic_gvins.cc:1851] Total 11 pose states from 545818.118139 to 545819.818776
I0331 18:41:21.481248 701268 ic_gvins.cc:1175] Add 10 preintegration, 1 GNSS, 296 reprojection
I0331 18:41:21.488438 701268 ic_gvins.cc:1184] Ceres Solver Report: Iterations: 5, Initial cost: 1.417029e+02, Final cost: 7.090529e+01, Termination: CONVERGENCE
I0331 18:41:21.488642 701268 ic_gvins.cc:1294] Remove 2 reprojection factors
I0331 18:41:21.497124 701268 ic_gvins.cc:1218] Ceres Solver Report: Iterations: 4, Initial cost: 6.310761e+01, Final cost: 6.272380e+01, Termination: CONVERGENCE
E0331 18:41:21.497182 701268 ic_gvins.cc:1324] Estimated extrinsic is too large, t:   3.20342   1.32754 -0.415605, R: 88.3466 1.52849 90.9308
I0331 18:41:21.497658 701268 ic_gvins.cc:1122] Culled 3 mappoint with 1 bad observed features 0, 0, 3
I0331 18:41:21.498500 701268 ic_gvins.cc:1428] Marginalize 1 states, last time 545818.318092
I0331 18:41:21.500026 701268 ic_gvins.cc:473] Optimization costs 20.3875 ms with 7.21462 and 8.51127 with marginalization costs 1.54542
I0331 18:41:21.500883 701267 tracking.cc:452] Track 66 map points
I0331 18:41:21.503819 701266 misc.cc:220] Redo INS mechanization at 545819.818776 to 545819.868689 is 0.0499134 s
I0331 18:41:21.506999 701267 tracking.cc:571] Track 60 reference points
I0331 18:41:21.509465 701267 tracking.cc:687] Add 15 new features to 126
I0331 18:41:21.532001 701267 tracking.cc:452] Track 61 map points
I0331 18:41:21.538312 701267 tracking.cc:571] Track 62 reference points
I0331 18:41:21.541446 701267 tracking.cc:687] Add 17 new features to 123
I0331 18:41:21.567157 701267 tracking.cc:452] Track 59 map points
I0331 18:41:21.573421 701267 tracking.cc:571] Track 75 reference points
I0331 18:41:21.576543 701267 tracking.cc:687] Add 5 new features to 134
I0331 18:41:21.596697 701267 tracking.cc:452] Track 58 map points
I0331 18:41:21.602861 701267 tracking.cc:571] Track 68 reference points
I0331 18:41:21.605299 701267 tracking.cc:687] Add 11 new features to 126
I0331 18:41:21.632725 701267 tracking.cc:452] Track 58 map points
I0331 18:41:21.640390 701267 tracking.cc:571] Track 72 reference points
I0331 18:41:21.640440 701267 tracking.cc:279] Keyframe at 545819.985436, mappoints 58, interval 0.16666, parallax 16.8732
I0331 18:41:21.641373 701267 tracking.cc:795] Triangulate 16 3D points with 55 left, 22 reset, 0 outtime and 1 outliers
I0331 18:41:21.645845 701267 tracking.cc:687] Add 10 new features to 129
I0331 18:41:21.646119 701267 ic_gvins.cc:548] Tracking cost 21.6132 ms
I0331 18:41:21.648630 701266 ic_gvins.cc:741] Insert keyframe 115 at 545819.985436 with 16 new mappoints
I0331 18:41:21.649081 701266 ic_gvins.cc:746] Add new keyframe time node at 545819.985436
I0331 18:41:21.649117 701268 ic_gvins.cc:1851] Total 11 pose states from 545818.318092 to 545819.985436
I0331 18:41:21.650712 701268 ic_gvins.cc:1175] Add 10 preintegration, 1 GNSS, 332 reprojection
I0331 18:41:21.657230 701268 ic_gvins.cc:1184] Ceres Solver Report: Iterations: 6, Initial cost: 1.725468e+02, Final cost: 8.575502e+01, Termination: NO_CONVERGENCE
I0331 18:41:21.657438 701268 ic_gvins.cc:1294] Remove 3 reprojection factors
I0331 18:41:21.665616 701268 ic_gvins.cc:1218] Ceres Solver Report: Iterations: 5, Initial cost: 7.462749e+01, Final cost: 7.403539e+01, Termination: CONVERGENCE
E0331 18:41:21.665684 701268 ic_gvins.cc:1324] Estimated extrinsic is too large, t:   3.15348   1.39701 -0.390102, R: 88.3347 1.05656 90.9436
I0331 18:41:21.666204 701268 ic_gvins.cc:1122] Culled 7 mappoint with 1 bad observed features 0, 0, 7
I0331 18:41:21.667006 701268 ic_gvins.cc:1428] Marginalize 1 states, last time 545818.484803
I0331 18:41:21.668532 701268 ic_gvins.cc:473] Optimization costs 19.44 ms with 6.55206 and 8.22244 with marginalization costs 1.36984
I0331 18:41:21.669642 701266 misc.cc:220] Redo INS mechanization at 545819.985436 to 545820.034634 is 0.0491981 s
I0331 18:41:21.672641 701267 tracking.cc:452] Track 73 map points
I0331 18:41:21.678879 701267 tracking.cc:571] Track 57 reference points
I0331 18:41:21.681175 701267 tracking.cc:687] Add 9 new features to 130
I0331 18:41:21.696246 701267 tracking.cc:452] Track 64 map points
I0331 18:41:21.704239 701267 tracking.cc:571] Track 58 reference points
I0331 18:41:21.708058 701267 tracking.cc:687] Add 17 new features to 122
I0331 18:41:21.732110 701267 tracking.cc:452] Track 64 map points
I0331 18:41:21.738395 701267 tracking.cc:571] Track 62 reference points
I0331 18:41:21.741438 701267 tracking.cc:687] Add 14 new features to 126
I0331 18:41:21.768406 701267 tracking.cc:452] Track 62 map points
E0331 18:41:21.771476 701216 ic_gvins.cc:172] Lost IMU data with at 545820.137 dt 0.008
E0331 18:41:21.771598 701216 ic_gvins.cc:182] Append extra IMU data at 545820.133673
I0331 18:41:21.774947 701267 tracking.cc:571] Track 66 reference points
I0331 18:41:21.777616 701267 tracking.cc:687] Add 12 new features to 128
I0331 18:41:21.797164 701267 tracking.cc:452] Track 58 map points
I0331 18:41:21.803409 701267 tracking.cc:571] Track 68 reference points
I0331 18:41:21.803458 701267 tracking.cc:279] Keyframe at 545820.152288, mappoints 58, interval 0.166851, parallax 16.912
I0331 18:41:21.803714 701267 tracking.cc:795] Triangulate 11 3D points with 56 left, 24 reset, 0 outtime and 1 outliers
I0331 18:41:21.806053 701267 tracking.cc:687] Add 16 new features to 125
I0331 18:41:21.806327 701267 ic_gvins.cc:548] Tracking cost 16.9141 ms
I0331 18:41:21.808787 701266 ic_gvins.cc:741] Insert keyframe 116 at 545820.152288 with 11 new mappoints
I0331 18:41:21.809231 701266 ic_gvins.cc:746] Add new keyframe time node at 545820.152288
I0331 18:41:21.809257 701266 ic_gvins.cc:856] Add new GNSS 545820.135975 align to 545820.152288
I0331 18:41:21.809291 701268 ic_gvins.cc:1851] Total 11 pose states from 545818.484803 to 545820.152288
I0331 18:41:21.810942 701268 ic_gvins.cc:1175] Add 10 preintegration, 2 GNSS, 353 reprojection
I0331 18:41:21.819672 701268 ic_gvins.cc:1184] Ceres Solver Report: Iterations: 6, Initial cost: 1.782777e+02, Final cost: 9.168045e+01, Termination: NO_CONVERGENCE
I0331 18:41:21.819891 701268 ic_gvins.cc:1294] Remove 4 reprojection factors
I0331 18:41:21.830956 701268 ic_gvins.cc:1218] Ceres Solver Report: Iterations: 6, Initial cost: 8.121775e+01, Final cost: 8.012134e+01, Termination: CONVERGENCE
E0331 18:41:21.831010 701268 ic_gvins.cc:1324] Estimated extrinsic is too large, t:   2.73822   1.24394 -0.487174, R: 88.3423 2.82632 90.8569
I0331 18:41:21.831504 701268 ic_gvins.cc:1122] Culled 5 mappoint with 2 bad observed features 0, 0, 5
I0331 18:41:21.832139 701268 ic_gvins.cc:1428] Marginalize 1 states, last time 545818.651622
I0331 18:41:21.833562 701268 ic_gvins.cc:473] Optimization costs 24.2897 ms with 8.75768 and 11.0887 with marginalization costs 1.48788
I0331 18:41:21.835335 701266 misc.cc:220] Redo INS mechanization at 545820.152288 to 545820.198698 is 0.0464101 s
I0331 18:41:21.836612 701267 tracking.cc:452] Track 65 map points
I0331 18:41:21.844470 701267 tracking.cc:571] Track 60 reference points
I0331 18:41:21.846822 701267 tracking.cc:687] Add 15 new features to 125
I0331 18:41:21.869083 701267 tracking.cc:452] Track 56 map points
I0331 18:41:21.875110 701267 tracking.cc:571] Track 62 reference points
I0331 18:41:21.877861 701267 tracking.cc:687] Add 25 new features to 118
I0331 18:41:21.897269 701267 tracking.cc:452] Track 54 map points
I0331 18:41:21.903820 701267 tracking.cc:571] Track 78 reference points
I0331 18:41:21.906880 701267 tracking.cc:687] Add 11 new features to 132
I0331 18:41:21.935398 701267 tracking.cc:452] Track 54 map points
I0331 18:41:21.944772 701267 tracking.cc:571] Track 76 reference points
I0331 18:41:21.947305 701267 tracking.cc:687] Add 11 new features to 130
I0331 18:41:21.970681 701267 tracking.cc:452] Track 51 map points
I0331 18:41:21.978443 701267 tracking.cc:571] Track 73 reference points
I0331 18:41:21.978492 701267 tracking.cc:279] Keyframe at 545820.319111, mappoints 51, interval 0.166823, parallax 17.6597
I0331 18:41:21.978768 701267 tracking.cc:795] Triangulate 19 3D points with 52 left, 28 reset, 2 outtime and 0 outliers
I0331 18:41:21.981892 701267 tracking.cc:687] Add 21 new features to 122
I0331 18:41:21.982179 701267 ic_gvins.cc:548] Tracking cost 20.9734 ms
I0331 18:41:21.983896 701266 ic_gvins.cc:741] Insert keyframe 117 at 545820.319111 with 19 new mappoints
I0331 18:41:21.984393 701266 ic_gvins.cc:746] Add new keyframe time node at 545820.319111
I0331 18:41:21.984437 701268 ic_gvins.cc:1851] Total 11 pose states from 545818.651622 to 545820.319111
I0331 18:41:21.986176 701268 ic_gvins.cc:1175] Add 10 preintegration, 2 GNSS, 370 reprojection
I0331 18:41:21.994371 701268 ic_gvins.cc:1184] Ceres Solver Report: Iterations: 6, Initial cost: 1.804516e+02, Final cost: 1.037613e+02, Termination: NO_CONVERGENCE
I0331 18:41:21.994621 701268 ic_gvins.cc:1294] Remove 2 reprojection factors
I0331 18:41:22.002199 701268 ic_gvins.cc:1218] Ceres Solver Report: Iterations: 5, Initial cost: 9.555320e+01, Final cost: 9.481068e+01, Termination: CONVERGENCE
E0331 18:41:22.002250 701268 ic_gvins.cc:1324] Estimated extrinsic is too large, t:   2.50522   1.14596 -0.485909, R: 88.3471 2.63236 90.8589
I0331 18:41:22.002748 701268 ic_gvins.cc:1122] Culled 5 mappoint with 2 bad observed features 0, 0, 5
I0331 18:41:22.003335 701268 ic_gvins.cc:1428] Marginalize 1 states, last time 545818.818749
I0331 18:41:22.004721 701268 ic_gvins.cc:473] Optimization costs 20.3084 ms with 8.23658 and 7.59661 with marginalization costs 1.38059
I0331 18:41:22.005375 701267 tracking.cc:452] Track 67 map points
I0331 18:41:22.009863 701266 misc.cc:220] Redo INS mechanization at 545820.319111 to 545820.373685 is 0.0545737 s
I0331 18:41:22.012524 701267 tracking.cc:571] Track 65 reference points
I0331 18:41:22.015661 701267 tracking.cc:687] Add 10 new features to 132
I0331 18:41:22.033604 701267 tracking.cc:452] Track 60 map points
I0331 18:41:22.041822 701267 tracking.cc:571] Track 59 reference points
I0331 18:41:22.045055 701267 tracking.cc:687] Add 24 new features to 119
I0331 18:41:22.060496 701216 fusion_ros.cc:232] Raw data time 545820.423698, 545820.135975, 545820.406098
I0331 18:41:22.066316 701267 tracking.cc:452] Track 59 map points
I0331 18:41:22.072685 701267 tracking.cc:571] Track 71 reference points
I0331 18:41:22.076484 701267 tracking.cc:687] Add 13 new features to 130
I0331 18:41:22.100406 701267 tracking.cc:452] Track 55 map points
I0331 18:41:22.107148 701267 tracking.cc:571] Track 66 reference points
I0331 18:41:22.110316 701267 tracking.cc:687] Add 19 new features to 121
I0331 18:41:22.132756 701267 tracking.cc:452] Track 53 map points
I0331 18:41:22.140801 701267 tracking.cc:571] Track 71 reference points
I0331 18:41:22.140854 701267 tracking.cc:279] Keyframe at 545820.485949, mappoints 53, interval 0.166838, parallax 16.197
I0331 18:41:22.141101 701267 tracking.cc:795] Triangulate 9 3D points with 59 left, 28 reset, 3 outtime and 0 outliers
I0331 18:41:22.143442 701267 tracking.cc:687] Add 20 new features to 121
I0331 18:41:22.143740 701267 ic_gvins.cc:548] Tracking cost 19.476 ms
I0331 18:41:22.143954 701266 ic_gvins.cc:741] Insert keyframe 118 at 545820.485949 with 9 new mappoints
I0331 18:41:22.144445 701266 ic_gvins.cc:746] Add new keyframe time node at 545820.485949
I0331 18:41:22.144482 701268 ic_gvins.cc:1851] Total 11 pose states from 545818.818749 to 545820.485949
I0331 18:41:22.146216 701268 ic_gvins.cc:1175] Add 10 preintegration, 2 GNSS, 372 reprojection
I0331 18:41:22.155565 701268 ic_gvins.cc:1184] Ceres Solver Report: Iterations: 6, Initial cost: 1.947098e+02, Final cost: 1.200735e+02, Termination: NO_CONVERGENCE
I0331 18:41:22.155875 701268 ic_gvins.cc:1294] Remove 4 reprojection factors
I0331 18:41:22.166133 701268 ic_gvins.cc:1218] Ceres Solver Report: Iterations: 5, Initial cost: 1.011022e+02, Final cost: 9.735513e+01, Termination: CONVERGENCE
E0331 18:41:22.166193 701268 ic_gvins.cc:1324] Estimated extrinsic is too large, t:   2.48822   1.17975 -0.529515, R: 88.3502  2.8069 90.8499
I0331 18:41:22.166744 701268 ic_gvins.cc:1122] Culled 6 mappoint with 2 bad observed features 0, 0, 6
I0331 18:41:22.167594 701268 ic_gvins.cc:1428] Marginalize 1 states, last time 545818.985437
I0331 18:41:22.168159 701267 tracking.cc:452] Track 58 map points
I0331 18:41:22.168725 701268 ic_gvins.cc:473] Optimization costs 24.2632 ms with 9.45701 and 10.2834 with marginalization costs 1.1771
I0331 18:41:22.168881 701266 misc.cc:220] Redo INS mechanization at 545820.485949 to 545820.533703 is 0.0477539 s
I0331 18:41:22.174757 701267 tracking.cc:571] Track 68 reference points
I0331 18:41:22.177210 701267 tracking.cc:687] Add 14 new features to 126
I0331 18:41:22.200402 701267 tracking.cc:452] Track 52 map points
I0331 18:41:22.206880 701267 tracking.cc:571] Track 69 reference points
I0331 18:41:22.209993 701267 tracking.cc:687] Add 21 new features to 121
I0331 18:41:22.237262 701267 tracking.cc:452] Track 52 map points
I0331 18:41:22.247323 701267 tracking.cc:571] Track 77 reference points
I0331 18:41:22.250679 701267 tracking.cc:687] Add 14 new features to 129
I0331 18:41:22.269145 701267 tracking.cc:452] Track 50 map points
I0331 18:41:22.276242 701267 tracking.cc:571] Track 68 reference points
I0331 18:41:22.276294 701267 tracking.cc:279] Keyframe at 545820.619519, mappoints 50, interval 0.13357, parallax 15.1459
I0331 18:41:22.276531 701267 tracking.cc:795] Triangulate 15 3D points with 53 left, 22 reset, 0 outtime and 0 outliers
I0331 18:41:22.279657 701267 tracking.cc:687] Add 25 new features to 118
I0331 18:41:22.279932 701267 ic_gvins.cc:548] Tracking cost 18.5094 ms
I0331 18:41:22.283540 701266 ic_gvins.cc:741] Insert keyframe 119 at 545820.619519 with 15 new mappoints
I0331 18:41:22.283931 701266 ic_gvins.cc:746] Add new keyframe time node at 545820.619519
I0331 18:41:22.283983 701268 ic_gvins.cc:1851] Total 11 pose states from 545818.985437 to 545820.619519
I0331 18:41:22.285779 701268 ic_gvins.cc:1175] Add 10 preintegration, 2 GNSS, 390 reprojection
I0331 18:41:22.297811 701268 ic_gvins.cc:1184] Ceres Solver Report: Iterations: 6, Initial cost: 2.168058e+02, Final cost: 1.286303e+02, Termination: NO_CONVERGENCE
I0331 18:41:22.298045 701268 ic_gvins.cc:1294] Remove 3 reprojection factors
I0331 18:41:22.299947 701267 tracking.cc:452] Track 61 map points
I0331 18:41:22.306593 701268 ic_gvins.cc:1218] Ceres Solver Report: Iterations: 5, Initial cost: 1.020049e+02, Final cost: 9.639885e+01, Termination: CONVERGENCE
E0331 18:41:22.306648 701268 ic_gvins.cc:1324] Estimated extrinsic is too large, t:   2.63669   1.27351 -0.468704, R:  88.345 2.32184 90.8816
I0331 18:41:22.307184 701268 ic_gvins.cc:1122] Culled 9 mappoint with 2 bad observed features 0, 0, 9
I0331 18:41:22.307818 701268 ic_gvins.cc:1428] Marginalize 1 states, last time 545819.151873
I0331 18:41:22.309273 701268 ic_gvins.cc:473] Optimization costs 25.3095 ms with 12.0543 and 8.57419 with marginalization costs 1.49812
I0331 18:41:22.310521 701267 tracking.cc:571] Track 65 reference points
I0331 18:41:22.312963 701267 tracking.cc:687] Add 16 new features to 126
I0331 18:41:22.313779 701266 misc.cc:220] Redo INS mechanization at 545820.619519 to 545820.678688 is 0.0591683 s
I0331 18:41:22.332417 701267 tracking.cc:452] Track 49 map points
I0331 18:41:22.338845 701267 tracking.cc:571] Track 64 reference points
I0331 18:41:22.342765 701267 tracking.cc:687] Add 29 new features to 113
E0331 18:41:22.356467 701216 ic_gvins.cc:172] Lost IMU data with at 545820.721 dt 0.008
E0331 18:41:22.356592 701216 ic_gvins.cc:182] Append extra IMU data at 545820.718687
I0331 18:41:22.368062 701267 tracking.cc:452] Track 48 map points
I0331 18:41:22.375563 701267 tracking.cc:571] Track 77 reference points
I0331 18:41:22.378650 701267 tracking.cc:687] Add 18 new features to 125
I0331 18:41:22.399253 701267 tracking.cc:452] Track 47 map points
I0331 18:41:22.407058 701267 tracking.cc:571] Track 80 reference points
I0331 18:41:22.407111 701267 tracking.cc:279] Keyframe at 545820.752910, mappoints 47, interval 0.133391, parallax 16.5944
I0331 18:41:22.407361 701267 tracking.cc:795] Triangulate 18 3D points with 62 left, 31 reset, 0 outtime and 0 outliers
I0331 18:41:22.409654 701267 tracking.cc:687] Add 13 new features to 127
I0331 18:41:22.409915 701267 ic_gvins.cc:548] Tracking cost 20.5402 ms
I0331 18:41:22.413695 701266 ic_gvins.cc:741] Insert keyframe 120 at 545820.752910 with 18 new mappoints
I0331 18:41:22.414088 701266 ic_gvins.cc:746] Add new keyframe time node at 545820.752910
I0331 18:41:22.414132 701268 ic_gvins.cc:1851] Total 11 pose states from 545819.151873 to 545820.752910
I0331 18:41:22.415875 701268 ic_gvins.cc:1175] Add 10 preintegration, 1 GNSS, 364 reprojection
I0331 18:41:22.423105 701268 ic_gvins.cc:1184] Ceres Solver Report: Iterations: 5, Initial cost: 1.539424e+02, Final cost: 8.951136e+01, Termination: CONVERGENCE
I0331 18:41:22.423319 701268 ic_gvins.cc:1294] Remove 0 reprojection factors
I0331 18:41:22.426090 701268 ic_gvins.cc:1218] Ceres Solver Report: Iterations: 1, Initial cost: 8.951136e+01, Final cost: 8.951136e+01, Termination: CONVERGENCE
E0331 18:41:22.426146 701268 ic_gvins.cc:1324] Estimated extrinsic is too large, t:    2.9843   1.24372 -0.464248, R: 88.3354 1.51426 90.9368
I0331 18:41:22.426633 701268 ic_gvins.cc:1122] Culled 7 mappoint with 0 bad observed features 0, 0, 7
I0331 18:41:22.427143 701268 ic_gvins.cc:1428] Marginalize 1 states, last time 545819.318940
I0331 18:41:22.428714 701268 ic_gvins.cc:473] Optimization costs 14.6063 ms with 7.25418 and 2.79442 with marginalization costs 1.61454
I0331 18:41:22.431203 701266 misc.cc:220] Redo INS mechanization at 545820.752910 to 545820.793701 is 0.0407902 s
I0331 18:41:22.435297 701267 tracking.cc:452] Track 61 map points
I0331 18:41:22.445070 701267 tracking.cc:571] Track 54 reference points
I0331 18:41:22.447592 701267 tracking.cc:687] Add 28 new features to 115
I0331 18:41:22.469385 701267 tracking.cc:452] Track 47 map points
I0331 18:41:22.475723 701267 tracking.cc:571] Track 64 reference points
I0331 18:41:22.479126 701267 tracking.cc:687] Add 33 new features to 111
I0331 18:41:22.496114 701267 tracking.cc:452] Track 46 map points
I0331 18:41:22.503046 701267 tracking.cc:571] Track 77 reference points
I0331 18:41:22.505432 701267 tracking.cc:687] Add 18 new features to 123
I0331 18:41:22.531733 701267 tracking.cc:452] Track 43 map points
I0331 18:41:22.538154 701267 tracking.cc:571] Track 76 reference points
I0331 18:41:22.540608 701267 tracking.cc:687] Add 25 new features to 119
I0331 18:41:22.572474 701267 tracking.cc:452] Track 41 map points
I0331 18:41:22.579150 701267 tracking.cc:571] Track 83 reference points
I0331 18:41:22.579195 701267 tracking.cc:279] Keyframe at 545820.919627, mappoints 41, interval 0.166717, parallax 17.5655
I0331 18:41:22.579422 701267 tracking.cc:795] Triangulate 10 3D points with 69 left, 39 reset, 3 outtime and 1 outliers
I0331 18:41:22.582628 701267 tracking.cc:687] Add 23 new features to 120
I0331 18:41:22.582899 701267 ic_gvins.cc:548] Tracking cost 17.5917 ms
I0331 18:41:22.584329 701266 ic_gvins.cc:741] Insert keyframe 121 at 545820.919627 with 10 new mappoints
I0331 18:41:22.584941 701266 ic_gvins.cc:746] Add new keyframe time node at 545820.919627
I0331 18:41:22.585798 701268 ic_gvins.cc:1851] Total 11 pose states from 545819.318940 to 545820.919627
I0331 18:41:22.587456 701268 ic_gvins.cc:1175] Add 10 preintegration, 1 GNSS, 330 reprojection
I0331 18:41:22.599817 701267 tracking.cc:452] Track 49 map points
I0331 18:41:22.600320 701268 ic_gvins.cc:1184] Ceres Solver Report: Iterations: 6, Initial cost: 1.474484e+02, Final cost: 7.243180e+01, Termination: NO_CONVERGENCE
I0331 18:41:22.600507 701268 ic_gvins.cc:1294] Remove 1 reprojection factors
I0331 18:41:22.607374 701268 ic_gvins.cc:1218] Ceres Solver Report: Iterations: 4, Initial cost: 7.022513e+01, Final cost: 7.016301e+01, Termination: CONVERGENCE
E0331 18:41:22.607429 701268 ic_gvins.cc:1324] Estimated extrinsic is too large, t:   3.10196   1.24448 -0.444617, R: 88.3237  1.1224 90.9584
I0331 18:41:22.607901 701268 ic_gvins.cc:1122] Culled 3 mappoint with 0 bad observed features 0, 0, 3
I0331 18:41:22.608690 701268 ic_gvins.cc:1428] Marginalize 1 states, last time 545819.485717
I0331 18:41:22.610435 701268 ic_gvins.cc:473] Optimization costs 24.6658 ms with 12.8802 and 6.82153 with marginalization costs 1.79077
I0331 18:41:22.611073 701267 tracking.cc:571] Track 68 reference points
I0331 18:41:22.613725 701266 misc.cc:220] Redo INS mechanization at 545820.919627 to 545820.978682 is 0.0590543 s
I0331 18:41:22.614440 701267 tracking.cc:687] Add 24 new features to 117
I0331 18:41:22.632822 701267 tracking.cc:452] Track 42 map points
I0331 18:41:22.640275 701267 tracking.cc:571] Track 73 reference points
I0331 18:41:22.643397 701267 tracking.cc:687] Add 28 new features to 115
I0331 18:41:22.668998 701267 tracking.cc:452] Track 41 map points
I0331 18:41:22.675531 701267 tracking.cc:571] Track 85 reference points
I0331 18:41:22.677949 701267 tracking.cc:687] Add 17 new features to 126
I0331 18:41:22.697397 701267 tracking.cc:452] Track 38 map points
I0331 18:41:22.704133 701267 tracking.cc:571] Track 89 reference points
I0331 18:41:22.706504 701267 tracking.cc:687] Add 16 new features to 127
I0331 18:41:22.725621 701216 fusion_ros.cc:232] Raw data time 545821.088692, 545820.135975, 545821.072824
I0331 18:41:22.732013 701267 tracking.cc:452] Track 35 map points
I0331 18:41:22.739053 701267 tracking.cc:571] Track 86 reference points
I0331 18:41:22.739100 701267 tracking.cc:279] Keyframe at 545821.086593, mappoints 35, interval 0.166966, parallax 16.7825
I0331 18:41:22.739348 701267 tracking.cc:795] Triangulate 17 3D points with 68 left, 32 reset, 0 outtime and 1 outliers
I0331 18:41:22.742599 701267 tracking.cc:687] Add 20 new features to 120
I0331 18:41:22.742856 701267 ic_gvins.cc:548] Tracking cost 18.1949 ms
I0331 18:41:22.744464 701266 ic_gvins.cc:741] Insert keyframe 122 at 545821.086593 with 17 new mappoints
I0331 18:41:22.744902 701266 ic_gvins.cc:746] Add new keyframe time node at 545821.086593
I0331 18:41:22.744951 701268 ic_gvins.cc:1851] Total 11 pose states from 545819.485717 to 545821.086593
I0331 18:41:22.746632 701268 ic_gvins.cc:1175] Add 10 preintegration, 1 GNSS, 309 reprojection
I0331 18:41:22.753283 701268 ic_gvins.cc:1184] Ceres Solver Report: Iterations: 6, Initial cost: 1.252573e+02, Final cost: 7.801065e+01, Termination: NO_CONVERGENCE
I0331 18:41:22.753470 701268 ic_gvins.cc:1294] Remove 1 reprojection factors
