I0331 18:41:28.449084 701266 ic_gvins.cc:741] Insert keyframe 159 at 545826.790755 with 12 new mappoints
I0331 18:41:28.449553 701266 ic_gvins.cc:746] Add new keyframe time node at 545826.790755
I0331 18:41:28.449600 701268 ic_gvins.cc:1851] Total 12 pose states from 545825.256209 to 545826.790755
I0331 18:41:28.451337 701268 ic_gvins.cc:1175] Add 11 preintegration, 1 GNSS, 402 reprojection
I0331 18:41:28.462698 701268 ic_gvins.cc:1184] Ceres Solver Report: Iterations: 6, Initial cost: 1.066621e+02, Final cost: 9.774116e+01, Termination: NO_CONVERGENCE
I0331 18:41:28.462941 701268 ic_gvins.cc:1294] Remove 3 reprojection factors
I0331 18:41:28.472277 701268 ic_gvins.cc:1218] Ceres Solver Report: Iterations: 5, Initial cost: 8.754779e+01, Final cost: 8.584865e+01, Termination: CONVERGENCE
I0331 18:41:28.472772 701268 ic_gvins.cc:1122] Culled 1 mappoint with 3 bad observed features 0, 0, 1
I0331 18:41:28.473404 701267 tracking.cc:452] Track 65 map points
I0331 18:41:28.473519 701268 ic_gvins.cc:1428] Marginalize 1 states, last time 545825.423008
I0331 18:41:28.475083 701268 ic_gvins.cc:473] Optimization costs 25.5095 ms with 11.3768 and 9.36792 with marginalization costs 1.57233
I0331 18:41:28.478823 701266 misc.cc:220] Redo INS mechanization at 545826.790755 to 545826.843854 is 0.0530993 s
I0331 18:41:28.483486 701267 tracking.cc:571] Track 69 reference points
I0331 18:41:28.486176 701267 tracking.cc:687] Add 11 new features to 134
I0331 18:41:28.503515 701267 tracking.cc:452] Track 60 map points
I0331 18:41:28.509711 701267 tracking.cc:571] Track 68 reference points
I0331 18:41:28.513443 701267 tracking.cc:687] Add 18 new features to 128
I0331 18:41:28.540841 701267 tracking.cc:452] Track 55 map points
I0331 18:41:28.549330 701267 tracking.cc:571] Track 75 reference points
I0331 18:41:28.551611 701267 tracking.cc:687] Add 15 new features to 130
I0331 18:41:28.574230 701267 tracking.cc:452] Track 55 map points
I0331 18:41:28.580570 701267 tracking.cc:571] Track 73 reference points
I0331 18:41:28.582931 701267 tracking.cc:687] Add 17 new features to 128
I0331 18:41:28.602852 701267 tracking.cc:452] Track 53 map points
I0331 18:41:28.609226 701267 tracking.cc:571] Track 73 reference points
I0331 18:41:28.609277 701267 tracking.cc:279] Keyframe at 545826.957438, mappoints 53, interval 0.166683, parallax 15.0926
I0331 18:41:28.609544 701267 tracking.cc:795] Triangulate 17 3D points with 55 left, 22 reset, 0 outtime and 1 outliers
I0331 18:41:28.611826 701267 tracking.cc:687] Add 17 new features to 125
E0331 18:41:28.611891 701216 ic_gvins.cc:172] Lost IMU data with at 545826.977 dt 0.008
E0331 18:41:28.611999 701216 ic_gvins.cc:182] Append extra IMU data at 545826.973858
I0331 18:41:28.612092 701267 ic_gvins.cc:548] Tracking cost 16.3269 ms
I0331 18:41:28.614507 701266 ic_gvins.cc:741] Insert keyframe 160 at 545826.957438 with 17 new mappoints
I0331 18:41:28.614961 701266 ic_gvins.cc:746] Add new keyframe time node at 545826.957438
I0331 18:41:28.615013 701268 ic_gvins.cc:1851] Total 12 pose states from 545825.423008 to 545826.957438
I0331 18:41:28.617092 701268 ic_gvins.cc:1175] Add 11 preintegration, 1 GNSS, 424 reprojection
I0331 18:41:28.628063 701268 ic_gvins.cc:1184] Ceres Solver Report: Iterations: 6, Initial cost: 1.177001e+02, Final cost: 1.087042e+02, Termination: NO_CONVERGENCE
I0331 18:41:28.628332 701268 ic_gvins.cc:1294] Remove 3 reprojection factors
I0331 18:41:28.638988 701267 tracking.cc:452] Track 68 map points
I0331 18:41:28.645298 701267 tracking.cc:571] Track 56 reference points
I0331 18:41:28.647639 701267 tracking.cc:687] Add 17 new features to 124
I0331 18:41:28.647904 701268 ic_gvins.cc:1218] Ceres Solver Report: Iterations: 5, Initial cost: 9.788624e+01, Final cost: 9.649143e+01, Termination: CONVERGENCE
I0331 18:41:28.648782 701268 ic_gvins.cc:1122] Culled 3 mappoint with 3 bad observed features 0, 0, 3
I0331 18:41:28.649751 701268 ic_gvins.cc:1428] Marginalize 1 states, last time 545825.589581
I0331 18:41:28.652024 701268 ic_gvins.cc:473] Optimization costs 37.0371 ms with 10.9806 and 19.685 with marginalization costs 2.3468
I0331 18:41:28.653988 701266 misc.cc:220] Redo INS mechanization at 545826.957438 to 545827.018855 is 0.0614174 s
I0331 18:41:28.671181 701267 tracking.cc:452] Track 54 map points
I0331 18:41:28.677418 701267 tracking.cc:571] Track 56 reference points
I0331 18:41:28.680761 701267 tracking.cc:687] Add 32 new features to 110
I0331 18:41:28.703392 701267 tracking.cc:452] Track 53 map points
I0331 18:41:28.710114 701267 tracking.cc:571] Track 73 reference points
I0331 18:41:28.712491 701267 tracking.cc:687] Add 16 new features to 126
I0331 18:41:28.727025 701216 fusion_ros.cc:232] Raw data time 545827.090118, 545826.124126, 545827.073338
I0331 18:41:28.738749 701267 tracking.cc:452] Track 52 map points
I0331 18:41:28.746085 701267 tracking.cc:571] Track 71 reference points
I0331 18:41:28.749212 701267 tracking.cc:687] Add 19 new features to 123
I0331 18:41:28.771195 701267 tracking.cc:452] Track 50 map points
I0331 18:41:28.777737 701267 tracking.cc:571] Track 77 reference points
I0331 18:41:28.777788 701267 tracking.cc:279] Keyframe at 545827.124203, mappoints 50, interval 0.166765, parallax 17.1383
I0331 18:41:28.778002 701267 tracking.cc:795] Triangulate 6 3D points with 70 left, 39 reset, 1 outtime and 0 outliers
I0331 18:41:28.780336 701267 tracking.cc:687] Add 18 new features to 126
I0331 18:41:28.780586 701267 ic_gvins.cc:548] Tracking cost 16.395 ms
I0331 18:41:28.784072 701266 ic_gvins.cc:741] Insert keyframe 161 at 545827.124203 with 6 new mappoints
I0331 18:41:28.784572 701266 ic_gvins.cc:746] Add new keyframe time node at 545827.124203
I0331 18:41:28.784619 701268 ic_gvins.cc:1851] Total 12 pose states from 545825.589581 to 545827.124203
I0331 18:41:28.786127 701268 ic_gvins.cc:1175] Add 11 preintegration, 1 GNSS, 340 reprojection
E0331 18:41:28.791980 701216 ic_gvins.cc:172] Lost IMU data with at 545827.156 dt 0.008
E0331 18:41:28.792097 701216 ic_gvins.cc:182] Append extra IMU data at 545827.153854
I0331 18:41:28.795611 701268 ic_gvins.cc:1184] Ceres Solver Report: Iterations: 6, Initial cost: 1.135509e+02, Final cost: 1.028005e+02, Termination: NO_CONVERGENCE
I0331 18:41:28.795841 701268 ic_gvins.cc:1294] Remove 4 reprojection factors
I0331 18:41:28.804243 701267 tracking.cc:452] Track 54 map points
I0331 18:41:28.814590 701267 tracking.cc:571] Track 73 reference points
I0331 18:41:28.817560 701267 tracking.cc:687] Add 16 new features to 127
I0331 18:41:28.817911 701268 ic_gvins.cc:1218] Ceres Solver Report: Iterations: 6, Initial cost: 8.613247e+01, Final cost: 8.471778e+01, Termination: CONVERGENCE
I0331 18:41:28.818423 701268 ic_gvins.cc:1122] Culled 2 mappoint with 3 bad observed features 0, 0, 2
I0331 18:41:28.819330 701268 ic_gvins.cc:1428] Marginalize 1 states, last time 545825.723099
I0331 18:41:28.821486 701268 ic_gvins.cc:473] Optimization costs 36.8936 ms with 9.51308 and 22.099 with marginalization costs 2.23048
I0331 18:41:28.824002 701266 misc.cc:220] Redo INS mechanization at 545827.124203 to 545827.188852 is 0.064649 s
I0331 18:41:28.840354 701267 tracking.cc:452] Track 47 map points
I0331 18:41:28.847705 701267 tracking.cc:571] Track 76 reference points
I0331 18:41:28.851400 701267 tracking.cc:687] Add 20 new features to 123
I0331 18:41:28.874236 701267 tracking.cc:452] Track 45 map points
I0331 18:41:28.881924 701267 tracking.cc:571] Track 77 reference points
I0331 18:41:28.886193 701267 tracking.cc:687] Add 21 new features to 122
I0331 18:41:28.903523 701267 tracking.cc:452] Track 45 map points
I0331 18:41:28.910049 701267 tracking.cc:571] Track 80 reference points
I0331 18:41:28.913244 701267 tracking.cc:687] Add 17 new features to 125
I0331 18:41:28.939306 701267 tracking.cc:452] Track 43 map points
I0331 18:41:28.945708 701267 tracking.cc:571] Track 85 reference points
I0331 18:41:28.945840 701267 tracking.cc:279] Keyframe at 545827.290841, mappoints 43, interval 0.166638, parallax 18.3678
I0331 18:41:28.946118 701267 tracking.cc:795] Triangulate 20 3D points with 62 left, 32 reset, 2 outtime and 1 outliers
I0331 18:41:28.948936 701267 tracking.cc:687] Add 16 new features to 125
I0331 18:41:28.949213 701267 ic_gvins.cc:548] Tracking cost 17.8574 ms
I0331 18:41:28.949272 701266 ic_gvins.cc:741] Insert keyframe 162 at 545827.290841 with 20 new mappoints
I0331 18:41:28.949723 701266 ic_gvins.cc:746] Add new keyframe time node at 545827.290841
I0331 18:41:28.949746 701266 ic_gvins.cc:842] Add new GNSS 545827.130006 align to 545827.124203
I0331 18:41:28.949786 701268 ic_gvins.cc:1851] Total 12 pose states from 545825.723099 to 545827.290841
I0331 18:41:28.951444 701268 ic_gvins.cc:1175] Add 11 preintegration, 2 GNSS, 303 reprojection
I0331 18:41:28.960404 701268 ic_gvins.cc:1184] Ceres Solver Report: Iterations: 6, Initial cost: 1.367247e+02, Final cost: 1.217427e+02, Termination: NO_CONVERGENCE
I0331 18:41:28.960625 701268 ic_gvins.cc:1294] Remove 8 reprojection factors
I0331 18:41:28.972000 701268 ic_gvins.cc:1218] Ceres Solver Report: Iterations: 6, Initial cost: 8.764683e+01, Final cost: 8.527364e+01, Termination: CONVERGENCE
I0331 18:41:28.972450 701268 ic_gvins.cc:1122] Culled 5 mappoint with 6 bad observed features 0, 0, 5
I0331 18:41:28.973068 701268 ic_gvins.cc:1428] Marginalize 1 states, last time 545825.856347
I0331 18:41:28.974632 701268 ic_gvins.cc:473] Optimization costs 24.8762 ms with 8.96238 and 11.396 with marginalization costs 1.50158
I0331 18:41:28.975704 701267 tracking.cc:452] Track 61 map points
I0331 18:41:28.978802 701266 misc.cc:220] Redo INS mechanization at 545827.290841 to 545827.343850 is 0.0530089 s
I0331 18:41:28.982127 701267 tracking.cc:571] Track 67 reference points
I0331 18:41:28.984653 701267 tracking.cc:687] Add 15 new features to 128
I0331 18:41:29.003065 701267 tracking.cc:452] Track 53 map points
I0331 18:41:29.010558 701267 tracking.cc:571] Track 61 reference points
I0331 18:41:29.013682 701267 tracking.cc:687] Add 31 new features to 114
I0331 18:41:29.038110 701267 tracking.cc:452] Track 50 map points
I0331 18:41:29.044432 701267 tracking.cc:571] Track 76 reference points
I0331 18:41:29.047632 701267 tracking.cc:687] Add 17 new features to 126
I0331 18:41:29.074463 701267 tracking.cc:452] Track 47 map points
I0331 18:41:29.080590 701267 tracking.cc:571] Track 80 reference points
I0331 18:41:29.083695 701267 tracking.cc:687] Add 17 new features to 127
I0331 18:41:29.103952 701267 tracking.cc:452] Track 45 map points
I0331 18:41:29.111099 701267 tracking.cc:571] Track 75 reference points
I0331 18:41:29.111153 701267 tracking.cc:279] Keyframe at 545827.457366, mappoints 45, interval 0.166525, parallax 16.7109
I0331 18:41:29.111392 701267 tracking.cc:795] Triangulate 14 3D points with 60 left, 26 reset, 0 outtime and 1 outliers
I0331 18:41:29.113850 701267 tracking.cc:687] Add 23 new features to 119
I0331 18:41:29.114109 701267 ic_gvins.cc:548] Tracking cost 17.5431 ms
I0331 18:41:29.119024 701266 ic_gvins.cc:741] Insert keyframe 163 at 545827.457366 with 14 new mappoints
I0331 18:41:29.119474 701266 ic_gvins.cc:746] Add new keyframe time node at 545827.457366
I0331 18:41:29.119511 701268 ic_gvins.cc:1851] Total 12 pose states from 545825.856347 to 545827.457366
I0331 18:41:29.121014 701268 ic_gvins.cc:1175] Add 11 preintegration, 2 GNSS, 306 reprojection
I0331 18:41:29.128080 701268 ic_gvins.cc:1184] Ceres Solver Report: Iterations: 6, Initial cost: 1.231018e+02, Final cost: 1.039627e+02, Termination: NO_CONVERGENCE
I0331 18:41:29.128340 701268 ic_gvins.cc:1294] Remove 6 reprojection factors
I0331 18:41:29.133901 701268 ic_gvins.cc:1218] Ceres Solver Report: Iterations: 4, Initial cost: 8.073398e+01, Final cost: 7.916666e+01, Termination: CONVERGENCE
I0331 18:41:29.134332 701268 ic_gvins.cc:1122] Culled 1 mappoint with 5 bad observed features 0, 0, 1
I0331 18:41:29.136498 701268 ic_gvins.cc:1428] Marginalize 1 states, last time 545825.990067
I0331 18:41:29.138502 701268 ic_gvins.cc:473] Optimization costs 19.0127 ms with 7.10928 and 5.57979 with marginalization costs 1.66462
I0331 18:41:29.138926 701266 misc.cc:220] Redo INS mechanization at 545827.457366 to 545827.503863 is 0.0464972 s
I0331 18:41:29.146559 701267 tracking.cc:452] Track 56 map points
I0331 18:41:29.152895 701267 tracking.cc:571] Track 67 reference points
I0331 18:41:29.155467 701267 tracking.cc:687] Add 20 new features to 123
I0331 18:41:29.173424 701267 tracking.cc:452] Track 55 map points
I0331 18:41:29.179903 701267 tracking.cc:571] Track 76 reference points
I0331 18:41:29.182265 701267 tracking.cc:687] Add 13 new features to 131
I0331 18:41:29.203573 701267 tracking.cc:452] Track 51 map points
I0331 18:41:29.209767 701267 tracking.cc:571] Track 72 reference points
I0331 18:41:29.212021 701267 tracking.cc:687] Add 20 new features to 123
I0331 18:41:29.238835 701267 tracking.cc:452] Track 51 map points
I0331 18:41:29.245766 701267 tracking.cc:571] Track 76 reference points
I0331 18:41:29.248041 701267 tracking.cc:687] Add 16 new features to 127
I0331 18:41:29.273523 701267 tracking.cc:452] Track 50 map points
I0331 18:41:29.280019 701267 tracking.cc:571] Track 73 reference points
I0331 18:41:29.280066 701267 tracking.cc:279] Keyframe at 545827.624260, mappoints 50, interval 0.166894, parallax 16.7142
I0331 18:41:29.280334 701267 tracking.cc:795] Triangulate 14 3D points with 57 left, 28 reset, 0 outtime and 2 outliers
I0331 18:41:29.283385 701267 tracking.cc:687] Add 24 new features to 121
I0331 18:41:29.283658 701267 ic_gvins.cc:548] Tracking cost 17.393 ms
I0331 18:41:29.284066 701266 ic_gvins.cc:741] Insert keyframe 164 at 545827.624260 with 14 new mappoints
I0331 18:41:29.284529 701266 ic_gvins.cc:746] Add new keyframe time node at 545827.624260
I0331 18:41:29.284780 701268 ic_gvins.cc:1851] Total 12 pose states from 545825.990067 to 545827.624260
I0331 18:41:29.286504 701268 ic_gvins.cc:1175] Add 11 preintegration, 2 GNSS, 333 reprojection
I0331 18:41:29.296418 701268 ic_gvins.cc:1184] Ceres Solver Report: Iterations: 6, Initial cost: 1.340510e+02, Final cost: 1.208381e+02, Termination: NO_CONVERGENCE
I0331 18:41:29.296634 701268 ic_gvins.cc:1294] Remove 6 reprojection factors
I0331 18:41:29.303754 701268 ic_gvins.cc:1218] Ceres Solver Report: Iterations: 5, Initial cost: 8.803143e+01, Final cost: 8.514300e+01, Termination: CONVERGENCE
I0331 18:41:29.304235 701268 ic_gvins.cc:1122] Culled 2 mappoint with 6 bad observed features 0, 0, 2
I0331 18:41:29.304450 701267 tracking.cc:452] Track 63 map points
I0331 18:41:29.304857 701268 ic_gvins.cc:1428] Marginalize 2 states, last time 545826.156841
I0331 18:41:29.306692 701268 ic_gvins.cc:473] Optimization costs 21.9467 ms with 9.92252 and 7.14285 with marginalization costs 1.85247
I0331 18:41:29.309228 701266 misc.cc:220] Redo INS mechanization at 545827.624260 to 545827.673856 is 0.0495959 s
I0331 18:41:29.312613 701267 tracking.cc:571] Track 58 reference points
I0331 18:41:29.315317 701267 tracking.cc:687] Add 20 new features to 121
I0331 18:41:29.338014 701267 tracking.cc:452] Track 53 map points
I0331 18:41:29.344326 701267 tracking.cc:571] Track 62 reference points
I0331 18:41:29.346935 701267 tracking.cc:687] Add 26 new features to 115
I0331 18:41:29.371192 701267 tracking.cc:452] Track 53 map points
I0331 18:41:29.377498 701267 tracking.cc:571] Track 78 reference points
I0331 18:41:29.379823 701267 tracking.cc:687] Add 11 new features to 131
I0331 18:41:29.392843 701216 fusion_ros.cc:232] Raw data time 545827.753850, 545827.130006, 545827.740053
I0331 18:41:29.403017 701267 tracking.cc:452] Track 50 map points
I0331 18:41:29.409539 701267 tracking.cc:571] Track 76 reference points
I0331 18:41:29.412091 701267 tracking.cc:687] Add 16 new features to 126
I0331 18:41:29.439256 701267 tracking.cc:452] Track 49 map points
I0331 18:41:29.445932 701267 tracking.cc:571] Track 78 reference points
I0331 18:41:29.445986 701267 tracking.cc:279] Keyframe at 545827.790987, mappoints 49, interval 0.166727, parallax 15.3159
I0331 18:41:29.446249 701267 tracking.cc:795] Triangulate 11 3D points with 66 left, 35 reset, 0 outtime and 1 outliers
I0331 18:41:29.448626 701267 tracking.cc:687] Add 17 new features to 126
I0331 18:41:29.448894 701267 ic_gvins.cc:548] Tracking cost 17.3606 ms
I0331 18:41:29.449381 701266 ic_gvins.cc:741] Insert keyframe 165 at 545827.790987 with 11 new mappoints
I0331 18:41:29.449816 701266 ic_gvins.cc:746] Add new keyframe time node at 545827.790987
I0331 18:41:29.449863 701268 ic_gvins.cc:1851] Total 11 pose states from 545826.156841 to 545827.790987
I0331 18:41:29.451597 701268 ic_gvins.cc:1175] Add 10 preintegration, 1 GNSS, 326 reprojection
I0331 18:41:29.459795 701268 ic_gvins.cc:1184] Ceres Solver Report: Iterations: 6, Initial cost: 1.310688e+02, Final cost: 1.135765e+02, Termination: NO_CONVERGENCE
I0331 18:41:29.460009 701268 ic_gvins.cc:1294] Remove 6 reprojection factors
I0331 18:41:29.465863 701268 ic_gvins.cc:1218] Ceres Solver Report: Iterations: 5, Initial cost: 7.553131e+01, Final cost: 7.285181e+01, Termination: CONVERGENCE
I0331 18:41:29.466315 701268 ic_gvins.cc:1122] Culled 1 mappoint with 5 bad observed features 0, 0, 1
I0331 18:41:29.466975 701268 ic_gvins.cc:1428] Marginalize 1 states, last time 545826.290489
I0331 18:41:29.468609 701268 ic_gvins.cc:473] Optimization costs 18.7749 ms with 8.2058 and 5.87481 with marginalization costs 1.7013
I0331 18:41:29.469098 701266 misc.cc:220] Redo INS mechanization at 545827.790987 to 545827.833868 is 0.0428804 s
I0331 18:41:29.477715 701267 tracking.cc:452] Track 56 map points
I0331 18:41:29.484071 701267 tracking.cc:571] Track 69 reference points
I0331 18:41:29.486819 701267 tracking.cc:687] Add 20 new features to 125
I0331 18:41:29.502691 701267 tracking.cc:452] Track 54 map points
I0331 18:41:29.508950 701267 tracking.cc:571] Track 77 reference points
I0331 18:41:29.511229 701267 tracking.cc:687] Add 13 new features to 131
I0331 18:41:29.547430 701267 tracking.cc:452] Track 52 map points
I0331 18:41:29.553952 701267 tracking.cc:571] Track 68 reference points
I0331 18:41:29.556604 701267 tracking.cc:687] Add 24 new features to 120
I0331 18:41:29.573305 701267 tracking.cc:452] Track 52 map points
I0331 18:41:29.579524 701267 tracking.cc:571] Track 77 reference points
I0331 18:41:29.581825 701267 tracking.cc:687] Add 14 new features to 129
I0331 18:41:29.602813 701267 tracking.cc:452] Track 51 map points
I0331 18:41:29.609236 701267 tracking.cc:571] Track 76 reference points
I0331 18:41:29.609288 701267 tracking.cc:279] Keyframe at 545827.957695, mappoints 51, interval 0.166708, parallax 16.8203
I0331 18:41:29.609537 701267 tracking.cc:795] Triangulate 11 3D points with 64 left, 28 reset, 1 outtime and 0 outliers
I0331 18:41:29.611887 701267 tracking.cc:687] Add 18 new features to 126
I0331 18:41:29.612176 701267 ic_gvins.cc:548] Tracking cost 16.4974 ms
I0331 18:41:29.614586 701266 ic_gvins.cc:741] Insert keyframe 166 at 545827.957695 with 11 new mappoints
I0331 18:41:29.615031 701266 ic_gvins.cc:746] Add new keyframe time node at 545827.957695
I0331 18:41:29.615072 701268 ic_gvins.cc:1851] Total 11 pose states from 545826.290489 to 545827.957695
I0331 18:41:29.616665 701268 ic_gvins.cc:1175] Add 10 preintegration, 1 GNSS, 333 reprojection
I0331 18:41:29.624989 701268 ic_gvins.cc:1184] Ceres Solver Report: Iterations: 6, Initial cost: 1.559743e+02, Final cost: 1.281916e+02, Termination: NO_CONVERGENCE
I0331 18:41:29.625276 701268 ic_gvins.cc:1294] Remove 7 reprojection factors
I0331 18:41:29.636512 701268 ic_gvins.cc:1218] Ceres Solver Report: Iterations: 6, Initial cost: 7.645541e+01, Final cost: 7.310984e+01, Termination: CONVERGENCE
I0331 18:41:29.636997 701268 ic_gvins.cc:1122] Culled 2 mappoint with 5 bad observed features 0, 0, 2
I0331 18:41:29.637770 701268 ic_gvins.cc:1428] Marginalize 1 states, last time 545826.457266
I0331 18:41:29.639588 701268 ic_gvins.cc:473] Optimization costs 24.5393 ms with 8.42174 and 11.2716 with marginalization costs 1.85816
I0331 18:41:29.641491 701267 tracking.cc:452] Track 59 map points
I0331 18:41:29.644187 701266 misc.cc:220] Redo INS mechanization at 545827.957695 to 545828.008862 is 0.0511668 s
I0331 18:41:29.648102 701267 tracking.cc:571] Track 62 reference points
I0331 18:41:29.650637 701267 tracking.cc:687] Add 22 new features to 121
I0331 18:41:29.673991 701267 tracking.cc:452] Track 52 map points
I0331 18:41:29.680228 701267 tracking.cc:571] Track 72 reference points
I0331 18:41:29.682613 701267 tracking.cc:687] Add 17 new features to 124
I0331 18:41:29.704761 701267 tracking.cc:452] Track 52 map points
I0331 18:41:29.710983 701267 tracking.cc:571] Track 79 reference points
I0331 18:41:29.713316 701267 tracking.cc:687] Add 15 new features to 131
I0331 18:41:29.741251 701267 tracking.cc:452] Track 52 map points
I0331 18:41:29.747654 701267 tracking.cc:571] Track 72 reference points
I0331 18:41:29.750005 701267 tracking.cc:687] Add 19 new features to 124
I0331 18:41:29.773325 701267 tracking.cc:452] Track 52 map points
I0331 18:41:29.779253 701267 tracking.cc:571] Track 80 reference points
I0331 18:41:29.779302 701267 tracking.cc:279] Keyframe at 545828.124358, mappoints 52, interval 0.166663, parallax 18.2844
I0331 18:41:29.779559 701267 tracking.cc:795] Triangulate 14 3D points with 64 left, 31 reset, 0 outtime and 2 outliers
I0331 18:41:29.781780 701267 tracking.cc:687] Add 12 new features to 130
I0331 18:41:29.782063 701267 ic_gvins.cc:548] Tracking cost 15.8015 ms
I0331 18:41:29.784397 701266 ic_gvins.cc:741] Insert keyframe 167 at 545828.124358 with 14 new mappoints
I0331 18:41:29.784878 701266 ic_gvins.cc:746] Add new keyframe time node at 545828.124358
I0331 18:41:29.784904 701266 ic_gvins.cc:856] Add new GNSS 545828.120012 align to 545828.124358
I0331 18:41:29.784940 701268 ic_gvins.cc:1851] Total 11 pose states from 545826.457266 to 545828.124358
I0331 18:41:29.786511 701268 ic_gvins.cc:1175] Add 10 preintegration, 2 GNSS, 332 reprojection
E0331 18:41:29.792160 701216 ic_gvins.cc:172] Lost IMU data with at 545828.157 dt 0.008
E0331 18:41:29.792294 701216 ic_gvins.cc:182] Append extra IMU data at 545828.153851
I0331 18:41:29.794687 701268 ic_gvins.cc:1184] Ceres Solver Report: Iterations: 6, Initial cost: 1.330421e+02, Final cost: 1.216220e+02, Termination: NO_CONVERGENCE
I0331 18:41:29.794914 701268 ic_gvins.cc:1294] Remove 5 reprojection factors
I0331 18:41:29.805042 701268 ic_gvins.cc:1218] Ceres Solver Report: Iterations: 4, Initial cost: 7.461335e+01, Final cost: 7.315888e+01, Termination: CONVERGENCE
I0331 18:41:29.805500 701268 ic_gvins.cc:1122] Culled 2 mappoint with 4 bad observed features 0, 0, 2
I0331 18:41:29.805908 701267 tracking.cc:452] Track 64 map points
I0331 18:41:29.806237 701268 ic_gvins.cc:1428] Marginalize 1 states, last time 545826.623962
I0331 18:41:29.808001 701268 ic_gvins.cc:473] Optimization costs 23.0928 ms with 8.20506 and 10.1532 with marginalization costs 1.46014
I0331 18:41:29.808847 701266 misc.cc:220] Redo INS mechanization at 545828.124358 to 545828.173855 is 0.0494966 s
I0331 18:41:29.812512 701267 tracking.cc:571] Track 59 reference points
I0331 18:41:29.815544 701267 tracking.cc:687] Add 19 new features to 123
I0331 18:41:29.838320 701267 tracking.cc:452] Track 57 map points
I0331 18:41:29.844426 701267 tracking.cc:571] Track 62 reference points
I0331 18:41:29.848074 701267 tracking.cc:687] Add 23 new features to 119
I0331 18:41:29.874553 701267 tracking.cc:452] Track 55 map points
I0331 18:41:29.882313 701267 tracking.cc:571] Track 79 reference points
I0331 18:41:29.885427 701267 tracking.cc:687] Add 10 new features to 134
E0331 18:41:29.903164 701216 ic_gvins.cc:172] Lost IMU data with at 545828.267 dt 0.008
I0331 18:41:29.903244 701267 tracking.cc:452] Track 54 map points
E0331 18:41:29.903288 701216 ic_gvins.cc:182] Append extra IMU data at 545828.263854
I0331 18:41:29.909584 701267 tracking.cc:571] Track 79 reference points
I0331 18:41:29.909623 701267 tracking.cc:279] Keyframe at 545828.258023, mappoints 54, interval 0.133665, parallax 15.0479
I0331 18:41:29.909855 701267 tracking.cc:795] Triangulate 17 3D points with 61 left, 30 reset, 0 outtime and 1 outliers
I0331 18:41:29.912230 701267 tracking.cc:687] Add 10 new features to 132
I0331 18:41:29.912510 701267 ic_gvins.cc:548] Tracking cost 16.3309 ms
I0331 18:41:29.914031 701266 ic_gvins.cc:741] Insert keyframe 168 at 545828.258023 with 17 new mappoints
I0331 18:41:29.914390 701266 ic_gvins.cc:746] Add new keyframe time node at 545828.258023
I0331 18:41:29.914449 701268 ic_gvins.cc:1851] Total 11 pose states from 545826.623962 to 545828.258023
I0331 18:41:29.916122 701268 ic_gvins.cc:1175] Add 10 preintegration, 2 GNSS, 361 reprojection
I0331 18:41:29.923962 701268 ic_gvins.cc:1184] Ceres Solver Report: Iterations: 6, Initial cost: 1.181816e+02, Final cost: 1.104556e+02, Termination: NO_CONVERGENCE
I0331 18:41:29.924181 701268 ic_gvins.cc:1294] Remove 2 reprojection factors
I0331 18:41:29.930188 701268 ic_gvins.cc:1218] Ceres Solver Report: Iterations: 4, Initial cost: 8.015772e+01, Final cost: 7.858716e+01, Termination: CONVERGENCE
I0331 18:41:29.930665 701268 ic_gvins.cc:1122] Culled 1 mappoint with 2 bad observed features 0, 0, 1
I0331 18:41:29.938462 701267 tracking.cc:452] Track 67 map points
I0331 18:41:29.940773 701268 ic_gvins.cc:1428] Marginalize 1 states, last time 545826.790755
I0331 18:41:29.942809 701268 ic_gvins.cc:473] Optimization costs 28.3982 ms with 7.85921 and 6.01049 with marginalization costs 1.77874
I0331 18:41:29.944950 701266 misc.cc:220] Redo INS mechanization at 545828.258023 to 545828.309431 is 0.0514076 s
I0331 18:41:29.945684 701267 tracking.cc:571] Track 62 reference points
I0331 18:41:29.948161 701267 tracking.cc:687] Add 12 new features to 129
I0331 18:41:29.974915 701267 tracking.cc:452] Track 58 map points
I0331 18:41:29.981491 701267 tracking.cc:571] Track 66 reference points
I0331 18:41:29.984848 701267 tracking.cc:687] Add 16 new features to 124
I0331 18:41:30.005023 701267 tracking.cc:452] Track 57 map points
I0331 18:41:30.012537 701267 tracking.cc:571] Track 61 reference points
I0331 18:41:30.015726 701267 tracking.cc:687] Add 22 new features to 118
I0331 18:41:30.039680 701267 tracking.cc:452] Track 56 map points
I0331 18:41:30.045914 701267 tracking.cc:571] Track 66 reference points
I0331 18:41:30.048259 701267 tracking.cc:687] Add 18 new features to 122
I0331 18:41:30.059906 701216 fusion_ros.cc:232] Raw data time 545828.423853, 545828.120012, 545828.406771
I0331 18:41:30.073551 701267 tracking.cc:452] Track 55 map points
I0331 18:41:30.080090 701267 tracking.cc:571] Track 69 reference points
I0331 18:41:30.080147 701267 tracking.cc:279] Keyframe at 545828.424898, mappoints 55, interval 0.166874, parallax 16.6885
I0331 18:41:30.080420 701267 tracking.cc:795] Triangulate 15 3D points with 49 left, 25 reset, 5 outtime and 0 outliers
I0331 18:41:30.082887 701267 tracking.cc:687] Add 22 new features to 119
I0331 18:41:30.083186 701267 ic_gvins.cc:548] Tracking cost 16.7487 ms
I0331 18:41:30.083942 701266 ic_gvins.cc:741] Insert keyframe 169 at 545828.424898 with 15 new mappoints
I0331 18:41:30.084422 701266 ic_gvins.cc:746] Add new keyframe time node at 545828.424898
I0331 18:41:30.084466 701268 ic_gvins.cc:1851] Total 11 pose states from 545826.790755 to 545828.424898
I0331 18:41:30.086356 701268 ic_gvins.cc:1175] Add 10 preintegration, 2 GNSS, 403 reprojection
I0331 18:41:30.099109 701268 ic_gvins.cc:1184] Ceres Solver Report: Iterations: 6, Initial cost: 1.336303e+02, Final cost: 1.152581e+02, Termination: NO_CONVERGENCE
I0331 18:41:30.099479 701268 ic_gvins.cc:1294] Remove 4 reprojection factors
I0331 18:41:30.105324 701267 tracking.cc:452] Track 69 map points
I0331 18:41:30.107540 701268 ic_gvins.cc:1218] Ceres Solver Report: Iterations: 4, Initial cost: 8.963189e+01, Final cost: 8.776583e+01, Termination: CONVERGENCE
I0331 18:41:30.108058 701268 ic_gvins.cc:1122] Culled 3 mappoint with 3 bad observed features 0, 0, 3
I0331 18:41:30.109184 701268 ic_gvins.cc:1428] Marginalize 1 states, last time 545826.957438
I0331 18:41:30.111392 701268 ic_gvins.cc:473] Optimization costs 26.9501 ms with 12.8497 and 8.0899 with marginalization costs 2.27644
I0331 18:41:30.112396 701267 tracking.cc:571] Track 56 reference points
I0331 18:41:30.115567 701267 tracking.cc:687] Add 16 new features to 125
I0331 18:41:30.115614 701266 misc.cc:220] Redo INS mechanization at 545828.424898 to 545828.478852 is 0.053954 s
I0331 18:41:30.140981 701267 tracking.cc:452] Track 56 map points
I0331 18:41:30.148066 701267 tracking.cc:571] Track 53 reference points
I0331 18:41:30.151566 701267 tracking.cc:687] Add 33 new features to 109
I0331 18:41:30.177429 701267 tracking.cc:452] Track 55 map points
I0331 18:41:30.185304 701267 tracking.cc:571] Track 77 reference points
I0331 18:41:30.188782 701267 tracking.cc:687] Add 10 new features to 132
I0331 18:41:30.203517 701267 tracking.cc:452] Track 54 map points
I0331 18:41:30.209872 701267 tracking.cc:571] Track 76 reference points
I0331 18:41:30.213837 701267 tracking.cc:687] Add 13 new features to 130
I0331 18:41:30.238535 701267 tracking.cc:452] Track 49 map points
I0331 18:41:30.244853 701267 tracking.cc:571] Track 75 reference points
I0331 18:41:30.247956 701267 tracking.cc:687] Add 20 new features to 124
I0331 18:41:30.274346 701267 tracking.cc:452] Track 49 map points
I0331 18:41:30.280977 701267 tracking.cc:571] Track 88 reference points
I0331 18:41:30.281031 701267 tracking.cc:279] Keyframe at 545828.624939, mappoints 49, interval 0.200041, parallax 17.1382
I0331 18:41:30.281292 701267 tracking.cc:795] Triangulate 10 3D points with 77 left, 54 reset, 1 outtime and 0 outliers
I0331 18:41:30.283932 701267 tracking.cc:687] Add 9 new features to 136
I0331 18:41:30.284214 701267 ic_gvins.cc:548] Tracking cost 17.0399 ms
I0331 18:41:30.289462 701266 ic_gvins.cc:741] Insert keyframe 170 at 545828.624939 with 10 new mappoints
I0331 18:41:30.290000 701266 ic_gvins.cc:746] Add new keyframe time node at 545828.624939
I0331 18:41:30.290045 701268 ic_gvins.cc:1851] Total 11 pose states from 545826.957438 to 545828.624939
I0331 18:41:30.291731 701268 ic_gvins.cc:1175] Add 10 preintegration, 2 GNSS, 367 reprojection
I0331 18:41:30.303428 701267 tracking.cc:452] Track 58 map points
I0331 18:41:30.308748 701268 ic_gvins.cc:1184] Ceres Solver Report: Iterations: 6, Initial cost: 1.031397e+02, Final cost: 9.113963e+01, Termination: NO_CONVERGENCE
I0331 18:41:30.308979 701268 ic_gvins.cc:1294] Remove 2 reprojection factors
I0331 18:41:30.311091 701267 tracking.cc:571] Track 74 reference points
I0331 18:41:30.313586 701267 tracking.cc:687] Add 13 new features to 132
I0331 18:41:30.317747 701268 ic_gvins.cc:1218] Ceres Solver Report: Iterations: 4, Initial cost: 8.467643e+01, Final cost: 8.382768e+01, Termination: CONVERGENCE
I0331 18:41:30.318260 701268 ic_gvins.cc:1122] Culled 2 mappoint with 1 bad observed features 0, 0, 2
I0331 18:41:30.320079 701268 ic_gvins.cc:1428] Marginalize 1 states, last time 545827.124203
I0331 18:41:30.321599 701268 ic_gvins.cc:473] Optimization costs 31.5762 ms with 17.0564 and 8.78402 with marginalization costs 1.53307
I0331 18:41:30.324044 701266 misc.cc:220] Redo INS mechanization at 545828.624939 to 545828.688862 is 0.0639232 s
I0331 18:41:30.339004 701267 tracking.cc:452] Track 54 map points
I0331 18:41:30.345412 701267 tracking.cc:571] Track 75 reference points
I0331 18:41:30.348663 701267 tracking.cc:687] Add 16 new features to 129
E0331 18:41:30.369446 701216 ic_gvins.cc:172] Lost IMU data with at 545828.733 dt 0.014
E0331 18:41:30.369575 701216 ic_gvins.cc:182] Append extra IMU data at 545828.723862
E0331 18:41:30.369632 701216 ic_gvins.cc:182] Append extra IMU data at 545828.728862
I0331 18:41:30.377070 701267 tracking.cc:452] Track 53 map points
I0331 18:41:30.383585 701267 tracking.cc:571] Track 77 reference points
I0331 18:41:30.386770 701267 tracking.cc:687] Add 13 new features to 130
I0331 18:41:30.403374 701267 tracking.cc:452] Track 52 map points
I0331 18:41:30.409945 701267 tracking.cc:571] Track 74 reference points
I0331 18:41:30.413924 701267 tracking.cc:687] Add 16 new features to 126
I0331 18:41:30.438236 701267 tracking.cc:452] Track 50 map points
I0331 18:41:30.445055 701267 tracking.cc:571] Track 78 reference points
I0331 18:41:30.445107 701267 tracking.cc:279] Keyframe at 545828.791816, mappoints 50, interval 0.166877, parallax 17.2114
I0331 18:41:30.445416 701267 tracking.cc:795] Triangulate 23 3D points with 51 left, 16 reset, 0 outtime and 4 outliers
I0331 18:41:30.447882 701267 tracking.cc:687] Add 18 new features to 124
I0331 18:41:30.448159 701267 ic_gvins.cc:548] Tracking cost 17.2365 ms
I0331 18:41:30.448793 701266 ic_gvins.cc:741] Insert keyframe 171 at 545828.791816 with 23 new mappoints
I0331 18:41:30.449297 701266 ic_gvins.cc:746] Add new keyframe time node at 545828.791816
I0331 18:41:30.449362 701268 ic_gvins.cc:1851] Total 11 pose states from 545827.124203 to 545828.791816
I0331 18:41:30.451184 701268 ic_gvins.cc:1175] Add 10 preintegration, 1 GNSS, 409 reprojection
I0331 18:41:30.462167 701268 ic_gvins.cc:1184] Ceres Solver Report: Iterations: 6, Initial cost: 1.201939e+02, Final cost: 9.239778e+01, Termination: NO_CONVERGENCE
I0331 18:41:30.462467 701268 ic_gvins.cc:1294] Remove 5 reprojection factors
I0331 18:41:30.474411 701267 tracking.cc:452] Track 70 map points
I0331 18:41:30.477952 701268 ic_gvins.cc:1218] Ceres Solver Report: Iterations: 6, Initial cost: 7.996563e+01, Final cost: 7.917003e+01, Termination: CONVERGENCE
I0331 18:41:30.478693 701268 ic_gvins.cc:1122] Culled 3 mappoint with 2 bad observed features 0, 0, 3
I0331 18:41:30.480510 701268 ic_gvins.cc:1428] Marginalize 1 states, last time 545827.290841
I0331 18:41:30.480818 701267 tracking.cc:571] Track 56 reference points
I0331 18:41:30.483144 701268 ic_gvins.cc:473] Optimization costs 33.8111 ms with 11.0176 and 15.5176 with marginalization costs 2.67938
I0331 18:41:30.483816 701266 misc.cc:220] Redo INS mechanization at 545828.791816 to 545828.848846 is 0.0570301 s
I0331 18:41:30.483865 701267 tracking.cc:687] Add 15 new features to 126
I0331 18:41:30.505384 701267 tracking.cc:452] Track 58 map points
I0331 18:41:30.513294 701267 tracking.cc:571] Track 58 reference points
I0331 18:41:30.516389 701267 tracking.cc:687] Add 27 new features to 116
I0331 18:41:30.538964 701267 tracking.cc:452] Track 56 map points
I0331 18:41:30.545357 701267 tracking.cc:571] Track 75 reference points
I0331 18:41:30.548386 701267 tracking.cc:687] Add 12 new features to 131
I0331 18:41:30.573722 701267 tracking.cc:452] Track 54 map points
I0331 18:41:30.579811 701267 tracking.cc:571] Track 76 reference points
I0331 18:41:30.579854 701267 tracking.cc:279] Keyframe at 545828.925121, mappoints 54, interval 0.133305, parallax 15.2962
I0331 18:41:30.580065 701267 tracking.cc:795] Triangulate 8 3D points with 66 left, 29 reset, 1 outtime and 1 outliers
I0331 18:41:30.582378 701267 tracking.cc:687] Add 13 new features to 128
I0331 18:41:30.582640 701267 ic_gvins.cc:548] Tracking cost 16.1312 ms
I0331 18:41:30.584949 701266 ic_gvins.cc:741] Insert keyframe 172 at 545828.925121 with 8 new mappoints
I0331 18:41:30.585335 701266 ic_gvins.cc:746] Add new keyframe time node at 545828.925121
I0331 18:41:30.585376 701268 ic_gvins.cc:1851] Total 11 pose states from 545827.290841 to 545828.925121
I0331 18:41:30.587014 701268 ic_gvins.cc:1175] Add 10 preintegration, 1 GNSS, 345 reprojection
I0331 18:41:30.593731 701268 ic_gvins.cc:1184] Ceres Solver Report: Iterations: 6, Initial cost: 1.118263e+02, Final cost: 7.408310e+01, Termination: NO_CONVERGENCE
I0331 18:41:30.593937 701268 ic_gvins.cc:1294] Remove 3 reprojection factors
I0331 18:41:30.601184 701268 ic_gvins.cc:1218] Ceres Solver Report: Iterations: 4, Initial cost: 6.532566e+01, Final cost: 6.487040e+01, Termination: CONVERGENCE
I0331 18:41:30.601642 701268 ic_gvins.cc:1122] Culled 1 mappoint with 1 bad observed features 0, 0, 1
I0331 18:41:30.602849 701268 ic_gvins.cc:1428] Marginalize 1 states, last time 545827.457366
I0331 18:41:30.604575 701268 ic_gvins.cc:473] Optimization costs 19.219 ms with 6.74771 and 7.20403 with marginalization costs 1.76459
I0331 18:41:30.607813 701267 tracking.cc:452] Track 61 map points
I0331 18:41:30.609109 701266 misc.cc:220] Redo INS mechanization at 545828.925121 to 545828.973857 is 0.048736 s
I0331 18:41:30.615586 701267 tracking.cc:571] Track 67 reference points
I0331 18:41:30.617944 701267 tracking.cc:687] Add 14 new features to 128
I0331 18:41:30.638523 701267 tracking.cc:452] Track 55 map points
I0331 18:41:30.644841 701267 tracking.cc:571] Track 64 reference points
I0331 18:41:30.648028 701267 tracking.cc:687] Add 22 new features to 119
I0331 18:41:30.674675 701267 tracking.cc:452] Track 53 map points
I0331 18:41:30.680848 701267 tracking.cc:571] Track 77 reference points
I0331 18:41:30.683254 701267 tracking.cc:687] Add 13 new features to 130
I0331 18:41:30.703549 701267 tracking.cc:452] Track 51 map points
I0331 18:41:30.710047 701267 tracking.cc:571] Track 74 reference points
I0331 18:41:30.710099 701267 tracking.cc:279] Keyframe at 545829.058606, mappoints 51, interval 0.133486, parallax 17.0041
I0331 18:41:30.710333 701267 tracking.cc:795] Triangulate 13 3D points with 59 left, 26 reset, 1 outtime and 1 outliers
I0331 18:41:30.714486 701267 tracking.cc:687] Add 22 new features to 123
I0331 18:41:30.714771 701267 ic_gvins.cc:548] Tracking cost 18.6722 ms
I0331 18:41:30.718739 701266 ic_gvins.cc:741] Insert keyframe 173 at 545829.058606 with 13 new mappoints
I0331 18:41:30.719111 701266 ic_gvins.cc:746] Add new keyframe time node at 545829.058606
I0331 18:41:30.719158 701268 ic_gvins.cc:1851] Total 11 pose states from 545827.457366 to 545829.058606
I0331 18:41:30.720830 701268 ic_gvins.cc:1175] Add 10 preintegration, 1 GNSS, 357 reprojection
I0331 18:41:30.726743 701216 fusion_ros.cc:232] Raw data time 545829.088843, 545828.120012, 545829.073518
I0331 18:41:30.728421 701268 ic_gvins.cc:1184] Ceres Solver Report: Iterations: 6, Initial cost: 9.766676e+01, Final cost: 8.403327e+01, Termination: NO_CONVERGENCE
I0331 18:41:30.728634 701268 ic_gvins.cc:1294] Remove 3 reprojection factors
I0331 18:41:30.732969 701268 ic_gvins.cc:1218] Ceres Solver Report: Iterations: 3, Initial cost: 7.575757e+01, Final cost: 7.553776e+01, Termination: CONVERGENCE
I0331 18:41:30.733443 701268 ic_gvins.cc:1122] Culled 1 mappoint with 2 bad observed features 0, 0, 1
I0331 18:41:30.734210 701268 ic_gvins.cc:1428] Marginalize 1 states, last time 545827.624260
I0331 18:41:30.735888 701268 ic_gvins.cc:473] Optimization costs 16.7571 ms with 7.59447 and 4.36481 with marginalization costs 1.6605
I0331 18:41:30.739522 701266 misc.cc:220] Redo INS mechanization at 545829.058606 to 545829.103844 is 0.0452383 s
I0331 18:41:30.743980 701267 tracking.cc:452] Track 62 map points
I0331 18:41:30.753321 701267 tracking.cc:571] Track 70 reference points
I0331 18:41:30.755694 701267 tracking.cc:687] Add 10 new features to 132
I0331 18:41:30.779052 701267 tracking.cc:452] Track 56 map points
I0331 18:41:30.789897 701267 tracking.cc:571] Track 68 reference points
I0331 18:41:30.793673 701267 tracking.cc:687] Add 20 new features to 124
I0331 18:41:30.808929 701267 tracking.cc:452] Track 54 map points
I0331 18:41:30.817646 701267 tracking.cc:571] Track 68 reference points
I0331 18:41:30.820124 701267 tracking.cc:687] Add 22 new features to 122
I0331 18:41:30.840543 701267 tracking.cc:452] Track 53 map points
I0331 18:41:30.847267 701267 tracking.cc:571] Track 73 reference points
I0331 18:41:30.847330 701267 tracking.cc:279] Keyframe at 545829.192028, mappoints 53, interval 0.133422, parallax 16.2469
I0331 18:41:30.847589 701267 tracking.cc:795] Triangulate 19 3D points with 53 left, 23 reset, 1 outtime and 0 outliers
I0331 18:41:30.850687 701267 tracking.cc:687] Add 18 new features to 125
I0331 18:41:30.850977 701267 ic_gvins.cc:548] Tracking cost 19.9508 ms
I0331 18:41:30.854101 701266 ic_gvins.cc:741] Insert keyframe 174 at 545829.192028 with 19 new mappoints
I0331 18:41:30.854558 701266 ic_gvins.cc:746] Add new keyframe time node at 545829.192028
I0331 18:41:30.854581 701266 ic_gvins.cc:891] Add new GNSS time node 545829.126600
I0331 18:41:30.854938 701268 ic_gvins.cc:1851] Total 12 pose states from 545827.624260 to 545829.192028
I0331 18:41:30.856727 701268 ic_gvins.cc:1175] Add 11 preintegration, 2 GNSS, 378 reprojection
I0331 18:41:30.864097 701268 ic_gvins.cc:1184] Ceres Solver Report: Iterations: 6, Initial cost: 1.047369e+02, Final cost: 9.622105e+01, Termination: NO_CONVERGENCE
I0331 18:41:30.864342 701268 ic_gvins.cc:1294] Remove 3 reprojection factors
I0331 18:41:30.875777 701267 tracking.cc:452] Track 71 map points
I0331 18:41:30.876381 701268 ic_gvins.cc:1218] Ceres Solver Report: Iterations: 8, Initial cost: 8.384907e+01, Final cost: 8.304298e+01, Termination: CONVERGENCE
I0331 18:41:30.876828 701268 ic_gvins.cc:1122] Culled 2 mappoint with 2 bad observed features 0, 0, 2
I0331 18:41:30.877393 701268 ic_gvins.cc:1428] Marginalize 1 states, last time 545827.790987
I0331 18:41:30.878926 701268 ic_gvins.cc:473] Optimization costs 24.0142 ms with 7.39395 and 12.047 with marginalization costs 1.57611
I0331 18:41:30.878968 701266 misc.cc:220] Redo INS mechanization at 545829.192028 to 545829.243865 is 0.0518365 s
I0331 18:41:30.882855 701267 tracking.cc:571] Track 57 reference points
I0331 18:41:30.885565 701267 tracking.cc:687] Add 17 new features to 128
I0331 18:41:30.903419 701267 tracking.cc:452] Track 64 map points
I0331 18:41:30.909714 701267 tracking.cc:571] Track 61 reference points
I0331 18:41:30.912976 701267 tracking.cc:687] Add 20 new features to 125
I0331 18:41:30.938529 701267 tracking.cc:452] Track 62 map points
I0331 18:41:30.945152 701267 tracking.cc:571] Track 66 reference points
I0331 18:41:30.947746 701267 tracking.cc:687] Add 16 new features to 128
I0331 18:41:30.973717 701267 tracking.cc:452] Track 60 map points
I0331 18:41:30.980042 701267 tracking.cc:571] Track 64 reference points
I0331 18:41:30.980103 701267 tracking.cc:279] Keyframe at 545829.325368, mappoints 60, interval 0.13334, parallax 16.4296
I0331 18:41:30.980346 701267 tracking.cc:795] Triangulate 11 3D points with 52 left, 20 reset, 0 outtime and 1 outliers
I0331 18:41:30.983384 701267 tracking.cc:687] Add 19 new features to 123
I0331 18:41:30.983659 701267 ic_gvins.cc:548] Tracking cost 17.7008 ms
I0331 18:41:30.987411 701266 ic_gvins.cc:741] Insert keyframe 175 at 545829.325368 with 11 new mappoints
I0331 18:41:30.987798 701266 ic_gvins.cc:746] Add new keyframe time node at 545829.325368
I0331 18:41:30.987846 701268 ic_gvins.cc:1851] Total 12 pose states from 545827.790987 to 545829.325368
I0331 18:41:30.989665 701268 ic_gvins.cc:1175] Add 11 preintegration, 2 GNSS, 390 reprojection
I0331 18:41:30.997172 701268 ic_gvins.cc:1184] Ceres Solver Report: Iterations: 6, Initial cost: 1.101213e+02, Final cost: 1.024657e+02, Termination: NO_CONVERGENCE
I0331 18:41:30.997416 701268 ic_gvins.cc:1294] Remove 5 reprojection factors
I0331 18:41:31.008004 701267 tracking.cc:452] Track 69 map points
I0331 18:41:31.016251 701267 tracking.cc:571] Track 51 reference points
I0331 18:41:31.016942 701268 ic_gvins.cc:1218] Ceres Solver Report: Iterations: 8, Initial cost: 8.393882e+01, Final cost: 8.264432e+01, Termination: CONVERGENCE
I0331 18:41:31.017467 701268 ic_gvins.cc:1122] Culled 2 mappoint with 3 bad observed features 0, 0, 2
I0331 18:41:31.019122 701268 ic_gvins.cc:1428] Marginalize 1 states, last time 545827.957695
I0331 18:41:31.019706 701267 tracking.cc:687] Add 23 new features to 120
I0331 18:41:31.020828 701268 ic_gvins.cc:473] Optimization costs 33.0162 ms with 7.53604 and 19.5352 with marginalization costs 1.7851
I0331 18:41:31.023967 701266 misc.cc:220] Redo INS mechanization at 545829.325368 to 545829.388853 is 0.0634848 s
I0331 18:41:31.039310 701267 tracking.cc:452] Track 60 map points
I0331 18:41:31.045652 701267 tracking.cc:571] Track 62 reference points
I0331 18:41:31.048966 701267 tracking.cc:687] Add 21 new features to 122
I0331 18:41:31.075673 701267 tracking.cc:452] Track 55 map points
I0331 18:41:31.082366 701267 tracking.cc:571] Track 70 reference points
I0331 18:41:31.085700 701267 tracking.cc:687] Add 18 new features to 125
I0331 18:41:31.103879 701267 tracking.cc:452] Track 52 map points
I0331 18:41:31.110405 701267 tracking.cc:571] Track 70 reference points
I0331 18:41:31.110459 701267 tracking.cc:279] Keyframe at 545829.458746, mappoints 52, interval 0.133378, parallax 17.0118
I0331 18:41:31.110684 701267 tracking.cc:795] Triangulate 9 3D points with 61 left, 30 reset, 0 outtime and 0 outliers
I0331 18:41:31.113194 701267 tracking.cc:687] Add 19 new features to 122
I0331 18:41:31.113487 701267 ic_gvins.cc:548] Tracking cost 16.8495 ms
I0331 18:41:31.113797 701266 ic_gvins.cc:741] Insert keyframe 176 at 545829.458746 with 9 new mappoints
I0331 18:41:31.114239 701266 ic_gvins.cc:746] Add new keyframe time node at 545829.458746
I0331 18:41:31.114295 701268 ic_gvins.cc:1851] Total 12 pose states from 545827.957695 to 545829.458746
I0331 18:41:31.116241 701268 ic_gvins.cc:1175] Add 11 preintegration, 2 GNSS, 412 reprojection
I0331 18:41:31.124073 701268 ic_gvins.cc:1184] Ceres Solver Report: Iterations: 6, Initial cost: 1.229680e+02, Final cost: 1.134682e+02, Termination: NO_CONVERGENCE
I0331 18:41:31.124333 701268 ic_gvins.cc:1294] Remove 6 reprojection factors
I0331 18:41:31.139395 701267 tracking.cc:452] Track 60 map points
I0331 18:41:31.141566 701268 ic_gvins.cc:1218] Ceres Solver Report: Iterations: 8, Initial cost: 9.039928e+01, Final cost: 8.672974e+01, Termination: CONVERGENCE
I0331 18:41:31.142081 701268 ic_gvins.cc:1122] Culled 3 mappoint with 4 bad observed features 0, 0, 3
I0331 18:41:31.144659 701268 ic_gvins.cc:1428] Marginalize 1 states, last time 545828.124358
I0331 18:41:31.146112 701267 tracking.cc:571] Track 63 reference points
I0331 18:41:31.147001 701268 ic_gvins.cc:473] Optimization costs 33.4398 ms with 7.82778 and 17.2571 with marginalization costs 2.46265
I0331 18:41:31.148869 701266 misc.cc:220] Redo INS mechanization at 545829.458746 to 545829.513840 is 0.0550944 s
I0331 18:41:31.149713 701267 tracking.cc:687] Add 18 new features to 123
I0331 18:41:31.173221 701267 tracking.cc:452] Track 47 map points
I0331 18:41:31.179785 701267 tracking.cc:571] Track 63 reference points
I0331 18:41:31.184662 701267 tracking.cc:687] Add 31 new features to 110
I0331 18:41:31.203902 701267 tracking.cc:452] Track 47 map points
I0331 18:41:31.210343 701267 tracking.cc:571] Track 76 reference points
I0331 18:41:31.210392 701267 tracking.cc:279] Keyframe at 545829.558708, mappoints 47, interval 0.0999624, parallax 15.4397
I0331 18:41:31.210593 701267 tracking.cc:795] Triangulate 13 3D points with 61 left, 22 reset, 1 outtime and 1 outliers
I0331 18:41:31.213999 701267 tracking.cc:687] Add 19 new features to 121
I0331 18:41:31.214268 701267 ic_gvins.cc:548] Tracking cost 17.8489 ms
I0331 18:41:31.218652 701266 ic_gvins.cc:741] Insert keyframe 177 at 545829.558708 with 13 new mappoints
I0331 18:41:31.218974 701266 ic_gvins.cc:746] Add new keyframe time node at 545829.558708
I0331 18:41:31.219017 701268 ic_gvins.cc:1851] Total 12 pose states from 545828.124358 to 545829.558708
I0331 18:41:31.220762 701268 ic_gvins.cc:1175] Add 11 preintegration, 1 GNSS, 365 reprojection
I0331 18:41:31.229012 701268 ic_gvins.cc:1184] Ceres Solver Report: Iterations: 6, Initial cost: 1.429591e+02, Final cost: 1.231506e+02, Termination: NO_CONVERGENCE
I0331 18:41:31.229241 701268 ic_gvins.cc:1294] Remove 6 reprojection factors
I0331 18:41:31.239558 701267 tracking.cc:452] Track 56 map points
I0331 18:41:31.248641 701267 tracking.cc:571] Track 59 reference points
I0331 18:41:31.252751 701267 tracking.cc:687] Add 24 new features to 115
I0331 18:41:31.255636 701268 ic_gvins.cc:1218] Ceres Solver Report: Iterations: 9, Initial cost: 9.154321e+01, Final cost: 8.540211e+01, Termination: CONVERGENCE
I0331 18:41:31.256162 701268 ic_gvins.cc:1122] Culled 4 mappoint with 4 bad observed features 0, 0, 4
I0331 18:41:31.256831 701268 ic_gvins.cc:1428] Marginalize 1 states, last time 545828.258023
I0331 18:41:31.258280 701268 ic_gvins.cc:473] Optimization costs 39.2835 ms with 8.27172 and 26.4994 with marginalization costs 1.53157
I0331 18:41:31.260952 701266 misc.cc:220] Redo INS mechanization at 545829.558708 to 545829.623864 is 0.0651559 s
I0331 18:41:31.273089 701267 tracking.cc:452] Track 46 map points
I0331 18:41:31.281203 701267 tracking.cc:571] Track 65 reference points
I0331 18:41:31.285684 701267 tracking.cc:687] Add 28 new features to 111
I0331 18:41:31.309166 701267 tracking.cc:452] Track 44 map points
I0331 18:41:31.316246 701267 tracking.cc:571] Track 80 reference points
I0331 18:41:31.318920 701267 tracking.cc:687] Add 17 new features to 124
I0331 18:41:31.338835 701267 tracking.cc:452] Track 41 map points
I0331 18:41:31.345525 701267 tracking.cc:571] Track 77 reference points
I0331 18:41:31.345574 701267 tracking.cc:279] Keyframe at 545829.692214, mappoints 41, interval 0.133506, parallax 17.0172
I0331 18:41:31.345780 701267 tracking.cc:795] Triangulate 11 3D points with 65 left, 28 reset, 0 outtime and 1 outliers
I0331 18:41:31.348765 701267 tracking.cc:687] Add 23 new features to 117
I0331 18:41:31.349021 701267 ic_gvins.cc:548] Tracking cost 18.2711 ms
I0331 18:41:31.354254 701266 ic_gvins.cc:741] Insert keyframe 178 at 545829.692214 with 11 new mappoints
I0331 18:41:31.354647 701266 ic_gvins.cc:746] Add new keyframe time node at 545829.692214
I0331 18:41:31.354693 701268 ic_gvins.cc:1851] Total 12 pose states from 545828.258023 to 545829.692214
I0331 18:41:31.356449 701268 ic_gvins.cc:1175] Add 11 preintegration, 1 GNSS, 361 reprojection
