I0331 18:41:22.768519 701268 ic_gvins.cc:1218] Ceres Solver Report: Iterations: 7, Initial cost: 7.455908e+01, Final cost: 7.414193e+01, Termination: CONVERGENCE
E0331 18:41:22.768574 701268 ic_gvins.cc:1324] Estimated extrinsic is too large, t:   3.30142    1.2383 -0.391867, R: 88.3233  1.1563 90.9624
I0331 18:41:22.769570 701268 ic_gvins.cc:1122] Culled 3 mappoint with 1 bad observed features 0, 0, 3
I0331 18:41:22.771764 701267 tracking.cc:452] Track 51 map points
I0331 18:41:22.772836 701268 ic_gvins.cc:1428] Marginalize 1 states, last time 545819.652156
I0331 18:41:22.776024 701268 ic_gvins.cc:473] Optimization costs 31.1102 ms with 6.66319 and 15.0808 with marginalization costs 2.7255
I0331 18:41:22.778276 701267 tracking.cc:571] Track 67 reference points
I0331 18:41:22.778844 701266 misc.cc:220] Redo INS mechanization at 545821.086593 to 545821.143700 is 0.0571064 s
I0331 18:41:22.781715 701267 tracking.cc:687] Add 22 new features to 118
I0331 18:41:22.796712 701267 tracking.cc:452] Track 44 map points
I0331 18:41:22.803259 701267 tracking.cc:571] Track 73 reference points
I0331 18:41:22.806439 701267 tracking.cc:687] Add 24 new features to 117
I0331 18:41:22.832172 701267 tracking.cc:452] Track 44 map points
I0331 18:41:22.838789 701267 tracking.cc:571] Track 67 reference points
I0331 18:41:22.842051 701267 tracking.cc:687] Add 32 new features to 111
I0331 18:41:22.868449 701267 tracking.cc:452] Track 43 map points
I0331 18:41:22.875231 701267 tracking.cc:571] Track 84 reference points
I0331 18:41:22.875278 701267 tracking.cc:279] Keyframe at 545821.220106, mappoints 43, interval 0.133512, parallax 15.3114
I0331 18:41:22.875514 701267 tracking.cc:795] Triangulate 16 3D points with 68 left, 33 reset, 0 outtime and 0 outliers
I0331 18:41:22.879367 701267 tracking.cc:687] Add 15 new features to 127
I0331 18:41:22.879639 701267 ic_gvins.cc:548] Tracking cost 18.3866 ms
I0331 18:41:22.883664 701266 ic_gvins.cc:741] Insert keyframe 123 at 545821.220106 with 16 new mappoints
I0331 18:41:22.884099 701266 ic_gvins.cc:746] Add new keyframe time node at 545821.220106
I0331 18:41:22.884135 701266 ic_gvins.cc:891] Add new GNSS time node 545821.126132
I0331 18:41:22.884490 701268 ic_gvins.cc:1851] Total 12 pose states from 545819.652156 to 545821.220106
I0331 18:41:22.886225 701268 ic_gvins.cc:1175] Add 11 preintegration, 2 GNSS, 299 reprojection
I0331 18:41:22.895581 701268 ic_gvins.cc:1184] Ceres Solver Report: Iterations: 6, Initial cost: 1.237084e+02, Final cost: 8.346905e+01, Termination: NO_CONVERGENCE
I0331 18:41:22.895828 701268 ic_gvins.cc:1294] Remove 1 reprojection factors
I0331 18:41:22.897241 701267 tracking.cc:452] Track 57 map points
I0331 18:41:22.903154 701268 ic_gvins.cc:1218] Ceres Solver Report: Iterations: 5, Initial cost: 7.993416e+01, Final cost: 7.878227e+01, Termination: CONVERGENCE
E0331 18:41:22.903213 701268 ic_gvins.cc:1324] Estimated extrinsic is too large, t:   3.06672   1.25962 -0.220303, R: 88.3292 1.42702 90.9424
I0331 18:41:22.903678 701267 tracking.cc:571] Track 68 reference points
I0331 18:41:22.903825 701268 ic_gvins.cc:1122] Culled 5 mappoint with 1 bad observed features 0, 0, 5
I0331 18:41:22.904425 701268 ic_gvins.cc:1428] Marginalize 1 states, last time 545819.818776
I0331 18:41:22.906051 701268 ic_gvins.cc:473] Optimization costs 21.5956 ms with 9.37743 and 7.34893 with marginalization costs 1.52337
I0331 18:41:22.907516 701266 misc.cc:220] Redo INS mechanization at 545821.220106 to 545821.258678 is 0.0385727 s
I0331 18:41:22.907655 701267 tracking.cc:687] Add 15 new features to 125
I0331 18:41:22.932485 701267 tracking.cc:452] Track 50 map points
I0331 18:41:22.939507 701267 tracking.cc:571] Track 61 reference points
I0331 18:41:22.943768 701267 tracking.cc:687] Add 30 new features to 111
I0331 18:41:22.968128 701267 tracking.cc:452] Track 50 map points
I0331 18:41:22.974604 701267 tracking.cc:571] Track 75 reference points
I0331 18:41:22.977082 701267 tracking.cc:687] Add 19 new features to 125
I0331 18:41:22.996853 701267 tracking.cc:452] Track 49 map points
I0331 18:41:23.003229 701267 tracking.cc:571] Track 71 reference points
I0331 18:41:23.003278 701267 tracking.cc:279] Keyframe at 545821.353473, mappoints 49, interval 0.133367, parallax 15.335
I0331 18:41:23.003525 701267 tracking.cc:795] Triangulate 17 3D points with 54 left, 30 reset, 0 outtime and 0 outliers
I0331 18:41:23.006702 701267 tracking.cc:687] Add 23 new features to 120
I0331 18:41:23.006979 701267 ic_gvins.cc:548] Tracking cost 18.1313 ms
I0331 18:41:23.009264 701266 ic_gvins.cc:741] Insert keyframe 124 at 545821.353473 with 17 new mappoints
I0331 18:41:23.009647 701266 ic_gvins.cc:746] Add new keyframe time node at 545821.353473
I0331 18:41:23.009685 701268 ic_gvins.cc:1851] Total 12 pose states from 545819.818776 to 545821.353473
I0331 18:41:23.011379 701268 ic_gvins.cc:1175] Add 11 preintegration, 2 GNSS, 332 reprojection
I0331 18:41:23.018527 701268 ic_gvins.cc:1184] Ceres Solver Report: Iterations: 6, Initial cost: 1.282785e+02, Final cost: 9.079046e+01, Termination: NO_CONVERGENCE
I0331 18:41:23.018731 701268 ic_gvins.cc:1294] Remove 3 reprojection factors
I0331 18:41:23.024207 701268 ic_gvins.cc:1218] Ceres Solver Report: Iterations: 4, Initial cost: 8.306033e+01, Final cost: 8.241614e+01, Termination: CONVERGENCE
E0331 18:41:23.024255 701268 ic_gvins.cc:1324] Estimated extrinsic is too large, t:  3.26748  1.25341 -0.21791, R: 88.3269 1.27567 90.9592
I0331 18:41:23.024770 701268 ic_gvins.cc:1122] Culled 3 mappoint with 2 bad observed features 0, 0, 3
I0331 18:41:23.026619 701268 ic_gvins.cc:1428] Marginalize 1 states, last time 545819.985436
I0331 18:41:23.028571 701268 ic_gvins.cc:473] Optimization costs 18.9093 ms with 7.17949 and 5.49483 with marginalization costs 2.88739
I0331 18:41:23.030503 701266 misc.cc:220] Redo INS mechanization at 545821.353473 to 545821.393695 is 0.0402222 s
I0331 18:41:23.033550 701267 tracking.cc:452] Track 61 map points
I0331 18:41:23.040323 701267 tracking.cc:571] Track 58 reference points
I0331 18:41:23.043460 701267 tracking.cc:687] Add 23 new features to 119
I0331 18:41:23.067562 701267 tracking.cc:452] Track 58 map points
I0331 18:41:23.074579 701267 tracking.cc:571] Track 66 reference points
I0331 18:41:23.078722 701267 tracking.cc:687] Add 18 new features to 124
I0331 18:41:23.097021 701267 tracking.cc:452] Track 56 map points
I0331 18:41:23.103302 701267 tracking.cc:571] Track 69 reference points
I0331 18:41:23.106516 701267 tracking.cc:687] Add 16 new features to 125
E0331 18:41:23.128854 701216 ic_gvins.cc:172] Lost IMU data with at 545821.492 dt 0.008
E0331 18:41:23.128975 701216 ic_gvins.cc:182] Append extra IMU data at 545821.488706
I0331 18:41:23.137547 701267 tracking.cc:452] Track 55 map points
I0331 18:41:23.144037 701267 tracking.cc:571] Track 70 reference points
I0331 18:41:23.147328 701267 tracking.cc:687] Add 15 new features to 125
I0331 18:41:23.168355 701267 tracking.cc:452] Track 52 map points
I0331 18:41:23.174652 701267 tracking.cc:571] Track 68 reference points
I0331 18:41:23.174697 701267 tracking.cc:279] Keyframe at 545821.520101, mappoints 52, interval 0.166628, parallax 16.9215
I0331 18:41:23.174942 701267 tracking.cc:795] Triangulate 12 3D points with 54 left, 24 reset, 2 outtime and 0 outliers
I0331 18:41:23.177457 701267 tracking.cc:687] Add 22 new features to 118
I0331 18:41:23.177738 701267 ic_gvins.cc:548] Tracking cost 16.4764 ms
I0331 18:41:23.178782 701266 ic_gvins.cc:741] Insert keyframe 125 at 545821.520101 with 12 new mappoints
I0331 18:41:23.179234 701266 ic_gvins.cc:746] Add new keyframe time node at 545821.520101
I0331 18:41:23.179270 701268 ic_gvins.cc:1851] Total 12 pose states from 545819.985436 to 545821.520101
I0331 18:41:23.180996 701268 ic_gvins.cc:1175] Add 11 preintegration, 2 GNSS, 340 reprojection
I0331 18:41:23.190150 701268 ic_gvins.cc:1184] Ceres Solver Report: Iterations: 6, Initial cost: 1.581896e+02, Final cost: 1.059606e+02, Termination: NO_CONVERGENCE
I0331 18:41:23.190378 701268 ic_gvins.cc:1294] Remove 9 reprojection factors
I0331 18:41:23.198130 701267 tracking.cc:452] Track 61 map points
I0331 18:41:23.199805 701268 ic_gvins.cc:1218] Ceres Solver Report: Iterations: 5, Initial cost: 7.794526e+01, Final cost: 7.600568e+01, Termination: CONVERGENCE
E0331 18:41:23.199855 701268 ic_gvins.cc:1324] Estimated extrinsic is too large, t:   3.14751   1.28796 -0.193137, R:  88.3273 0.921561  90.9833
I0331 18:41:23.200353 701268 ic_gvins.cc:1122] Culled 5 mappoint with 8 bad observed features 0, 1, 4
I0331 18:41:23.201025 701268 ic_gvins.cc:1428] Marginalize 1 states, last time 545820.152288
I0331 18:41:23.202544 701268 ic_gvins.cc:473] Optimization costs 23.296 ms with 9.18312 and 9.44745 with marginalization costs 1.50769
I0331 18:41:23.203800 701266 misc.cc:220] Redo INS mechanization at 545821.520101 to 545821.568690 is 0.0485888 s
I0331 18:41:23.206346 701267 tracking.cc:571] Track 61 reference points
I0331 18:41:23.209455 701267 tracking.cc:687] Add 16 new features to 122
I0331 18:41:23.232204 701267 tracking.cc:452] Track 54 map points
I0331 18:41:23.238814 701267 tracking.cc:571] Track 62 reference points
I0331 18:41:23.242003 701267 tracking.cc:687] Add 25 new features to 116
I0331 18:41:23.267426 701267 tracking.cc:452] Track 51 map points
I0331 18:41:23.274109 701267 tracking.cc:571] Track 70 reference points
I0331 18:41:23.277324 701267 tracking.cc:687] Add 19 new features to 121
I0331 18:41:23.296149 701267 tracking.cc:452] Track 50 map points
I0331 18:41:23.302580 701267 tracking.cc:571] Track 72 reference points
I0331 18:41:23.305227 701267 tracking.cc:687] Add 19 new features to 122
I0331 18:41:23.334394 701267 tracking.cc:452] Track 48 map points
I0331 18:41:23.344281 701267 tracking.cc:571] Track 68 reference points
I0331 18:41:23.344326 701267 tracking.cc:279] Keyframe at 545821.686832, mappoints 48, interval 0.166731, parallax 15.1984
I0331 18:41:23.344547 701267 tracking.cc:795] Triangulate 11 3D points with 57 left, 24 reset, 0 outtime and 0 outliers
I0331 18:41:23.347605 701267 tracking.cc:687] Add 26 new features to 116
I0331 18:41:23.347882 701267 ic_gvins.cc:548] Tracking cost 23.4715 ms
I0331 18:41:23.348685 701266 ic_gvins.cc:741] Insert keyframe 126 at 545821.686832 with 11 new mappoints
I0331 18:41:23.349121 701266 ic_gvins.cc:746] Add new keyframe time node at 545821.686832
I0331 18:41:23.349177 701268 ic_gvins.cc:1851] Total 12 pose states from 545820.152288 to 545821.686832
I0331 18:41:23.350939 701268 ic_gvins.cc:1175] Add 11 preintegration, 1 GNSS, 347 reprojection
I0331 18:41:23.359786 701268 ic_gvins.cc:1184] Ceres Solver Report: Iterations: 6, Initial cost: 1.480459e+02, Final cost: 1.006590e+02, Termination: NO_CONVERGENCE
I0331 18:41:23.360013 701268 ic_gvins.cc:1294] Remove 4 reprojection factors
I0331 18:41:23.368417 701268 ic_gvins.cc:1218] Ceres Solver Report: Iterations: 4, Initial cost: 8.155782e+01, Final cost: 7.911573e+01, Termination: CONVERGENCE
E0331 18:41:23.368482 701268 ic_gvins.cc:1324] Estimated extrinsic is too large, t:    3.1722   1.09675 -0.373007, R:  88.3031 0.970441  90.9815
I0331 18:41:23.369014 701268 ic_gvins.cc:1122] Culled 4 mappoint with 4 bad observed features 0, 0, 4
I0331 18:41:23.370429 701268 ic_gvins.cc:1428] Marginalize 1 states, last time 545820.319111
I0331 18:41:23.370834 701267 tracking.cc:452] Track 58 map points
I0331 18:41:23.372212 701268 ic_gvins.cc:473] Optimization costs 23.0596 ms with 8.87237 and 8.445 with marginalization costs 1.8285
I0331 18:41:23.373787 701266 misc.cc:220] Redo INS mechanization at 545821.686832 to 545821.738697 is 0.0518651 s
I0331 18:41:23.377209 701267 tracking.cc:571] Track 69 reference points
I0331 18:41:23.379542 701267 tracking.cc:687] Add 15 new features to 127
I0331 18:41:23.392642 701216 fusion_ros.cc:232] Raw data time 545821.753691, 545821.126132, 545821.739562
I0331 18:41:23.397104 701267 tracking.cc:452] Track 53 map points
I0331 18:41:23.403829 701267 tracking.cc:571] Track 64 reference points
I0331 18:41:23.407003 701267 tracking.cc:687] Add 26 new features to 117
I0331 18:41:23.434532 701267 tracking.cc:452] Track 53 map points
I0331 18:41:23.441088 701267 tracking.cc:571] Track 75 reference points
I0331 18:41:23.444361 701267 tracking.cc:687] Add 15 new features to 128
I0331 18:41:23.468429 701267 tracking.cc:452] Track 51 map points
I0331 18:41:23.474953 701267 tracking.cc:571] Track 67 reference points
I0331 18:41:23.478071 701267 tracking.cc:687] Add 25 new features to 118
I0331 18:41:23.497437 701267 tracking.cc:452] Track 51 map points
I0331 18:41:23.504668 701267 tracking.cc:571] Track 74 reference points
I0331 18:41:23.504730 701267 tracking.cc:279] Keyframe at 545821.853407, mappoints 51, interval 0.166575, parallax 17.2599
I0331 18:41:23.505008 701267 tracking.cc:795] Triangulate 14 3D points with 60 left, 30 reset, 0 outtime and 0 outliers
I0331 18:41:23.508852 701267 tracking.cc:687] Add 18 new features to 125
I0331 18:41:23.509085 701267 ic_gvins.cc:548] Tracking cost 20.2593 ms
I0331 18:41:23.513513 701266 ic_gvins.cc:741] Insert keyframe 127 at 545821.853407 with 14 new mappoints
I0331 18:41:23.513960 701266 ic_gvins.cc:746] Add new keyframe time node at 545821.853407
I0331 18:41:23.513994 701268 ic_gvins.cc:1851] Total 12 pose states from 545820.319111 to 545821.853407
I0331 18:41:23.515658 701268 ic_gvins.cc:1175] Add 11 preintegration, 1 GNSS, 349 reprojection
I0331 18:41:23.522614 701268 ic_gvins.cc:1184] Ceres Solver Report: Iterations: 6, Initial cost: 1.733623e+02, Final cost: 1.087861e+02, Termination: NO_CONVERGENCE
I0331 18:41:23.522925 701268 ic_gvins.cc:1294] Remove 5 reprojection factors
I0331 18:41:23.534955 701267 tracking.cc:452] Track 63 map points
E0331 18:41:23.535246 701216 ic_gvins.cc:172] Lost IMU data with at 545821.897 dt 0.008
E0331 18:41:23.535349 701216 ic_gvins.cc:182] Append extra IMU data at 545821.893758
I0331 18:41:23.536962 701268 ic_gvins.cc:1218] Ceres Solver Report: Iterations: 7, Initial cost: 8.222093e+01, Final cost: 7.937631e+01, Termination: CONVERGENCE
E0331 18:41:23.537010 701268 ic_gvins.cc:1324] Estimated extrinsic is too large, t:   3.10548   1.06367 -0.398806, R:  88.306 1.22474 90.9636
I0331 18:41:23.537530 701268 ic_gvins.cc:1122] Culled 7 mappoint with 6 bad observed features 0, 1, 6
I0331 18:41:23.538139 701268 ic_gvins.cc:1428] Marginalize 1 states, last time 545820.485949
I0331 18:41:23.539762 701268 ic_gvins.cc:473] Optimization costs 25.7936 ms with 7.06346 and 14.0594 with marginalization costs 1.60811
I0331 18:41:23.543036 701267 tracking.cc:571] Track 59 reference points
I0331 18:41:23.543753 701266 misc.cc:220] Redo INS mechanization at 545821.853407 to 545821.908666 is 0.0552592 s
I0331 18:41:23.545922 701267 tracking.cc:687] Add 18 new features to 122
I0331 18:41:23.569969 701267 tracking.cc:452] Track 52 map points
I0331 18:41:23.576413 701267 tracking.cc:571] Track 61 reference points
I0331 18:41:23.580289 701267 tracking.cc:687] Add 26 new features to 113
I0331 18:41:23.597177 701267 tracking.cc:452] Track 51 map points
I0331 18:41:23.604038 701267 tracking.cc:571] Track 73 reference points
I0331 18:41:23.606380 701267 tracking.cc:687] Add 17 new features to 124
I0331 18:41:23.632050 701267 tracking.cc:452] Track 51 map points
I0331 18:41:23.638482 701267 tracking.cc:571] Track 72 reference points
I0331 18:41:23.641417 701267 tracking.cc:687] Add 19 new features to 123
E0331 18:41:23.665329 701216 ic_gvins.cc:172] Lost IMU data with at 545822.029 dt 0.015
E0331 18:41:23.665443 701216 ic_gvins.cc:182] Append extra IMU data at 545822.018687
E0331 18:41:23.665468 701216 ic_gvins.cc:182] Append extra IMU data at 545822.023687
I0331 18:41:23.673339 701267 tracking.cc:452] Track 49 map points
I0331 18:41:23.679993 701267 tracking.cc:571] Track 77 reference points
I0331 18:41:23.680043 701267 tracking.cc:279] Keyframe at 545822.019947, mappoints 49, interval 0.16654, parallax 15.182
I0331 18:41:23.680312 701267 tracking.cc:795] Triangulate 14 3D points with 61 left, 38 reset, 2 outtime and 0 outliers
I0331 18:41:23.682907 701267 tracking.cc:687] Add 18 new features to 124
I0331 18:41:23.683203 701267 ic_gvins.cc:548] Tracking cost 17.2711 ms
I0331 18:41:23.683975 701266 ic_gvins.cc:741] Insert keyframe 128 at 545822.019947 with 14 new mappoints
I0331 18:41:23.684435 701266 ic_gvins.cc:746] Add new keyframe time node at 545822.019947
I0331 18:41:23.684475 701268 ic_gvins.cc:1851] Total 12 pose states from 545820.485949 to 545822.019947
I0331 18:41:23.686278 701268 ic_gvins.cc:1175] Add 11 preintegration, 1 GNSS, 342 reprojection
I0331 18:41:23.698261 701268 ic_gvins.cc:1184] Ceres Solver Report: Iterations: 6, Initial cost: 1.808990e+02, Final cost: 9.345633e+01, Termination: NO_CONVERGENCE
I0331 18:41:23.698488 701268 ic_gvins.cc:1294] Remove 5 reprojection factors
I0331 18:41:23.699963 701267 tracking.cc:452] Track 63 map points
I0331 18:41:23.706744 701267 tracking.cc:571] Track 61 reference points
I0331 18:41:23.709323 701268 ic_gvins.cc:1218] Ceres Solver Report: Iterations: 4, Initial cost: 7.445244e+01, Final cost: 7.082098e+01, Termination: CONVERGENCE
E0331 18:41:23.709379 701268 ic_gvins.cc:1324] Estimated extrinsic is too large, t:  3.07904 0.978449 -0.36598, R: 88.3112 1.39365 90.9542
I0331 18:41:23.709841 701268 ic_gvins.cc:1122] Culled 2 mappoint with 4 bad observed features 0, 0, 2
I0331 18:41:23.709926 701267 tracking.cc:687] Add 17 new features to 124
I0331 18:41:23.711859 701268 ic_gvins.cc:1428] Marginalize 1 states, last time 545820.619519
I0331 18:41:23.713608 701268 ic_gvins.cc:473] Optimization costs 29.1579 ms with 11.9967 and 10.8624 with marginalization costs 1.83762
I0331 18:41:23.714103 701266 misc.cc:220] Redo INS mechanization at 545822.019947 to 545822.078843 is 0.058896 s
I0331 18:41:23.732959 701267 tracking.cc:452] Track 56 map points
I0331 18:41:23.743871 701267 tracking.cc:571] Track 59 reference points
I0331 18:41:23.747848 701267 tracking.cc:687] Add 27 new features to 115
I0331 18:41:23.769152 701267 tracking.cc:452] Track 55 map points
I0331 18:41:23.775636 701267 tracking.cc:571] Track 71 reference points
I0331 18:41:23.778435 701267 tracking.cc:687] Add 17 new features to 126
I0331 18:41:23.797217 701267 tracking.cc:452] Track 54 map points
I0331 18:41:23.803671 701267 tracking.cc:571] Track 71 reference points
I0331 18:41:23.807052 701267 tracking.cc:687] Add 18 new features to 125
I0331 18:41:23.831724 701267 tracking.cc:452] Track 54 map points
I0331 18:41:23.838025 701267 tracking.cc:571] Track 72 reference points
I0331 18:41:23.838075 701267 tracking.cc:279] Keyframe at 545822.186962, mappoints 54, interval 0.167015, parallax 17.8943
I0331 18:41:23.838322 701267 tracking.cc:795] Triangulate 7 3D points with 57 left, 32 reset, 1 outtime and 7 outliers
I0331 18:41:23.841776 701267 tracking.cc:687] Add 24 new features to 118
I0331 18:41:23.842068 701267 ic_gvins.cc:548] Tracking cost 17.9429 ms
I0331 18:41:23.844650 701266 ic_gvins.cc:741] Insert keyframe 129 at 545822.186962 with 7 new mappoints
I0331 18:41:23.845106 701266 ic_gvins.cc:746] Add new keyframe time node at 545822.186962
I0331 18:41:23.845155 701266 ic_gvins.cc:891] Add new GNSS time node 545822.133194
I0331 18:41:23.845570 701268 ic_gvins.cc:1851] Total 13 pose states from 545820.619519 to 545822.186962
I0331 18:41:23.847189 701268 ic_gvins.cc:1175] Add 12 preintegration, 2 GNSS, 351 reprojection
I0331 18:41:23.855612 701268 ic_gvins.cc:1184] Ceres Solver Report: Iterations: 6, Initial cost: 2.228037e+02, Final cost: 1.170248e+02, Termination: NO_CONVERGENCE
I0331 18:41:23.855842 701268 ic_gvins.cc:1294] Remove 8 reprojection factors
I0331 18:41:23.869184 701267 tracking.cc:452] Track 60 map points
I0331 18:41:23.870777 701268 ic_gvins.cc:1218] Ceres Solver Report: Iterations: 6, Initial cost: 8.291947e+01, Final cost: 7.706956e+01, Termination: CONVERGENCE
E0331 18:41:23.870836 701268 ic_gvins.cc:1324] Estimated extrinsic is too large, t:   3.16258   1.08095 -0.344565, R: 88.3222  1.5869 90.9492
I0331 18:41:23.871335 701268 ic_gvins.cc:1122] Culled 11 mappoint with 5 bad observed features 0, 0, 11
I0331 18:41:23.872071 701268 ic_gvins.cc:1428] Marginalize 1 states, last time 545820.752910
I0331 18:41:23.873678 701268 ic_gvins.cc:473] Optimization costs 28.129 ms with 8.43854 and 14.9646 with marginalization costs 1.62987
I0331 18:41:23.873909 701266 misc.cc:220] Redo INS mechanization at 545822.186962 to 545822.238862 is 0.0518999 s
I0331 18:41:23.875831 701267 tracking.cc:571] Track 69 reference points
I0331 18:41:23.879050 701267 tracking.cc:687] Add 13 new features to 129
I0331 18:41:23.899297 701267 tracking.cc:452] Track 46 map points
I0331 18:41:23.906009 701267 tracking.cc:571] Track 65 reference points
I0331 18:41:23.909464 701267 tracking.cc:687] Add 31 new features to 111
I0331 18:41:23.932242 701267 tracking.cc:452] Track 45 map points
I0331 18:41:23.938686 701267 tracking.cc:571] Track 79 reference points
I0331 18:41:23.941905 701267 tracking.cc:687] Add 18 new features to 124
I0331 18:41:23.966032 701267 tracking.cc:452] Track 45 map points
I0331 18:41:23.972690 701267 tracking.cc:571] Track 81 reference points
I0331 18:41:23.975745 701267 tracking.cc:687] Add 17 new features to 126
I0331 18:41:23.996896 701267 tracking.cc:452] Track 44 map points
I0331 18:41:24.005465 701267 tracking.cc:571] Track 84 reference points
I0331 18:41:24.005514 701267 tracking.cc:279] Keyframe at 545822.353711, mappoints 44, interval 0.166749, parallax 15.1504
I0331 18:41:24.005743 701267 tracking.cc:795] Triangulate 9 3D points with 73 left, 36 reset, 1 outtime and 1 outliers
I0331 18:41:24.008955 701267 tracking.cc:687] Add 17 new features to 126
I0331 18:41:24.009255 701267 ic_gvins.cc:548] Tracking cost 19.5976 ms
I0331 18:41:24.013789 701266 ic_gvins.cc:741] Insert keyframe 130 at 545822.353711 with 9 new mappoints
I0331 18:41:24.014237 701266 ic_gvins.cc:746] Add new keyframe time node at 545822.353711
I0331 18:41:24.014276 701268 ic_gvins.cc:1851] Total 13 pose states from 545820.752910 to 545822.353711
I0331 18:41:24.015687 701268 ic_gvins.cc:1175] Add 12 preintegration, 2 GNSS, 289 reprojection
I0331 18:41:24.023981 701268 ic_gvins.cc:1184] Ceres Solver Report: Iterations: 6, Initial cost: 1.754038e+02, Final cost: 1.031186e+02, Termination: NO_CONVERGENCE
I0331 18:41:24.024184 701268 ic_gvins.cc:1294] Remove 11 reprojection factors
I0331 18:41:24.032117 701267 tracking.cc:452] Track 50 map points
I0331 18:41:24.038703 701268 ic_gvins.cc:1218] Ceres Solver Report: Iterations: 7, Initial cost: 6.300554e+01, Final cost: 5.812078e+01, Termination: CONVERGENCE
I0331 18:41:24.038722 701267 tracking.cc:571] Track 74 reference points
E0331 18:41:24.038763 701268 ic_gvins.cc:1324] Estimated extrinsic is too large, t:   3.31109   1.11042 -0.328827, R: 88.3171 1.27047 90.9724
I0331 18:41:24.040107 701268 ic_gvins.cc:1122] Culled 7 mappoint with 5 bad observed features 0, 0, 7
I0331 18:41:24.042186 701268 ic_gvins.cc:1428] Marginalize 1 states, last time 545820.919627
I0331 18:41:24.042780 701267 tracking.cc:687] Add 18 new features to 124
I0331 18:41:24.044310 701268 ic_gvins.cc:473] Optimization costs 30.0671 ms with 8.31896 and 14.5376 with marginalization costs 2.13253
I0331 18:41:24.048997 701266 misc.cc:220] Redo INS mechanization at 545822.353711 to 545822.413858 is 0.0601476 s
I0331 18:41:24.058892 701216 fusion_ros.cc:232] Raw data time 545822.418859, 545822.133194, 545822.406308
E0331 18:41:24.065260 701216 ic_gvins.cc:172] Lost IMU data with at 545822.429 dt 0.010
E0331 18:41:24.065366 701216 ic_gvins.cc:182] Append extra IMU data at 545822.423859
I0331 18:41:24.076298 701267 tracking.cc:452] Track 42 map points
I0331 18:41:24.086036 701267 tracking.cc:571] Track 81 reference points
I0331 18:41:24.090168 701267 tracking.cc:687] Add 21 new features to 123
I0331 18:41:24.100812 701267 tracking.cc:452] Track 41 map points
I0331 18:41:24.107442 701267 tracking.cc:571] Track 87 reference points
I0331 18:41:24.109849 701267 tracking.cc:687] Add 16 new features to 128
I0331 18:41:24.135242 701267 tracking.cc:452] Track 41 map points
I0331 18:41:24.142138 701267 tracking.cc:571] Track 82 reference points
I0331 18:41:24.144644 701267 tracking.cc:687] Add 20 new features to 123
I0331 18:41:24.171042 701267 tracking.cc:452] Track 40 map points
I0331 18:41:24.177699 701267 tracking.cc:571] Track 80 reference points
I0331 18:41:24.177748 701267 tracking.cc:279] Keyframe at 545822.520287, mappoints 40, interval 0.166577, parallax 16.3094
I0331 18:41:24.177999 701267 tracking.cc:795] Triangulate 17 3D points with 62 left, 33 reset, 0 outtime and 1 outliers
I0331 18:41:24.181015 701267 tracking.cc:687] Add 24 new features to 119
I0331 18:41:24.181291 701267 ic_gvins.cc:548] Tracking cost 19.5949 ms
I0331 18:41:24.184055 701266 ic_gvins.cc:741] Insert keyframe 131 at 545822.520287 with 17 new mappoints
I0331 18:41:24.184561 701266 ic_gvins.cc:746] Add new keyframe time node at 545822.520287
I0331 18:41:24.184602 701268 ic_gvins.cc:1851] Total 13 pose states from 545820.919627 to 545822.520287
I0331 18:41:24.185967 701268 ic_gvins.cc:1175] Add 12 preintegration, 2 GNSS, 278 reprojection
I0331 18:41:24.193910 701268 ic_gvins.cc:1184] Ceres Solver Report: Iterations: 6, Initial cost: 1.507242e+02, Final cost: 8.794444e+01, Termination: NO_CONVERGENCE
I0331 18:41:24.194109 701268 ic_gvins.cc:1294] Remove 5 reprojection factors
I0331 18:41:24.197944 701267 tracking.cc:452] Track 56 map points
I0331 18:41:24.204610 701267 tracking.cc:571] Track 67 reference points
I0331 18:41:24.207682 701267 tracking.cc:687] Add 19 new features to 123
I0331 18:41:24.207685 701268 ic_gvins.cc:1218] Ceres Solver Report: Iterations: 7, Initial cost: 6.430197e+01, Final cost: 6.237404e+01, Termination: CONVERGENCE
E0331 18:41:24.207856 701268 ic_gvins.cc:1324] Estimated extrinsic is too large, t:   3.38159   1.12946 -0.365564, R:  88.3209 0.661718  90.9945
I0331 18:41:24.208336 701268 ic_gvins.cc:1122] Culled 3 mappoint with 4 bad observed features 0, 0, 3
I0331 18:41:24.209003 701268 ic_gvins.cc:1428] Marginalize 1 states, last time 545821.086593
I0331 18:41:24.210662 701268 ic_gvins.cc:473] Optimization costs 26.0882 ms with 7.98621 and 13.7158 with marginalization costs 1.68904
I0331 18:41:24.213963 701266 misc.cc:220] Redo INS mechanization at 545822.520287 to 545822.578840 is 0.058553 s
I0331 18:41:24.233855 701267 tracking.cc:452] Track 50 map points
I0331 18:41:24.240602 701267 tracking.cc:571] Track 66 reference points
I0331 18:41:24.244449 701267 tracking.cc:687] Add 26 new features to 116
I0331 18:41:24.282313 701267 tracking.cc:452] Track 49 map points
I0331 18:41:24.289331 701267 tracking.cc:571] Track 72 reference points
I0331 18:41:24.291733 701267 tracking.cc:687] Add 21 new features to 121
I0331 18:41:24.303300 701267 tracking.cc:452] Track 49 map points
I0331 18:41:24.309672 701267 tracking.cc:571] Track 78 reference points
I0331 18:41:24.311733 701267 tracking.cc:687] Add 16 new features to 127
I0331 18:41:24.332046 701267 tracking.cc:452] Track 47 map points
I0331 18:41:24.339836 701267 tracking.cc:571] Track 77 reference points
I0331 18:41:24.339885 701267 tracking.cc:279] Keyframe at 545822.687219, mappoints 47, interval 0.166932, parallax 16.0797
I0331 18:41:24.340144 701267 tracking.cc:795] Triangulate 16 3D points with 59 left, 34 reset, 2 outtime and 0 outliers
I0331 18:41:24.343235 701267 tracking.cc:687] Add 20 new features to 122
I0331 18:41:24.343528 701267 ic_gvins.cc:548] Tracking cost 18.9532 ms
I0331 18:41:24.343952 701266 ic_gvins.cc:741] Insert keyframe 132 at 545822.687219 with 16 new mappoints
I0331 18:41:24.344408 701266 ic_gvins.cc:746] Add new keyframe time node at 545822.687219
I0331 18:41:24.344449 701268 ic_gvins.cc:1851] Total 13 pose states from 545821.086593 to 545822.687219
I0331 18:41:24.345901 701268 ic_gvins.cc:1175] Add 12 preintegration, 2 GNSS, 285 reprojection
I0331 18:41:24.352247 701268 ic_gvins.cc:1184] Ceres Solver Report: Iterations: 6, Initial cost: 1.793613e+02, Final cost: 1.017608e+02, Termination: NO_CONVERGENCE
I0331 18:41:24.352435 701268 ic_gvins.cc:1294] Remove 6 reprojection factors
I0331 18:41:24.364471 701268 ic_gvins.cc:1218] Ceres Solver Report: Iterations: 8, Initial cost: 6.812822e+01, Final cost: 6.530599e+01, Termination: CONVERGENCE
E0331 18:41:24.364521 701268 ic_gvins.cc:1324] Estimated extrinsic is too large, t:   3.37869   1.09782 -0.396074, R:  88.3082 0.317136  91.0049
I0331 18:41:24.364955 701268 ic_gvins.cc:1122] Culled 5 mappoint with 5 bad observed features 0, 0, 5
I0331 18:41:24.365556 701268 ic_gvins.cc:1428] Marginalize 2 states, last time 545821.220106
I0331 18:41:24.367213 701268 ic_gvins.cc:473] Optimization costs 22.7862 ms with 6.35186 and 12.0596 with marginalization costs 1.7035
I0331 18:41:24.368898 701266 misc.cc:220] Redo INS mechanization at 545822.687219 to 545822.733854 is 0.0466351 s
I0331 18:41:24.372560 701267 tracking.cc:452] Track 63 map points
I0331 18:41:24.382030 701267 tracking.cc:571] Track 59 reference points
I0331 18:41:24.384424 701267 tracking.cc:687] Add 22 new features to 122
I0331 18:41:24.403822 701267 tracking.cc:452] Track 55 map points
I0331 18:41:24.410369 701267 tracking.cc:571] Track 61 reference points
I0331 18:41:24.413115 701267 tracking.cc:687] Add 28 new features to 116
I0331 18:41:24.437537 701267 tracking.cc:452] Track 55 map points
I0331 18:41:24.443872 701267 tracking.cc:571] Track 79 reference points
I0331 18:41:24.446223 701267 tracking.cc:687] Add 9 new features to 134
I0331 18:41:24.469471 701267 tracking.cc:452] Track 53 map points
I0331 18:41:24.475972 701267 tracking.cc:571] Track 72 reference points
I0331 18:41:24.478863 701267 tracking.cc:687] Add 18 new features to 125
I0331 18:41:24.503365 701267 tracking.cc:452] Track 53 map points
I0331 18:41:24.509627 701267 tracking.cc:571] Track 73 reference points
I0331 18:41:24.510107 701267 tracking.cc:279] Keyframe at 545822.853939, mappoints 53, interval 0.16672, parallax 15.6912
I0331 18:41:24.510365 701267 tracking.cc:795] Triangulate 12 3D points with 61 left, 35 reset, 0 outtime and 0 outliers
I0331 18:41:24.512842 701267 tracking.cc:687] Add 20 new features to 126
I0331 18:41:24.513109 701267 ic_gvins.cc:548] Tracking cost 16.8057 ms
I0331 18:41:24.515549 701266 ic_gvins.cc:741] Insert keyframe 133 at 545822.853939 with 12 new mappoints
I0331 18:41:24.516002 701266 ic_gvins.cc:746] Add new keyframe time node at 545822.853939
I0331 18:41:24.516038 701268 ic_gvins.cc:1851] Total 12 pose states from 545821.220106 to 545822.853939
I0331 18:41:24.517421 701268 ic_gvins.cc:1175] Add 11 preintegration, 1 GNSS, 280 reprojection
I0331 18:41:24.523676 701268 ic_gvins.cc:1184] Ceres Solver Report: Iterations: 6, Initial cost: 2.161394e+02, Final cost: 1.175041e+02, Termination: NO_CONVERGENCE
I0331 18:41:24.523864 701268 ic_gvins.cc:1294] Remove 7 reprojection factors
I0331 18:41:24.534811 701267 tracking.cc:452] Track 63 map points
E0331 18:41:24.536654 701216 ic_gvins.cc:172] Lost IMU data with at 545822.900 dt 0.011
E0331 18:41:24.536764 701216 ic_gvins.cc:182] Append extra IMU data at 545822.893844
I0331 18:41:24.537950 701268 ic_gvins.cc:1218] Ceres Solver Report: Iterations: 7, Initial cost: 6.209395e+01, Final cost: 5.787733e+01, Termination: CONVERGENCE
E0331 18:41:24.537995 701268 ic_gvins.cc:1324] Estimated extrinsic is too large, t:   3.43426    1.1216 -0.368196, R:    88.3006 -0.0409566    91.0174
I0331 18:41:24.538467 701268 ic_gvins.cc:1122] Culled 8 mappoint with 6 bad observed features 0, 0, 8
I0331 18:41:24.541400 701268 ic_gvins.cc:1428] Marginalize 1 states, last time 545821.353473
I0331 18:41:24.542117 701267 tracking.cc:571] Track 71 reference points
I0331 18:41:24.542794 701268 ic_gvins.cc:473] Optimization costs 26.7751 ms with 6.28588 and 14.1051 with marginalization costs 1.55973
I0331 18:41:24.543826 701266 misc.cc:220] Redo INS mechanization at 545822.853939 to 545822.908843 is 0.0549041 s
I0331 18:41:24.544414 701267 tracking.cc:687] Add 10 new features to 134
I0331 18:41:24.569123 701267 tracking.cc:452] Track 55 map points
I0331 18:41:24.575680 701267 tracking.cc:571] Track 64 reference points
I0331 18:41:24.579113 701267 tracking.cc:687] Add 24 new features to 119
I0331 18:41:24.596935 701267 tracking.cc:452] Track 53 map points
I0331 18:41:24.603250 701267 tracking.cc:571] Track 74 reference points
I0331 18:41:24.606557 701267 tracking.cc:687] Add 14 new features to 127
I0331 18:41:24.633090 701267 tracking.cc:452] Track 52 map points
I0331 18:41:24.640357 701267 tracking.cc:571] Track 71 reference points
I0331 18:41:24.643455 701267 tracking.cc:687] Add 20 new features to 123
I0331 18:41:24.668489 701267 tracking.cc:452] Track 51 map points
I0331 18:41:24.674540 701267 tracking.cc:571] Track 76 reference points
I0331 18:41:24.674589 701267 tracking.cc:279] Keyframe at 545823.020421, mappoints 51, interval 0.166481, parallax 18.1523
I0331 18:41:24.674865 701267 tracking.cc:795] Triangulate 19 3D points with 56 left, 25 reset, 0 outtime and 1 outliers
I0331 18:41:24.677242 701267 tracking.cc:687] Add 17 new features to 126
I0331 18:41:24.677531 701267 ic_gvins.cc:548] Tracking cost 15.8687 ms
I0331 18:41:24.678789 701266 ic_gvins.cc:741] Insert keyframe 134 at 545823.020421 with 19 new mappoints
I0331 18:41:24.679241 701266 ic_gvins.cc:746] Add new keyframe time node at 545823.020421
I0331 18:41:24.679289 701268 ic_gvins.cc:1851] Total 12 pose states from 545821.353473 to 545823.020421
I0331 18:41:24.680763 701268 ic_gvins.cc:1175] Add 11 preintegration, 1 GNSS, 300 reprojection
I0331 18:41:24.688185 701268 ic_gvins.cc:1184] Ceres Solver Report: Iterations: 6, Initial cost: 2.011549e+02, Final cost: 9.539709e+01, Termination: NO_CONVERGENCE
I0331 18:41:24.688400 701268 ic_gvins.cc:1294] Remove 3 reprojection factors
I0331 18:41:24.698395 701267 tracking.cc:452] Track 67 map points
I0331 18:41:24.704955 701268 ic_gvins.cc:1218] Ceres Solver Report: Iterations: 8, Initial cost: 6.438019e+01, Final cost: 6.054251e+01, Termination: CONVERGENCE
E0331 18:41:24.705093 701268 ic_gvins.cc:1324] Estimated extrinsic is too large, t:   3.38354   1.09036 -0.442937, R:  88.3152 0.221722  91.0001
I0331 18:41:24.705549 701268 ic_gvins.cc:1122] Culled 5 mappoint with 3 bad observed features 0, 0, 5
I0331 18:41:24.706248 701268 ic_gvins.cc:1428] Marginalize 1 states, last time 545821.520101
I0331 18:41:24.707402 701268 ic_gvins.cc:473] Optimization costs 28.1319 ms with 7.46426 and 16.6683 with marginalization costs 1.19607
I0331 18:41:24.707584 701267 tracking.cc:571] Track 60 reference points
I0331 18:41:24.708957 701266 misc.cc:220] Redo INS mechanization at 545823.020421 to 545823.073852 is 0.0534309 s
I0331 18:41:24.710649 701267 tracking.cc:687] Add 16 new features to 127
I0331 18:41:24.726032 701216 fusion_ros.cc:232] Raw data time 545823.088857, 545822.133194, 545823.073022
I0331 18:41:24.732726 701267 tracking.cc:452] Track 62 map points
I0331 18:41:24.739120 701267 tracking.cc:571] Track 60 reference points
I0331 18:41:24.741899 701267 tracking.cc:687] Add 20 new features to 122
I0331 18:41:24.768409 701267 tracking.cc:452] Track 61 map points
I0331 18:41:24.774729 701267 tracking.cc:571] Track 66 reference points
I0331 18:41:24.777225 701267 tracking.cc:687] Add 17 new features to 127
I0331 18:41:24.796830 701267 tracking.cc:452] Track 60 map points
I0331 18:41:24.803201 701267 tracking.cc:571] Track 67 reference points
I0331 18:41:24.805629 701267 tracking.cc:687] Add 17 new features to 127
I0331 18:41:24.832795 701267 tracking.cc:452] Track 58 map points
I0331 18:41:24.841482 701267 tracking.cc:571] Track 68 reference points
I0331 18:41:24.841542 701267 tracking.cc:279] Keyframe at 545823.187159, mappoints 58, interval 0.166739, parallax 15.326
I0331 18:41:24.841830 701267 tracking.cc:795] Triangulate 17 3D points with 50 left, 20 reset, 0 outtime and 1 outliers
I0331 18:41:24.844229 701267 tracking.cc:687] Add 19 new features to 125
I0331 18:41:24.844508 701267 ic_gvins.cc:548] Tracking cost 19.5884 ms
I0331 18:41:24.844569 701266 ic_gvins.cc:741] Insert keyframe 135 at 545823.187159 with 17 new mappoints
I0331 18:41:24.845013 701266 ic_gvins.cc:746] Add new keyframe time node at 545823.187159
I0331 18:41:24.845046 701266 ic_gvins.cc:891] Add new GNSS time node 545823.122121
I0331 18:41:24.845458 701268 ic_gvins.cc:1851] Total 13 pose states from 545821.520101 to 545823.187159
I0331 18:41:24.847141 701268 ic_gvins.cc:1175] Add 12 preintegration, 2 GNSS, 325 reprojection
I0331 18:41:24.853513 701268 ic_gvins.cc:1184] Ceres Solver Report: Iterations: 6, Initial cost: 1.933748e+02, Final cost: 1.001869e+02, Termination: NO_CONVERGENCE
I0331 18:41:24.853741 701268 ic_gvins.cc:1294] Remove 7 reprojection factors
I0331 18:41:24.862092 701268 ic_gvins.cc:1218] Ceres Solver Report: Iterations: 6, Initial cost: 6.428684e+01, Final cost: 6.135329e+01, Termination: CONVERGENCE
E0331 18:41:24.862156 701268 ic_gvins.cc:1324] Estimated extrinsic is too large, t:   3.18865  0.902257 -0.319478, R: 88.2929 1.31643 90.9499
I0331 18:41:24.862619 701268 ic_gvins.cc:1122] Culled 3 mappoint with 5 bad observed features 0, 0, 3
I0331 18:41:24.864037 701268 ic_gvins.cc:1428] Marginalize 1 states, last time 545821.686832
I0331 18:41:24.866020 701268 ic_gvins.cc:473] Optimization costs 20.5956 ms with 6.37705 and 8.38075 with marginalization costs 2.15951
I0331 18:41:24.869143 701266 misc.cc:220] Redo INS mechanization at 545823.187159 to 545823.233863 is 0.0467033 s
I0331 18:41:24.869685 701267 tracking.cc:452] Track 74 map points
I0331 18:41:24.876766 701267 tracking.cc:571] Track 50 reference points
I0331 18:41:24.879256 701267 tracking.cc:687] Add 18 new features to 124
I0331 18:41:24.903982 701267 tracking.cc:452] Track 65 map points
I0331 18:41:24.911260 701267 tracking.cc:571] Track 55 reference points
I0331 18:41:24.914830 701267 tracking.cc:687] Add 24 new features to 120
I0331 18:41:24.932096 701267 tracking.cc:452] Track 64 map points
I0331 18:41:24.939214 701267 tracking.cc:571] Track 66 reference points
I0331 18:41:24.943840 701267 tracking.cc:687] Add 11 new features to 130
I0331 18:41:24.970541 701267 tracking.cc:452] Track 60 map points
I0331 18:41:24.976581 701267 tracking.cc:571] Track 64 reference points
I0331 18:41:24.978960 701267 tracking.cc:687] Add 18 new features to 124
I0331 18:41:25.003396 701267 tracking.cc:452] Track 60 map points
I0331 18:41:25.009827 701267 tracking.cc:571] Track 66 reference points
I0331 18:41:25.009871 701267 tracking.cc:279] Keyframe at 545823.354318, mappoints 60, interval 0.167159, parallax 18.7875
I0331 18:41:25.010098 701267 tracking.cc:795] Triangulate 10 3D points with 54 left, 29 reset, 2 outtime and 0 outliers
I0331 18:41:25.013357 701267 tracking.cc:687] Add 15 new features to 124
I0331 18:41:25.013626 701267 ic_gvins.cc:548] Tracking cost 17.6387 ms
I0331 18:41:25.013864 701266 ic_gvins.cc:741] Insert keyframe 136 at 545823.354318 with 10 new mappoints
I0331 18:41:25.014319 701266 ic_gvins.cc:746] Add new keyframe time node at 545823.354318
I0331 18:41:25.015096 701268 ic_gvins.cc:1851] Total 13 pose states from 545821.686832 to 545823.354318
I0331 18:41:25.016755 701268 ic_gvins.cc:1175] Add 12 preintegration, 2 GNSS, 345 reprojection
I0331 18:41:25.024019 701268 ic_gvins.cc:1184] Ceres Solver Report: Iterations: 6, Initial cost: 1.833701e+02, Final cost: 1.039863e+02, Termination: NO_CONVERGENCE
I0331 18:41:25.024251 701268 ic_gvins.cc:1294] Remove 4 reprojection factors
I0331 18:41:25.032297 701267 tracking.cc:452] Track 69 map points
I0331 18:41:25.038901 701268 ic_gvins.cc:1218] Ceres Solver Report: Iterations: 6, Initial cost: 6.934314e+01, Final cost: 6.698810e+01, Termination: CONVERGENCE
E0331 18:41:25.038955 701268 ic_gvins.cc:1324] Estimated extrinsic is too large, t:   3.15798  0.894829 -0.331512, R: 88.2873 1.37949 90.9453
I0331 18:41:25.039438 701268 ic_gvins.cc:1122] Culled 6 mappoint with 3 bad observed features 0, 0, 6
I0331 18:41:25.039657 701267 tracking.cc:571] Track 55 reference points
I0331 18:41:25.040061 701268 ic_gvins.cc:1428] Marginalize 1 states, last time 545821.853407
I0331 18:41:25.042865 701267 tracking.cc:687] Add 13 new features to 124
I0331 18:41:25.044461 701268 ic_gvins.cc:473] Optimization costs 29.4032 ms with 7.26602 and 14.6746 with marginalization costs 4.21549
I0331 18:41:25.045325 701266 misc.cc:220] Redo INS mechanization at 545823.354318 to 545823.408839 is 0.0545204 s
I0331 18:41:25.069396 701267 tracking.cc:452] Track 59 map points
I0331 18:41:25.075681 701267 tracking.cc:571] Track 51 reference points
I0331 18:41:25.079120 701267 tracking.cc:687] Add 28 new features to 110
I0331 18:41:25.103745 701267 tracking.cc:452] Track 56 map points
I0331 18:41:25.110313 701267 tracking.cc:571] Track 60 reference points
I0331 18:41:25.114022 701267 tracking.cc:687] Add 23 new features to 116
I0331 18:41:25.131960 701267 tracking.cc:452] Track 56 map points
I0331 18:41:25.138149 701267 tracking.cc:571] Track 66 reference points
I0331 18:41:25.141216 701267 tracking.cc:687] Add 19 new features to 122
I0331 18:41:25.168340 701267 tracking.cc:452] Track 54 map points
I0331 18:41:25.174393 701267 tracking.cc:571] Track 64 reference points
I0331 18:41:25.174440 701267 tracking.cc:279] Keyframe at 545823.521201, mappoints 54, interval 0.166883, parallax 15.6115
I0331 18:41:25.174690 701267 tracking.cc:795] Triangulate 14 3D points with 50 left, 27 reset, 0 outtime and 0 outliers
I0331 18:41:25.177903 701267 tracking.cc:687] Add 22 new features to 118
I0331 18:41:25.178174 701267 ic_gvins.cc:548] Tracking cost 16.7337 ms
I0331 18:41:25.178974 701266 ic_gvins.cc:741] Insert keyframe 137 at 545823.521201 with 14 new mappoints
I0331 18:41:25.179435 701266 ic_gvins.cc:746] Add new keyframe time node at 545823.521201
I0331 18:41:25.179494 701268 ic_gvins.cc:1851] Total 13 pose states from 545821.853407 to 545823.521201
I0331 18:41:25.181175 701268 ic_gvins.cc:1175] Add 12 preintegration, 2 GNSS, 350 reprojection
I0331 18:41:25.190141 701268 ic_gvins.cc:1184] Ceres Solver Report: Iterations: 6, Initial cost: 1.892704e+02, Final cost: 1.111100e+02, Termination: NO_CONVERGENCE
I0331 18:41:25.190448 701268 ic_gvins.cc:1294] Remove 5 reprojection factors
I0331 18:41:25.199127 701268 ic_gvins.cc:1218] Ceres Solver Report: Iterations: 5, Initial cost: 6.409745e+01, Final cost: 6.256134e+01, Termination: CONVERGENCE
E0331 18:41:25.199184 701268 ic_gvins.cc:1324] Estimated extrinsic is too large, t:   3.15309   1.05057 -0.292634, R: 88.3069 1.49781 90.9442
I0331 18:41:25.200168 701268 ic_gvins.cc:1122] Culled 2 mappoint with 3 bad observed features 0, 0, 2
I0331 18:41:25.200986 701268 ic_gvins.cc:1428] Marginalize 1 states, last time 545822.019947
I0331 18:41:25.202364 701268 ic_gvins.cc:473] Optimization costs 22.8904 ms with 9.03739 and 8.70801 with marginalization costs 1.40968
I0331 18:41:25.203788 701266 misc.cc:220] Redo INS mechanization at 545823.521201 to 545823.563867 is 0.0426654 s
I0331 18:41:25.204324 701267 tracking.cc:452] Track 68 map points
I0331 18:41:25.210878 701267 tracking.cc:571] Track 56 reference points
I0331 18:41:25.214280 701267 tracking.cc:687] Add 17 new features to 124
I0331 18:41:25.231076 701267 tracking.cc:452] Track 62 map points
I0331 18:41:25.237339 701267 tracking.cc:571] Track 61 reference points
I0331 18:41:25.240542 701267 tracking.cc:687] Add 18 new features to 123
I0331 18:41:25.268023 701267 tracking.cc:452] Track 62 map points
I0331 18:41:25.274398 701267 tracking.cc:571] Track 64 reference points
I0331 18:41:25.277592 701267 tracking.cc:687] Add 14 new features to 126
I0331 18:41:25.304478 701267 tracking.cc:452] Track 61 map points
I0331 18:41:25.310945 701267 tracking.cc:571] Track 64 reference points
I0331 18:41:25.313349 701267 tracking.cc:687] Add 14 new features to 125
I0331 18:41:25.332049 701267 tracking.cc:452] Track 58 map points
I0331 18:41:25.338378 701267 tracking.cc:571] Track 66 reference points
I0331 18:41:25.338428 701267 tracking.cc:279] Keyframe at 545823.687876, mappoints 58, interval 0.166675, parallax 16.4115
I0331 18:41:25.338687 701267 tracking.cc:795] Triangulate 14 3D points with 52 left, 28 reset, 0 outtime and 0 outliers
I0331 18:41:25.341849 701267 tracking.cc:687] Add 15 new features to 124
I0331 18:41:25.342154 701267 ic_gvins.cc:548] Tracking cost 17.6017 ms
I0331 18:41:25.345570 701266 ic_gvins.cc:741] Insert keyframe 138 at 545823.687876 with 14 new mappoints
I0331 18:41:25.346014 701266 ic_gvins.cc:746] Add new keyframe time node at 545823.687876
I0331 18:41:25.346055 701268 ic_gvins.cc:1851] Total 13 pose states from 545822.019947 to 545823.687876
I0331 18:41:25.347796 701268 ic_gvins.cc:1175] Add 12 preintegration, 2 GNSS, 391 reprojection
I0331 18:41:25.357604 701268 ic_gvins.cc:1184] Ceres Solver Report: Iterations: 6, Initial cost: 1.896109e+02, Final cost: 1.183963e+02, Termination: NO_CONVERGENCE
I0331 18:41:25.357839 701268 ic_gvins.cc:1294] Remove 3 reprojection factors
I0331 18:41:25.368079 701268 ic_gvins.cc:1218] Ceres Solver Report: Iterations: 5, Initial cost: 7.141739e+01, Final cost: 7.004317e+01, Termination: CONVERGENCE
E0331 18:41:25.368136 701268 ic_gvins.cc:1324] Estimated extrinsic is too large, t:   3.1631  1.04611 -0.29991, R: 88.3061 1.45667 90.9486
I0331 18:41:25.368674 701268 ic_gvins.cc:1122] Culled 4 mappoint with 2 bad observed features 0, 0, 4
I0331 18:41:25.369670 701268 ic_gvins.cc:1428] Marginalize 2 states, last time 545822.186962
I0331 18:41:25.371667 701268 ic_gvins.cc:473] Optimization costs 25.6459 ms with 9.82405 and 10.2694 with marginalization costs 2.03992
I0331 18:41:25.372169 701267 tracking.cc:452] Track 68 map points
I0331 18:41:25.376298 701266 misc.cc:220] Redo INS mechanization at 545823.687876 to 545823.738873 is 0.0509974 s
I0331 18:41:25.378572 701267 tracking.cc:571] Track 60 reference points
I0331 18:41:25.382545 701267 tracking.cc:687] Add 12 new features to 128
I0331 18:41:25.392956 701216 fusion_ros.cc:232] Raw data time 545823.753851, 545823.122121, 545823.739735
I0331 18:41:25.403455 701267 tracking.cc:452] Track 58 map points
I0331 18:41:25.409734 701267 tracking.cc:571] Track 61 reference points
I0331 18:41:25.412863 701267 tracking.cc:687] Add 24 new features to 119
I0331 18:41:25.432732 701267 tracking.cc:452] Track 54 map points
I0331 18:41:25.439628 701267 tracking.cc:571] Track 72 reference points
I0331 18:41:25.442139 701267 tracking.cc:687] Add 17 new features to 126
I0331 18:41:25.469293 701267 tracking.cc:452] Track 54 map points
I0331 18:41:25.476032 701267 tracking.cc:571] Track 67 reference points
I0331 18:41:25.480073 701267 tracking.cc:687] Add 22 new features to 121
I0331 18:41:25.503325 701267 tracking.cc:452] Track 54 map points
I0331 18:41:25.510475 701267 tracking.cc:571] Track 76 reference points
I0331 18:41:25.510516 701267 tracking.cc:279] Keyframe at 545823.854729, mappoints 54, interval 0.166853, parallax 16.9813
I0331 18:41:25.510771 701267 tracking.cc:795] Triangulate 13 3D points with 61 left, 36 reset, 2 outtime and 0 outliers
I0331 18:41:25.513267 701267 tracking.cc:687] Add 15 new features to 128
I0331 18:41:25.513540 701267 ic_gvins.cc:548] Tracking cost 17.424 ms
I0331 18:41:25.513903 701266 ic_gvins.cc:741] Insert keyframe 139 at 545823.854729 with 13 new mappoints
I0331 18:41:25.514356 701266 ic_gvins.cc:746] Add new keyframe time node at 545823.854729
I0331 18:41:25.514391 701268 ic_gvins.cc:1851] Total 12 pose states from 545822.186962 to 545823.854729
I0331 18:41:25.516150 701268 ic_gvins.cc:1175] Add 11 preintegration, 1 GNSS, 403 reprojection
I0331 18:41:25.524322 701268 ic_gvins.cc:1184] Ceres Solver Report: Iterations: 6, Initial cost: 1.555798e+02, Final cost: 7.586787e+01, Termination: NO_CONVERGENCE
I0331 18:41:25.524569 701268 ic_gvins.cc:1294] Remove 0 reprojection factors
I0331 18:41:25.529516 701268 ic_gvins.cc:1218] Ceres Solver Report: Iterations: 2, Initial cost: 7.586787e+01, Final cost: 7.586767e+01, Termination: CONVERGENCE
E0331 18:41:25.529584 701268 ic_gvins.cc:1324] Estimated extrinsic is too large, t:   3.15438   1.09403 -0.313961, R: 88.3111 1.75723 90.9296
I0331 18:41:25.530115 701268 ic_gvins.cc:1122] Culled 3 mappoint with 0 bad observed features 0, 0, 3
I0331 18:41:25.530889 701268 ic_gvins.cc:1428] Marginalize 1 states, last time 545822.353711
I0331 18:41:25.532717 701267 tracking.cc:452] Track 66 map points
I0331 18:41:25.532860 701268 ic_gvins.cc:473] Optimization costs 18.486 ms with 8.2106 and 4.98712 with marginalization costs 1.98229
I0331 18:41:25.534776 701266 misc.cc:220] Redo INS mechanization at 545823.854729 to 545823.898960 is 0.0442306 s
I0331 18:41:25.540561 701267 tracking.cc:571] Track 61 reference points
I0331 18:41:25.543124 701267 tracking.cc:687] Add 15 new features to 127
I0331 18:41:25.570616 701267 tracking.cc:452] Track 52 map points
I0331 18:41:25.577172 701267 tracking.cc:571] Track 59 reference points
I0331 18:41:25.581173 701267 tracking.cc:687] Add 31 new features to 111
I0331 18:41:25.603441 701267 tracking.cc:452] Track 50 map points
I0331 18:41:25.610291 701267 tracking.cc:571] Track 79 reference points
I0331 18:41:25.613582 701267 tracking.cc:687] Add 13 new features to 129
I0331 18:41:25.631596 701267 tracking.cc:452] Track 48 map points
I0331 18:41:25.638226 701267 tracking.cc:571] Track 78 reference points
I0331 18:41:25.643066 701267 tracking.cc:687] Add 17 new features to 126
I0331 18:41:25.666901 701267 tracking.cc:452] Track 48 map points
I0331 18:41:25.673553 701267 tracking.cc:571] Track 74 reference points
I0331 18:41:25.673594 701267 tracking.cc:279] Keyframe at 545824.021593, mappoints 48, interval 0.166864, parallax 16.8593
I0331 18:41:25.673835 701267 tracking.cc:795] Triangulate 11 3D points with 61 left, 30 reset, 1 outtime and 1 outliers
