I0323 20:46:16.372967 3276147 tracking.cc:452] Track 44 map points
I0323 20:46:16.380317 3276147 tracking.cc:571] Track 83 reference points
I0323 20:46:16.380378 3276147 tracking.cc:279] Keyframe at 545803.828533, mappoints 44, interval 0.169866, parallax 18.7038
I0323 20:46:16.380702 3276147 tracking.cc:795] Triangulate 18 3D points with 58 left, 41 reset, 4 outtime and 3 outliers
I0323 20:46:16.385202 3276147 tracking.cc:687] Add 22 new features to 120
I0323 20:46:16.385545 3276147 ic_gvins.cc:553] Tracking cost 21.3809 ms
I0323 20:46:16.389273 3276146 ic_gvins.cc:746] Insert keyframe 16 at 545803.828533 with 18 new mappoints
I0323 20:46:16.389773 3276146 ic_gvins.cc:751] Add new keyframe time node at 545803.828533
I0323 20:46:16.389832 3276148 ic_gvins.cc:1856] Total 12 pose states from 545802.271013 to 545803.828533
I0323 20:46:16.391132 3276148 ic_gvins.cc:1180] Add 11 preintegration, 1 GNSS, 182 reprojection
I0323 20:46:16.403153 3276148 ic_gvins.cc:1189] Ceres Solver Report: Iterations: 6, Initial cost: 1.044921e+02, Final cost: 4.013776e+01, Termination: NO_CONVERGENCE
I0323 20:46:16.403302 3276148 ic_gvins.cc:1299] Remove 0 reprojection factors
I0323 20:46:16.403793 3276147 tracking.cc:452] Track 60 map points
I0323 20:46:16.414840 3276147 tracking.cc:571] Track 64 reference points
I0323 20:46:16.420454 3276147 tracking.cc:687] Add 20 new features to 124
I0323 20:46:16.425542 3276148 ic_gvins.cc:1223] Ceres Solver Report: Iterations: 16, Initial cost: 4.055841e+01, Final cost: 3.889338e+01, Termination: NO_CONVERGENCE
E0323 20:46:16.425700 3276148 ic_gvins.cc:1329] Estimated extrinsic is too large, t:  0.634821 -0.951659   1.21587, R: 89.6578   9.657  90.942
I0323 20:46:16.426113 3276148 ic_gvins.cc:1127] Culled 23 mappoint with 4 bad observed features 0, 0, 23
I0323 20:46:16.426712 3276148 ic_gvins.cc:1433] Marginalize 1 states, last time 545802.437695
I0323 20:46:16.428835 3276148 ic_gvins.cc:478] Optimization costs 39.0437 ms with 12.0554 and 22.3635 with marginalization costs 2.18549
I0323 20:46:16.429154 3276146 misc.cc:220] Redo INS mechanization at 545803.828533 to 545803.897106 is 0.0685726 s
I0323 20:46:16.436906 3276147 tracking.cc:452] Track 39 map points
I0323 20:46:16.447801 3276147 tracking.cc:571] Track 66 reference points
I0323 20:46:16.454007 3276147 tracking.cc:687] Add 38 new features to 105
I0323 20:46:16.469301 3276147 tracking.cc:452] Track 37 map points
I0323 20:46:16.482673 3276147 tracking.cc:571] Track 92 reference points
I0323 20:46:16.487030 3276147 tracking.cc:687] Add 13 new features to 129
I0323 20:46:16.503078 3276147 tracking.cc:452] Track 37 map points
I0323 20:46:16.511184 3276147 tracking.cc:571] Track 92 reference points
I0323 20:46:16.511247 3276147 tracking.cc:279] Keyframe at 545803.957875, mappoints 37, interval 0.129342, parallax 15.8015
I0323 20:46:16.511530 3276147 tracking.cc:795] Triangulate 22 3D points with 70 left, 44 reset, 0 outtime and 0 outliers
I0323 20:46:16.515462 3276147 tracking.cc:687] Add 12 new features to 129
I0323 20:46:16.515779 3276147 ic_gvins.cc:553] Tracking cost 21.0254 ms
I0323 20:46:16.519024 3276146 ic_gvins.cc:746] Insert keyframe 17 at 545803.957875 with 22 new mappoints
I0323 20:46:16.519430 3276146 ic_gvins.cc:751] Add new keyframe time node at 545803.957875
I0323 20:46:16.519495 3276148 ic_gvins.cc:1856] Total 12 pose states from 545802.437695 to 545803.957875
I0323 20:46:16.520891 3276148 ic_gvins.cc:1180] Add 11 preintegration, 1 GNSS, 165 reprojection
I0323 20:46:16.534844 3276147 tracking.cc:452] Track 58 map points
I0323 20:46:16.535538 3276148 ic_gvins.cc:1189] Ceres Solver Report: Iterations: 6, Initial cost: 1.138476e+02, Final cost: 3.374406e+01, Termination: NO_CONVERGENCE
I0323 20:46:16.535661 3276148 ic_gvins.cc:1299] Remove 0 reprojection factors
I0323 20:46:16.543533 3276147 tracking.cc:571] Track 67 reference points
I0323 20:46:16.548039 3276147 tracking.cc:687] Add 16 new features to 125
E0323 20:46:16.556942 3276099 ic_gvins.cc:172] Lost IMU data with at 545804.025 dt 0.008
E0323 20:46:16.557085 3276099 ic_gvins.cc:182] Append extra IMU data at 545804.022100
I0323 20:46:16.564153 3276148 ic_gvins.cc:1223] Ceres Solver Report: Iterations: 15, Initial cost: 3.468941e+01, Final cost: 3.343404e+01, Termination: CONVERGENCE
E0323 20:46:16.564245 3276148 ic_gvins.cc:1329] Estimated extrinsic is too large, t:  2.18475 -1.49343  3.27567, R:  89.315 9.05848 90.2754
I0323 20:46:16.564728 3276148 ic_gvins.cc:1127] Culled 38 mappoint with 9 bad observed features 0, 0, 38
I0323 20:46:16.565418 3276148 ic_gvins.cc:1433] Marginalize 1 states, last time 545802.604377
I0323 20:46:16.566409 3276148 ic_gvins.cc:478] Optimization costs 46.9476 ms with 14.6498 and 28.5274 with marginalization costs 1.06785
I0323 20:46:16.567727 3276147 tracking.cc:452] Track 56 map points
I0323 20:46:16.569123 3276146 misc.cc:220] Redo INS mechanization at 545803.957875 to 545804.037109 is 0.079234 s
I0323 20:46:16.575824 3276147 tracking.cc:571] Track 70 reference points
I0323 20:46:16.580399 3276147 tracking.cc:687] Add 14 new features to 126
I0323 20:46:16.598414 3276147 tracking.cc:452] Track 20 map points
I0323 20:46:16.606583 3276147 tracking.cc:571] Track 69 reference points
I0323 20:46:16.610394 3276147 tracking.cc:687] Add 53 new features to 89
I0323 20:46:16.631021 3276147 tracking.cc:452] Track 20 map points
I0323 20:46:16.639317 3276147 tracking.cc:571] Track 110 reference points
I0323 20:46:16.643046 3276147 tracking.cc:687] Add 11 new features to 130
I0323 20:46:16.664489 3276147 tracking.cc:452] Track 20 map points
I0323 20:46:16.672504 3276147 tracking.cc:571] Track 104 reference points
I0323 20:46:16.672570 3276147 tracking.cc:279] Keyframe at 545804.113147, mappoints 20, interval 0.155271, parallax 18.1531
I0323 20:46:16.672889 3276147 tracking.cc:795] Triangulate 14 3D points with 85 left, 55 reset, 0 outtime and 5 outliers
I0323 20:46:16.677088 3276147 tracking.cc:687] Add 24 new features to 119
I0323 20:46:16.677423 3276147 ic_gvins.cc:553] Tracking cost 22.254 ms
I0323 20:46:16.679090 3276146 ic_gvins.cc:746] Insert keyframe 18 at 545804.113147 with 14 new mappoints
I0323 20:46:16.679548 3276146 ic_gvins.cc:751] Add new keyframe time node at 545804.113147
I0323 20:46:16.679622 3276148 ic_gvins.cc:1856] Total 12 pose states from 545802.604377 to 545804.113147
I0323 20:46:16.680583 3276148 ic_gvins.cc:1180] Add 11 preintegration, 1 GNSS, 102 reprojection
I0323 20:46:16.684502 3276148 ic_gvins.cc:1189] Ceres Solver Report: Iterations: 6, Initial cost: 1.256241e+02, Final cost: 2.406827e+01, Termination: NO_CONVERGENCE
I0323 20:46:16.684603 3276148 ic_gvins.cc:1299] Remove 0 reprojection factors
I0323 20:46:16.696795 3276148 ic_gvins.cc:1223] Ceres Solver Report: Iterations: 16, Initial cost: 2.473103e+01, Final cost: 2.442256e+01, Termination: NO_CONVERGENCE
E0323 20:46:16.696854 3276148 ic_gvins.cc:1329] Estimated extrinsic is too large, t:   1.4358 -1.56737  4.12263, R: 89.6141 12.8886 91.0258
I0323 20:46:16.697201 3276148 ic_gvins.cc:1127] Culled 17 mappoint with 7 bad observed features 0, 1, 16
I0323 20:46:16.697695 3276148 ic_gvins.cc:1433] Marginalize 1 states, last time 545802.771059
I0323 20:46:16.698192 3276148 ic_gvins.cc:478] Optimization costs 18.6 ms with 3.94756 and 12.2189 with marginalization costs 0.620966
I0323 20:46:16.698889 3276146 misc.cc:220] Redo INS mechanization at 545804.113147 to 545804.167103 is 0.0539565 s
I0323 20:46:16.701321 3276147 tracking.cc:452] Track 33 map points
I0323 20:46:16.710903 3276147 tracking.cc:571] Track 86 reference points
I0323 20:46:16.715696 3276147 tracking.cc:687] Add 23 new features to 119
I0323 20:46:16.738059 3276147 tracking.cc:452] Track 17 map points
I0323 20:46:16.746539 3276147 tracking.cc:571] Track 95 reference points
I0323 20:46:16.751417 3276147 tracking.cc:687] Add 32 new features to 112
I0323 20:46:16.768193 3276147 tracking.cc:452] Track 17 map points
I0323 20:46:16.776099 3276147 tracking.cc:571] Track 113 reference points
I0323 20:46:16.779089 3276147 tracking.cc:687] Add 15 new features to 130
I0323 20:46:16.801383 3276147 tracking.cc:452] Track 17 map points
I0323 20:46:16.808661 3276147 tracking.cc:571] Track 112 reference points
I0323 20:46:16.811947 3276147 tracking.cc:687] Add 16 new features to 129
I0323 20:46:16.842867 3276147 tracking.cc:452] Track 17 map points
I0323 20:46:16.850468 3276147 tracking.cc:571] Track 111 reference points
I0323 20:46:16.850528 3276147 tracking.cc:279] Keyframe at 545804.293263, mappoints 17, interval 0.180116, parallax 18.2186
I0323 20:46:16.850921 3276147 tracking.cc:795] Triangulate 36 3D points with 68 left, 35 reset, 2 outtime and 5 outliers
I0323 20:46:16.858327 3276147 tracking.cc:687] Add 23 new features to 121
I0323 20:46:16.858680 3276147 ic_gvins.cc:553] Tracking cost 25.5604 ms
I0323 20:46:16.859256 3276146 ic_gvins.cc:746] Insert keyframe 19 at 545804.293263 with 36 new mappoints
I0323 20:46:16.859768 3276146 ic_gvins.cc:751] Add new keyframe time node at 545804.293263
I0323 20:46:16.859791 3276146 ic_gvins.cc:847] Add new GNSS 545804.136220 align to 545804.113147
I0323 20:46:16.859838 3276148 ic_gvins.cc:1856] Total 12 pose states from 545802.771059 to 545804.293263
I0323 20:46:16.861163 3276148 ic_gvins.cc:1180] Add 11 preintegration, 2 GNSS, 106 reprojection
I0323 20:46:16.868860 3276148 ic_gvins.cc:1189] Ceres Solver Report: Iterations: 6, Initial cost: 1.597518e+02, Final cost: 3.767854e+01, Termination: NO_CONVERGENCE
I0323 20:46:16.868938 3276148 ic_gvins.cc:1270] Detect 1 GNSS outliers at 545804.293263
I0323 20:46:16.869005 3276148 ic_gvins.cc:1299] Remove 0 reprojection factors
I0323 20:46:16.869230 3276147 tracking.cc:452] Track 51 map points
I0323 20:46:16.877496 3276147 tracking.cc:571] Track 75 reference points
I0323 20:46:16.886127 3276147 tracking.cc:687] Add 17 new features to 126
I0323 20:46:16.891140 3276148 ic_gvins.cc:1223] Ceres Solver Report: Iterations: 16, Initial cost: 3.478943e+01, Final cost: 3.208194e+01, Termination: NO_CONVERGENCE
E0323 20:46:16.891204 3276148 ic_gvins.cc:1329] Estimated extrinsic is too large, t:   5.52348 -0.545027   1.69461, R: 89.7349 -17.144 90.7877
I0323 20:46:16.891625 3276148 ic_gvins.cc:1127] Culled 11 mappoint with 7 bad observed features 0, 0, 11
I0323 20:46:16.892313 3276148 ic_gvins.cc:1433] Marginalize 1 states, last time 545802.937740
I0323 20:46:16.895812 3276148 ic_gvins.cc:478] Optimization costs 36.0193 ms with 7.7132 and 22.0636 with marginalization costs 3.3113
I0323 20:46:16.899091 3276146 misc.cc:220] Redo INS mechanization at 545804.293263 to 545804.367084 is 0.0738211 s
I0323 20:46:16.902083 3276147 tracking.cc:452] Track 39 map points
I0323 20:46:16.909109 3276147 tracking.cc:571] Track 78 reference points
I0323 20:46:16.913528 3276147 tracking.cc:687] Add 27 new features to 117
I0323 20:46:16.921479 3276099 fusion_ros.cc:232] Raw data time 545804.387095, 545804.136220, 545804.371204
I0323 20:46:16.934121 3276147 tracking.cc:452] Track 38 map points
I0323 20:46:16.942731 3276147 tracking.cc:571] Track 88 reference points
I0323 20:46:16.945290 3276147 tracking.cc:687] Add 19 new features to 126
I0323 20:46:16.969266 3276147 tracking.cc:452] Track 38 map points
I0323 20:46:16.976245 3276147 tracking.cc:571] Track 88 reference points
I0323 20:46:16.976321 3276147 tracking.cc:279] Keyframe at 545804.422565, mappoints 38, interval 0.129302, parallax 16.1348
I0323 20:46:16.976641 3276147 tracking.cc:795] Triangulate 24 3D points with 61 left, 27 reset, 1 outtime and 2 outliers
I0323 20:46:16.979316 3276147 tracking.cc:687] Add 22 new features to 123
I0323 20:46:16.979697 3276147 ic_gvins.cc:553] Tracking cost 18.5807 ms
I0323 20:46:16.984020 3276146 ic_gvins.cc:746] Insert keyframe 20 at 545804.422565 with 24 new mappoints
I0323 20:46:16.984428 3276146 ic_gvins.cc:751] Add new keyframe time node at 545804.422565
I0323 20:46:16.984484 3276148 ic_gvins.cc:1856] Total 12 pose states from 545802.937740 to 545804.422565
I0323 20:46:16.985730 3276148 ic_gvins.cc:1180] Add 11 preintegration, 2 GNSS, 144 reprojection
I0323 20:46:16.992894 3276148 ic_gvins.cc:1189] Ceres Solver Report: Iterations: 6, Initial cost: 1.748150e+02, Final cost: 4.422615e+01, Termination: NO_CONVERGENCE
I0323 20:46:16.993046 3276148 ic_gvins.cc:1299] Remove 1 reprojection factors
I0323 20:46:16.998431 3276147 tracking.cc:452] Track 61 map points
I0323 20:46:17.006057 3276147 tracking.cc:571] Track 67 reference points
I0323 20:46:17.009228 3276147 tracking.cc:687] Add 15 new features to 128
I0323 20:46:17.020145 3276148 ic_gvins.cc:1223] Ceres Solver Report: Iterations: 16, Initial cost: 4.212658e+01, Final cost: 4.135471e+01, Termination: NO_CONVERGENCE
E0323 20:46:17.020229 3276148 ic_gvins.cc:1329] Estimated extrinsic is too large, t:   4.39335 0.0865372   0.25476, R:  89.5084 -19.8492  91.7715
I0323 20:46:17.020664 3276148 ic_gvins.cc:1127] Culled 15 mappoint with 6 bad observed features 0, 0, 15
I0323 20:46:17.021407 3276148 ic_gvins.cc:1433] Marginalize 1 states, last time 545803.076267
I0323 20:46:17.024096 3276148 ic_gvins.cc:478] Optimization costs 39.6609 ms with 7.20539 and 27.1433 with marginalization costs 2.74508
I0323 20:46:17.024523 3276146 misc.cc:220] Redo INS mechanization at 545804.422565 to 545804.492059 is 0.0694942 s
I0323 20:46:17.030237 3276147 tracking.cc:452] Track 47 map points
I0323 20:46:17.040617 3276147 tracking.cc:571] Track 68 reference points
I0323 20:46:17.049751 3276147 tracking.cc:687] Add 28 new features to 115
I0323 20:46:17.065625 3276147 tracking.cc:452] Track 45 map points
I0323 20:46:17.074270 3276147 tracking.cc:571] Track 78 reference points
I0323 20:46:17.077132 3276147 tracking.cc:687] Add 19 new features to 123
I0323 20:46:17.097203 3276147 tracking.cc:452] Track 45 map points
I0323 20:46:17.104629 3276147 tracking.cc:571] Track 81 reference points
I0323 20:46:17.104691 3276147 tracking.cc:279] Keyframe at 545804.550990, mappoints 45, interval 0.128425, parallax 17.7603
I0323 20:46:17.104995 3276147 tracking.cc:795] Triangulate 22 3D points with 56 left, 28 reset, 0 outtime and 3 outliers
I0323 20:46:17.108122 3276147 tracking.cc:687] Add 21 new features to 123
I0323 20:46:17.108445 3276147 ic_gvins.cc:553] Tracking cost 20.7196 ms
I0323 20:46:17.109061 3276146 ic_gvins.cc:746] Insert keyframe 21 at 545804.550990 with 22 new mappoints
I0323 20:46:17.109440 3276146 ic_gvins.cc:751] Add new keyframe time node at 545804.550990
I0323 20:46:17.109484 3276148 ic_gvins.cc:1856] Total 12 pose states from 545803.076267 to 545804.550990
I0323 20:46:17.110734 3276148 ic_gvins.cc:1180] Add 11 preintegration, 2 GNSS, 167 reprojection
I0323 20:46:17.120100 3276148 ic_gvins.cc:1189] Ceres Solver Report: Iterations: 6, Initial cost: 2.060563e+02, Final cost: 4.944904e+01, Termination: NO_CONVERGENCE
I0323 20:46:17.120260 3276148 ic_gvins.cc:1299] Remove 2 reprojection factors
E0323 20:46:17.129910 3276099 ic_gvins.cc:172] Lost IMU data with at 545804.597 dt 0.010
E0323 20:46:17.130046 3276099 ic_gvins.cc:182] Append extra IMU data at 545804.592450
I0323 20:46:17.137862 3276147 tracking.cc:452] Track 66 map points
I0323 20:46:17.139741 3276148 ic_gvins.cc:1223] Ceres Solver Report: Iterations: 16, Initial cost: 4.536668e+01, Final cost: 4.383162e+01, Termination: NO_CONVERGENCE
E0323 20:46:17.139803 3276148 ic_gvins.cc:1329] Estimated extrinsic is too large, t:   2.90347 -0.352359 -0.558945, R:  89.6898 -27.4513  92.3475
I0323 20:46:17.140228 3276148 ic_gvins.cc:1127] Culled 14 mappoint with 15 bad observed features 0, 1, 13
I0323 20:46:17.140914 3276148 ic_gvins.cc:1433] Marginalize 2 states, last time 545803.264565
I0323 20:46:17.141628 3276148 ic_gvins.cc:478] Optimization costs 32.1648 ms with 9.41271 and 19.5059 with marginalization costs 0.840137
I0323 20:46:17.144140 3276146 misc.cc:220] Redo INS mechanization at 545804.550990 to 545804.612103 is 0.0611128 s
I0323 20:46:17.148000 3276147 tracking.cc:571] Track 64 reference points
I0323 20:46:17.152302 3276147 tracking.cc:687] Add 12 new features to 130
I0323 20:46:17.172755 3276147 tracking.cc:452] Track 51 map points
I0323 20:46:17.179656 3276147 tracking.cc:571] Track 63 reference points
I0323 20:46:17.185067 3276147 tracking.cc:687] Add 28 new features to 114
I0323 20:46:17.203382 3276147 tracking.cc:452] Track 49 map points
I0323 20:46:17.210381 3276147 tracking.cc:571] Track 73 reference points
I0323 20:46:17.212913 3276147 tracking.cc:687] Add 21 new features to 122
I0323 20:46:17.240299 3276147 tracking.cc:452] Track 48 map points
I0323 20:46:17.251135 3276147 tracking.cc:571] Track 76 reference points
I0323 20:46:17.251196 3276147 tracking.cc:279] Keyframe at 545804.693061, mappoints 48, interval 0.142072, parallax 17.5604
I0323 20:46:17.251507 3276147 tracking.cc:795] Triangulate 24 3D points with 50 left, 28 reset, 2 outtime and 0 outliers
I0323 20:46:17.255889 3276147 tracking.cc:687] Add 18 new features to 122
I0323 20:46:17.256242 3276147 ic_gvins.cc:553] Tracking cost 26.9422 ms
I0323 20:46:17.260056 3276146 ic_gvins.cc:746] Insert keyframe 22 at 545804.693061 with 24 new mappoints
I0323 20:46:17.260502 3276146 ic_gvins.cc:751] Add new keyframe time node at 545804.693061
I0323 20:46:17.260556 3276148 ic_gvins.cc:1856] Total 11 pose states from 545803.264565 to 545804.693061
I0323 20:46:17.261976 3276148 ic_gvins.cc:1180] Add 10 preintegration, 1 GNSS, 189 reprojection
I0323 20:46:17.269759 3276148 ic_gvins.cc:1189] Ceres Solver Report: Iterations: 6, Initial cost: 2.177253e+02, Final cost: 4.660254e+01, Termination: NO_CONVERGENCE
I0323 20:46:17.269942 3276148 ic_gvins.cc:1299] Remove 2 reprojection factors
I0323 20:46:17.273792 3276147 tracking.cc:452] Track 70 map points
I0323 20:46:17.282781 3276147 tracking.cc:571] Track 54 reference points
I0323 20:46:17.288190 3276147 tracking.cc:687] Add 16 new features to 124
I0323 20:46:17.303393 3276147 tracking.cc:452] Track 68 map points
I0323 20:46:17.303503 3276148 ic_gvins.cc:1223] Ceres Solver Report: Iterations: 16, Initial cost: 3.987146e+01, Final cost: 3.665480e+01, Termination: NO_CONVERGENCE
E0323 20:46:17.303550 3276148 ic_gvins.cc:1329] Estimated extrinsic is too large, t:  3.93462 -1.53947 -1.71275, R:  89.4909 -19.0482   92.434
I0323 20:46:17.304031 3276148 ic_gvins.cc:1127] Culled 19 mappoint with 15 bad observed features 0, 0, 19
I0323 20:46:17.304814 3276148 ic_gvins.cc:1433] Marginalize 1 states, last time 545803.401725
I0323 20:46:17.306834 3276148 ic_gvins.cc:478] Optimization costs 46.3152 ms with 7.81285 and 33.5674 with marginalization costs 2.00962
I0323 20:46:17.309130 3276146 misc.cc:220] Redo INS mechanization at 545804.693061 to 545804.777095 is 0.0840336 s
I0323 20:46:17.311019 3276147 tracking.cc:571] Track 58 reference points
I0323 20:46:17.314211 3276147 tracking.cc:687] Add 14 new features to 126
I0323 20:46:17.329459 3276147 tracking.cc:452] Track 48 map points
I0323 20:46:17.337193 3276147 tracking.cc:571] Track 60 reference points
I0323 20:46:17.340710 3276147 tracking.cc:687] Add 35 new features to 108
I0323 20:46:17.363436 3276147 tracking.cc:452] Track 48 map points
I0323 20:46:17.372179 3276147 tracking.cc:571] Track 77 reference points
I0323 20:46:17.372241 3276147 tracking.cc:279] Keyframe at 545804.819304, mappoints 48, interval 0.126242, parallax 15.755
I0323 20:46:17.372558 3276147 tracking.cc:795] Triangulate 13 3D points with 63 left, 34 reset, 0 outtime and 1 outliers
I0323 20:46:17.375936 3276147 tracking.cc:687] Add 18 new features to 124
I0323 20:46:17.376284 3276147 ic_gvins.cc:553] Tracking cost 20.9684 ms
I0323 20:46:17.379299 3276146 ic_gvins.cc:746] Insert keyframe 23 at 545804.819304 with 13 new mappoints
I0323 20:46:17.379699 3276146 ic_gvins.cc:751] Add new keyframe time node at 545804.819304
I0323 20:46:17.379738 3276148 ic_gvins.cc:1856] Total 11 pose states from 545803.401725 to 545804.819304
I0323 20:46:17.381029 3276148 ic_gvins.cc:1180] Add 10 preintegration, 1 GNSS, 181 reprojection
I0323 20:46:17.387164 3276148 ic_gvins.cc:1189] Ceres Solver Report: Iterations: 6, Initial cost: 2.861034e+02, Final cost: 6.231480e+01, Termination: NO_CONVERGENCE
I0323 20:46:17.387317 3276148 ic_gvins.cc:1299] Remove 3 reprojection factors
I0323 20:46:17.404049 3276147 tracking.cc:452] Track 57 map points
I0323 20:46:17.411451 3276147 tracking.cc:571] Track 67 reference points
I0323 20:46:17.415482 3276148 ic_gvins.cc:1223] Ceres Solver Report: Iterations: 13, Initial cost: 5.146013e+01, Final cost: 4.521487e+01, Termination: CONVERGENCE
E0323 20:46:17.415560 3276148 ic_gvins.cc:1329] Estimated extrinsic is too large, t:   7.03457 -0.634427  -1.11346, R:  89.2339 -15.8137  92.1683
I0323 20:46:17.415638 3276147 tracking.cc:687] Add 18 new features to 124
I0323 20:46:17.416117 3276148 ic_gvins.cc:1127] Culled 33 mappoint with 21 bad observed features 0, 0, 33
I0323 20:46:17.418622 3276148 ic_gvins.cc:1433] Marginalize 1 states, last time 545803.523329
I0323 20:46:17.419643 3276148 ic_gvins.cc:478] Optimization costs 39.9403 ms with 6.17574 and 28.2141 with marginalization costs 1.35672
I0323 20:46:17.424435 3276146 misc.cc:220] Redo INS mechanization at 545804.819304 to 545804.892101 is 0.0727971 s
I0323 20:46:17.434597 3276147 tracking.cc:452] Track 27 map points
I0323 20:46:17.444646 3276147 tracking.cc:571] Track 70 reference points
I0323 20:46:17.448323 3276147 tracking.cc:687] Add 46 new features to 97
I0323 20:46:17.472911 3276147 tracking.cc:452] Track 27 map points
I0323 20:46:17.480229 3276147 tracking.cc:571] Track 103 reference points
I0323 20:46:17.484748 3276147 tracking.cc:687] Add 14 new features to 130
I0323 20:46:17.498965 3276147 tracking.cc:452] Track 25 map points
I0323 20:46:17.506274 3276147 tracking.cc:571] Track 100 reference points
I0323 20:46:17.508947 3276147 tracking.cc:687] Add 19 new features to 125
I0323 20:46:17.534216 3276147 tracking.cc:452] Track 24 map points
I0323 20:46:17.541814 3276147 tracking.cc:571] Track 101 reference points
I0323 20:46:17.541882 3276147 tracking.cc:279] Keyframe at 545804.989485, mappoints 24, interval 0.170182, parallax 16.8733
I0323 20:46:17.542181 3276147 tracking.cc:795] Triangulate 15 3D points with 82 left, 47 reset, 0 outtime and 4 outliers
I0323 20:46:17.545432 3276147 tracking.cc:687] Add 21 new features to 121
I0323 20:46:17.545786 3276147 ic_gvins.cc:553] Tracking cost 20.8955 ms
I0323 20:46:17.549078 3276146 ic_gvins.cc:746] Insert keyframe 24 at 545804.989485 with 15 new mappoints
I0323 20:46:17.549583 3276146 ic_gvins.cc:751] Add new keyframe time node at 545804.989485
I0323 20:46:17.550014 3276148 ic_gvins.cc:1856] Total 11 pose states from 545803.523329 to 545804.989485
I0323 20:46:17.551117 3276148 ic_gvins.cc:1180] Add 10 preintegration, 1 GNSS, 118 reprojection
I0323 20:46:17.557260 3276148 ic_gvins.cc:1189] Ceres Solver Report: Iterations: 6, Initial cost: 1.858424e+02, Final cost: 3.585411e+01, Termination: NO_CONVERGENCE
I0323 20:46:17.557374 3276148 ic_gvins.cc:1299] Remove 0 reprojection factors
I0323 20:46:17.569103 3276147 tracking.cc:452] Track 38 map points
I0323 20:46:17.572041 3276148 ic_gvins.cc:1223] Ceres Solver Report: Iterations: 16, Initial cost: 3.660559e+01, Final cost: 3.337826e+01, Termination: NO_CONVERGENCE
E0323 20:46:17.572106 3276148 ic_gvins.cc:1329] Estimated extrinsic is too large, t:  5.69422 0.193378  1.35182, R:  88.6795 -3.64893  91.0873
I0323 20:46:17.572500 3276148 ic_gvins.cc:1127] Culled 28 mappoint with 18 bad observed features 0, 1, 27
I0323 20:46:17.573006 3276148 ic_gvins.cc:1433] Marginalize 1 states, last time 545803.658667
I0323 20:46:17.573650 3276148 ic_gvins.cc:478] Optimization costs 23.6608 ms with 6.18339 and 14.6981 with marginalization costs 0.805192
I0323 20:46:17.574040 3276146 misc.cc:220] Redo INS mechanization at 545804.989485 to 545805.042128 is 0.0526425 s
I0323 20:46:17.578830 3276147 tracking.cc:571] Track 82 reference points
I0323 20:46:17.583168 3276147 tracking.cc:687] Add 22 new features to 120
I0323 20:46:17.590373 3276099 fusion_ros.cc:232] Raw data time 545805.057385, 545804.136220, 545805.037931
I0323 20:46:17.608072 3276147 tracking.cc:452] Track 19 map points
I0323 20:46:17.618875 3276147 tracking.cc:571] Track 77 reference points
I0323 20:46:17.624048 3276147 tracking.cc:687] Add 46 new features to 96
I0323 20:46:17.634757 3276147 tracking.cc:452] Track 19 map points
I0323 20:46:17.641749 3276147 tracking.cc:571] Track 105 reference points
I0323 20:46:17.645393 3276147 tracking.cc:687] Add 18 new features to 124
I0323 20:46:17.670082 3276147 tracking.cc:452] Track 18 map points
I0323 20:46:17.680290 3276147 tracking.cc:571] Track 101 reference points
I0323 20:46:17.680349 3276147 tracking.cc:279] Keyframe at 545805.124574, mappoints 18, interval 0.135089, parallax 15.8453
I0323 20:46:17.680642 3276147 tracking.cc:795] Triangulate 20 3D points with 73 left, 37 reset, 1 outtime and 7 outliers
I0323 20:46:17.684099 3276147 tracking.cc:687] Add 30 new features to 111
I0323 20:46:17.684423 3276147 ic_gvins.cc:553] Tracking cost 25.6217 ms
I0323 20:46:17.691228 3276146 ic_gvins.cc:746] Insert keyframe 25 at 545805.124574 with 20 new mappoints
I0323 20:46:17.691651 3276146 ic_gvins.cc:751] Add new keyframe time node at 545805.124574
I0323 20:46:17.691691 3276148 ic_gvins.cc:1856] Total 11 pose states from 545803.658667 to 545805.124574
E0323 20:46:17.692353 3276099 ic_gvins.cc:172] Lost IMU data with at 545805.161 dt 0.009
E0323 20:46:17.692464 3276099 ic_gvins.cc:182] Append extra IMU data at 545805.157120
I0323 20:46:17.692611 3276148 ic_gvins.cc:1180] Add 10 preintegration, 1 GNSS, 83 reprojection
I0323 20:46:17.697453 3276148 ic_gvins.cc:1189] Ceres Solver Report: Iterations: 6, Initial cost: 1.665739e+02, Final cost: 2.642225e+01, Termination: NO_CONVERGENCE
I0323 20:46:17.697566 3276148 ic_gvins.cc:1299] Remove 1 reprojection factors
I0323 20:46:17.707391 3276147 tracking.cc:452] Track 37 map points
I0323 20:46:17.709888 3276148 ic_gvins.cc:1223] Ceres Solver Report: Iterations: 14, Initial cost: 2.492058e+01, Final cost: 2.340145e+01, Termination: CONVERGENCE
E0323 20:46:17.710345 3276148 ic_gvins.cc:1329] Estimated extrinsic is too large, t:  4.61044 0.578911  2.80955, R:  88.5713 -2.82479  90.4523
I0323 20:46:17.711202 3276148 ic_gvins.cc:1127] Culled 24 mappoint with 8 bad observed features 0, 1, 23
I0323 20:46:17.711869 3276148 ic_gvins.cc:1433] Marginalize 1 states, last time 545803.828533
I0323 20:46:17.712884 3276148 ic_gvins.cc:478] Optimization costs 21.2187 ms with 4.88607 and 12.7467 with marginalization costs 0.974922
I0323 20:46:17.714098 3276146 misc.cc:220] Redo INS mechanization at 545805.124574 to 545805.182129 is 0.0575548 s
I0323 20:46:17.715552 3276147 tracking.cc:571] Track 83 reference points
I0323 20:46:17.719969 3276147 tracking.cc:687] Add 22 new features to 120
I0323 20:46:17.733093 3276147 tracking.cc:452] Track 19 map points
I0323 20:46:17.739796 3276147 tracking.cc:571] Track 87 reference points
I0323 20:46:17.744663 3276147 tracking.cc:687] Add 37 new features to 106
I0323 20:46:17.767344 3276147 tracking.cc:452] Track 18 map points
I0323 20:46:17.775784 3276147 tracking.cc:571] Track 108 reference points
I0323 20:46:17.781209 3276147 tracking.cc:687] Add 14 new features to 126
I0323 20:46:17.796660 3276147 tracking.cc:452] Track 18 map points
I0323 20:46:17.804399 3276147 tracking.cc:571] Track 109 reference points
I0323 20:46:17.804459 3276147 tracking.cc:279] Keyframe at 545805.256242, mappoints 18, interval 0.131668, parallax 16.0564
I0323 20:46:17.804767 3276147 tracking.cc:795] Triangulate 20 3D points with 73 left, 40 reset, 0 outtime and 16 outliers
I0323 20:46:17.808584 3276147 tracking.cc:687] Add 32 new features to 111
I0323 20:46:17.808943 3276147 ic_gvins.cc:553] Tracking cost 19.6198 ms
I0323 20:46:17.809044 3276146 ic_gvins.cc:746] Insert keyframe 26 at 545805.256242 with 20 new mappoints
I0323 20:46:17.809440 3276146 ic_gvins.cc:751] Add new keyframe time node at 545805.256242
I0323 20:46:17.809479 3276146 ic_gvins.cc:847] Add new GNSS 545805.126343 align to 545805.124574
I0323 20:46:17.809520 3276148 ic_gvins.cc:1856] Total 11 pose states from 545803.828533 to 545805.256242
I0323 20:46:17.810421 3276148 ic_gvins.cc:1180] Add 10 preintegration, 2 GNSS, 77 reprojection
I0323 20:46:17.815537 3276148 ic_gvins.cc:1189] Ceres Solver Report: Iterations: 6, Initial cost: 1.460288e+02, Final cost: 4.149494e+01, Termination: NO_CONVERGENCE
I0323 20:46:17.815595 3276148 ic_gvins.cc:1270] Detect 1 GNSS outliers at 545805.256242
I0323 20:46:17.815657 3276148 ic_gvins.cc:1299] Remove 1 reprojection factors
I0323 20:46:17.830870 3276148 ic_gvins.cc:1223] Ceres Solver Report: Iterations: 16, Initial cost: 3.134428e+01, Final cost: 3.028085e+01, Termination: NO_CONVERGENCE
E0323 20:46:17.830933 3276148 ic_gvins.cc:1329] Estimated extrinsic is too large, t: 9.09071 1.80691 0.92579, R:  88.2204 -9.96375  90.8078
I0323 20:46:17.832183 3276148 ic_gvins.cc:1127] Culled 11 mappoint with 4 bad observed features 0, 0, 11
I0323 20:46:17.832590 3276147 tracking.cc:452] Track 38 map points
I0323 20:46:17.835533 3276148 ic_gvins.cc:1433] Marginalize 1 states, last time 545803.957875
I0323 20:46:17.836926 3276148 ic_gvins.cc:478] Optimization costs 27.4251 ms with 5.13548 and 15.249 with marginalization costs 2.68704
I0323 20:46:17.838946 3276146 misc.cc:220] Redo INS mechanization at 545805.256242 to 545805.307090 is 0.0508484 s
I0323 20:46:17.839700 3276147 tracking.cc:571] Track 94 reference points
I0323 20:46:17.842123 3276147 tracking.cc:687] Add 12 new features to 132
I0323 20:46:17.866405 3276147 tracking.cc:452] Track 27 map points
I0323 20:46:17.873888 3276147 tracking.cc:571] Track 86 reference points
I0323 20:46:17.878422 3276147 tracking.cc:687] Add 31 new features to 113
I0323 20:46:17.898826 3276147 tracking.cc:452] Track 27 map points
I0323 20:46:17.906503 3276147 tracking.cc:571] Track 105 reference points
I0323 20:46:17.908967 3276147 tracking.cc:687] Add 11 new features to 132
I0323 20:46:17.932245 3276147 tracking.cc:452] Track 27 map points
I0323 20:46:17.939097 3276147 tracking.cc:571] Track 98 reference points
I0323 20:46:17.939157 3276147 tracking.cc:279] Keyframe at 545805.388428, mappoints 27, interval 0.132186, parallax 15.6868
I0323 20:46:17.939424 3276147 tracking.cc:795] Triangulate 12 3D points with 70 left, 24 reset, 2 outtime and 14 outliers
I0323 20:46:17.942893 3276147 tracking.cc:687] Add 34 new features to 109
I0323 20:46:17.943262 3276147 ic_gvins.cc:553] Tracking cost 18.2454 ms
I0323 20:46:17.946111 3276146 ic_gvins.cc:746] Insert keyframe 27 at 545805.388428 with 12 new mappoints
I0323 20:46:17.946523 3276146 ic_gvins.cc:751] Add new keyframe time node at 545805.388428
I0323 20:46:17.946576 3276148 ic_gvins.cc:1856] Total 11 pose states from 545803.957875 to 545805.388428
I0323 20:46:17.947396 3276148 ic_gvins.cc:1180] Add 10 preintegration, 2 GNSS, 82 reprojection
I0323 20:46:17.952064 3276148 ic_gvins.cc:1189] Ceres Solver Report: Iterations: 6, Initial cost: 1.619284e+02, Final cost: 4.102975e+01, Termination: NO_CONVERGENCE
I0323 20:46:17.952148 3276148 ic_gvins.cc:1270] Detect 1 GNSS outliers at 545805.388428
I0323 20:46:17.952221 3276148 ic_gvins.cc:1299] Remove 1 reprojection factors
I0323 20:46:17.964408 3276147 tracking.cc:452] Track 38 map points
I0323 20:46:17.965807 3276148 ic_gvins.cc:1223] Ceres Solver Report: Iterations: 16, Initial cost: 3.675631e+01, Final cost: 3.526480e+01, Termination: NO_CONVERGENCE
E0323 20:46:17.965855 3276148 ic_gvins.cc:1329] Estimated extrinsic is too large, t:    3.5739  0.930965 -0.814518, R:  87.9247 -7.59182  91.3992
I0323 20:46:17.966166 3276148 ic_gvins.cc:1127] Culled 16 mappoint with 12 bad observed features 0, 1, 15
I0323 20:46:17.966903 3276148 ic_gvins.cc:1433] Marginalize 1 states, last time 545804.113147
I0323 20:46:17.967571 3276148 ic_gvins.cc:478] Optimization costs 21.0214 ms with 4.72811 and 13.605 with marginalization costs 0.839081
I0323 20:46:17.969688 3276146 misc.cc:220] Redo INS mechanization at 545805.388428 to 545805.437649 is 0.0492214 s
I0323 20:46:17.972430 3276147 tracking.cc:571] Track 82 reference points
I0323 20:46:17.976413 3276147 tracking.cc:687] Add 23 new features to 120
I0323 20:46:18.005868 3276147 tracking.cc:452] Track 25 map points
I0323 20:46:18.013314 3276147 tracking.cc:571] Track 87 reference points
I0323 20:46:18.017547 3276147 tracking.cc:687] Add 32 new features to 112
I0323 20:46:18.036265 3276147 tracking.cc:452] Track 25 map points
I0323 20:46:18.043357 3276147 tracking.cc:571] Track 94 reference points
I0323 20:46:18.047477 3276147 tracking.cc:687] Add 22 new features to 119
I0323 20:46:18.064513 3276147 tracking.cc:452] Track 25 map points
I0323 20:46:18.071767 3276147 tracking.cc:571] Track 95 reference points
I0323 20:46:18.071831 3276147 tracking.cc:279] Keyframe at 545805.519700, mappoints 25, interval 0.131272, parallax 16.5154
I0323 20:46:18.072146 3276147 tracking.cc:795] Triangulate 24 3D points with 58 left, 30 reset, 0 outtime and 13 outliers
I0323 20:46:18.075492 3276147 tracking.cc:687] Add 33 new features to 107
I0323 20:46:18.075995 3276147 ic_gvins.cc:553] Tracking cost 19.7747 ms
I0323 20:46:18.079475 3276146 ic_gvins.cc:746] Insert keyframe 28 at 545805.519700 with 24 new mappoints
I0323 20:46:18.079895 3276146 ic_gvins.cc:751] Add new keyframe time node at 545805.519700
I0323 20:46:18.079957 3276148 ic_gvins.cc:1856] Total 11 pose states from 545804.113147 to 545805.519700
I0323 20:46:18.080821 3276148 ic_gvins.cc:1180] Add 10 preintegration, 1 GNSS, 90 reprojection
I0323 20:46:18.085878 3276148 ic_gvins.cc:1189] Ceres Solver Report: Iterations: 6, Initial cost: 2.005674e+02, Final cost: 3.910411e+01, Termination: NO_CONVERGENCE
I0323 20:46:18.085994 3276148 ic_gvins.cc:1299] Remove 1 reprojection factors
I0323 20:46:18.098774 3276148 ic_gvins.cc:1223] Ceres Solver Report: Iterations: 16, Initial cost: 3.159927e+01, Final cost: 3.042620e+01, Termination: NO_CONVERGENCE
E0323 20:46:18.098838 3276148 ic_gvins.cc:1329] Estimated extrinsic is too large, t:   3.82567 -0.172573  0.444286, R:  87.7028 -20.2853  92.0384
I0323 20:46:18.099210 3276148 ic_gvins.cc:1127] Culled 16 mappoint with 13 bad observed features 0, 1, 15
I0323 20:46:18.099705 3276148 ic_gvins.cc:1433] Marginalize 1 states, last time 545804.293263
I0323 20:46:18.100354 3276148 ic_gvins.cc:478] Optimization costs 20.4344 ms with 5.09212 and 12.8169 with marginalization costs 0.762632
I0323 20:46:18.100728 3276147 tracking.cc:452] Track 49 map points
I0323 20:46:18.104058 3276146 misc.cc:220] Redo INS mechanization at 545805.519700 to 545805.572087 is 0.0523869 s
I0323 20:46:18.107604 3276147 tracking.cc:571] Track 76 reference points
I0323 20:46:18.111238 3276147 tracking.cc:687] Add 16 new features to 125
I0323 20:46:18.137001 3276147 tracking.cc:452] Track 33 map points
I0323 20:46:18.144366 3276147 tracking.cc:571] Track 75 reference points
I0323 20:46:18.148928 3276147 tracking.cc:687] Add 32 new features to 108
I0323 20:46:18.166886 3276147 tracking.cc:452] Track 31 map points
I0323 20:46:18.175221 3276147 tracking.cc:571] Track 88 reference points
I0323 20:46:18.179536 3276147 tracking.cc:687] Add 22 new features to 119
I0323 20:46:18.202782 3276147 tracking.cc:452] Track 29 map points
I0323 20:46:18.210068 3276147 tracking.cc:571] Track 92 reference points
I0323 20:46:18.210136 3276147 tracking.cc:279] Keyframe at 545805.659020, mappoints 29, interval 0.13932, parallax 15.3889
I0323 20:46:18.210443 3276147 tracking.cc:795] Triangulate 20 3D points with 61 left, 32 reset, 0 outtime and 11 outliers
I0323 20:46:18.213774 3276147 tracking.cc:687] Add 30 new features to 110
I0323 20:46:18.214107 3276147 ic_gvins.cc:553] Tracking cost 19.6387 ms
I0323 20:46:18.214177 3276146 ic_gvins.cc:746] Insert keyframe 29 at 545805.659020 with 20 new mappoints
I0323 20:46:18.214618 3276146 ic_gvins.cc:751] Add new keyframe time node at 545805.659020
I0323 20:46:18.214679 3276148 ic_gvins.cc:1856] Total 11 pose states from 545804.293263 to 545805.659020
I0323 20:46:18.215669 3276148 ic_gvins.cc:1180] Add 10 preintegration, 1 GNSS, 94 reprojection
I0323 20:46:18.219715 3276148 ic_gvins.cc:1189] Ceres Solver Report: Iterations: 6, Initial cost: 2.235750e+02, Final cost: 3.845971e+01, Termination: NO_CONVERGENCE
I0323 20:46:18.219830 3276148 ic_gvins.cc:1299] Remove 2 reprojection factors
I0323 20:46:18.229167 3276148 ic_gvins.cc:1223] Ceres Solver Report: Iterations: 16, Initial cost: 3.427293e+01, Final cost: 3.155223e+01, Termination: NO_CONVERGENCE
E0323 20:46:18.229228 3276148 ic_gvins.cc:1329] Estimated extrinsic is too large, t:   2.17756 -0.306901 -0.790092, R:  87.6107 -13.8792  91.9774
I0323 20:46:18.229561 3276148 ic_gvins.cc:1127] Culled 11 mappoint with 12 bad observed features 0, 0, 11
I0323 20:46:18.230091 3276148 ic_gvins.cc:1433] Marginalize 1 states, last time 545804.422565
I0323 20:46:18.230778 3276148 ic_gvins.cc:478] Optimization costs 16.1229 ms with 4.04724 and 9.3727 with marginalization costs 0.726759
I0323 20:46:18.234010 3276146 misc.cc:220] Redo INS mechanization at 545805.659020 to 545805.702105 is 0.0430856 s
I0323 20:46:18.237855 3276147 tracking.cc:452] Track 38 map points
I0323 20:46:18.245046 3276147 tracking.cc:571] Track 79 reference points
I0323 20:46:18.249688 3276147 tracking.cc:687] Add 27 new features to 117
I0323 20:46:18.254489 3276099 fusion_ros.cc:232] Raw data time 545805.717093, 545805.126343, 545805.704656
I0323 20:46:18.267652 3276147 tracking.cc:452] Track 37 map points
I0323 20:46:18.275039 3276147 tracking.cc:571] Track 93 reference points
I0323 20:46:18.277631 3276147 tracking.cc:687] Add 14 new features to 130
I0323 20:46:18.306824 3276147 tracking.cc:452] Track 37 map points
I0323 20:46:18.316099 3276147 tracking.cc:571] Track 95 reference points
I0323 20:46:18.318547 3276147 tracking.cc:687] Add 11 new features to 132
I0323 20:46:18.337070 3276147 tracking.cc:452] Track 36 map points
I0323 20:46:18.345376 3276147 tracking.cc:571] Track 95 reference points
I0323 20:46:18.345455 3276147 tracking.cc:279] Keyframe at 545805.792363, mappoints 36, interval 0.133343, parallax 16.1857
I0323 20:46:18.345742 3276147 tracking.cc:795] Triangulate 16 3D points with 67 left, 32 reset, 1 outtime and 11 outliers
I0323 20:46:18.350381 3276147 tracking.cc:687] Add 23 new features to 119
I0323 20:46:18.350742 3276147 ic_gvins.cc:553] Tracking cost 21.5679 ms
I0323 20:46:18.354148 3276146 ic_gvins.cc:746] Insert keyframe 30 at 545805.792363 with 16 new mappoints
I0323 20:46:18.354612 3276146 ic_gvins.cc:751] Add new keyframe time node at 545805.792363
I0323 20:46:18.354842 3276148 ic_gvins.cc:1856] Total 11 pose states from 545804.422565 to 545805.792363
I0323 20:46:18.355741 3276148 ic_gvins.cc:1180] Add 10 preintegration, 1 GNSS, 109 reprojection
I0323 20:46:18.359624 3276148 ic_gvins.cc:1189] Ceres Solver Report: Iterations: 6, Initial cost: 2.657538e+02, Final cost: 4.223001e+01, Termination: NO_CONVERGENCE
I0323 20:46:18.359725 3276148 ic_gvins.cc:1299] Remove 1 reprojection factors
I0323 20:46:18.368162 3276147 tracking.cc:452] Track 50 map points
I0323 20:46:18.374930 3276147 tracking.cc:571] Track 78 reference points
I0323 20:46:18.378405 3276148 ic_gvins.cc:1223] Ceres Solver Report: Iterations: 10, Initial cost: 3.943859e+01, Final cost: 3.844474e+01, Termination: CONVERGENCE
E0323 20:46:18.378471 3276148 ic_gvins.cc:1329] Estimated extrinsic is too large, t:   4.84762 -0.187431  -1.88226, R:  87.5988 -19.4401  92.3522
I0323 20:46:18.378857 3276148 ic_gvins.cc:1127] Culled 20 mappoint with 18 bad observed features 0, 1, 19
I0323 20:46:18.379395 3276148 ic_gvins.cc:1433] Marginalize 1 states, last time 545804.550990
I0323 20:46:18.379844 3276148 ic_gvins.cc:478] Optimization costs 25.0238 ms with 3.9098 and 18.7211 with marginalization costs 0.605286
I0323 20:46:18.382961 3276146 misc.cc:220] Redo INS mechanization at 545805.792363 to 545805.847111 is 0.0547479 s
I0323 20:46:18.384528 3276147 tracking.cc:687] Add 14 new features to 128
I0323 20:46:18.404817 3276147 tracking.cc:452] Track 29 map points
I0323 20:46:18.411671 3276147 tracking.cc:571] Track 75 reference points
I0323 20:46:18.417009 3276147 tracking.cc:687] Add 39 new features to 104
I0323 20:46:18.438052 3276147 tracking.cc:452] Track 29 map points
I0323 20:46:18.445271 3276147 tracking.cc:571] Track 99 reference points
I0323 20:46:18.447700 3276147 tracking.cc:687] Add 15 new features to 128
E0323 20:46:18.464310 3276099 ic_gvins.cc:172] Lost IMU data with at 545805.932 dt 0.010
E0323 20:46:18.464483 3276099 ic_gvins.cc:182] Append extra IMU data at 545805.927099
I0323 20:46:18.472712 3276147 tracking.cc:452] Track 27 map points
I0323 20:46:18.479797 3276147 tracking.cc:571] Track 100 reference points
I0323 20:46:18.479851 3276147 tracking.cc:279] Keyframe at 545805.927015, mappoints 27, interval 0.134652, parallax 15.3448
I0323 20:46:18.480134 3276147 tracking.cc:795] Triangulate 22 3D points with 70 left, 36 reset, 0 outtime and 8 outliers
I0323 20:46:18.484453 3276147 tracking.cc:687] Add 24 new features to 119
I0323 20:46:18.484790 3276147 ic_gvins.cc:553] Tracking cost 20.0223 ms
I0323 20:46:18.489882 3276146 ic_gvins.cc:746] Insert keyframe 31 at 545805.927015 with 22 new mappoints
I0323 20:46:18.490312 3276146 ic_gvins.cc:751] Add new keyframe time node at 545805.927015
I0323 20:46:18.490370 3276148 ic_gvins.cc:1856] Total 11 pose states from 545804.550990 to 545805.927015
I0323 20:46:18.491475 3276148 ic_gvins.cc:1180] Add 10 preintegration, 1 GNSS, 98 reprojection
I0323 20:46:18.497673 3276148 ic_gvins.cc:1189] Ceres Solver Report: Iterations: 6, Initial cost: 2.639412e+02, Final cost: 3.664985e+01, Termination: NO_CONVERGENCE
I0323 20:46:18.497777 3276148 ic_gvins.cc:1299] Remove 0 reprojection factors
I0323 20:46:18.509179 3276147 tracking.cc:452] Track 46 map points
I0323 20:46:18.511564 3276148 ic_gvins.cc:1223] Ceres Solver Report: Iterations: 16, Initial cost: 3.732481e+01, Final cost: 3.645336e+01, Termination: NO_CONVERGENCE
E0323 20:46:18.511628 3276148 ic_gvins.cc:1329] Estimated extrinsic is too large, t:  2.07491 -1.60082 -1.43536, R: 87.6987 -10.619 92.1927
I0323 20:46:18.512007 3276148 ic_gvins.cc:1127] Culled 6 mappoint with 17 bad observed features 0, 1, 5
I0323 20:46:18.513526 3276148 ic_gvins.cc:1433] Marginalize 1 states, last time 545804.693061
I0323 20:46:18.514070 3276148 ic_gvins.cc:478] Optimization costs 23.7257 ms with 6.21242 and 13.8192 with marginalization costs 0.700743
I0323 20:46:18.514081 3276146 misc.cc:220] Redo INS mechanization at 545805.927015 to 545805.982097 is 0.0550824 s
I0323 20:46:18.516525 3276147 tracking.cc:571] Track 74 reference points
I0323 20:46:18.519724 3276147 tracking.cc:687] Add 23 new features to 120
I0323 20:46:18.538161 3276147 tracking.cc:452] Track 40 map points
I0323 20:46:18.545259 3276147 tracking.cc:571] Track 75 reference points
I0323 20:46:18.548581 3276147 tracking.cc:687] Add 27 new features to 115
I0323 20:46:18.571805 3276147 tracking.cc:452] Track 39 map points
I0323 20:46:18.579594 3276147 tracking.cc:571] Track 81 reference points
I0323 20:46:18.582947 3276147 tracking.cc:687] Add 23 new features to 120
I0323 20:46:18.602351 3276147 tracking.cc:452] Track 39 map points
I0323 20:46:18.609624 3276147 tracking.cc:571] Track 84 reference points
I0323 20:46:18.609691 3276147 tracking.cc:279] Keyframe at 545806.058703, mappoints 39, interval 0.131688, parallax 16.1886
I0323 20:46:18.609974 3276147 tracking.cc:795] Triangulate 20 3D points with 60 left, 22 reset, 0 outtime and 4 outliers
I0323 20:46:18.613281 3276147 tracking.cc:687] Add 25 new features to 119
I0323 20:46:18.613636 3276147 ic_gvins.cc:553] Tracking cost 19.2995 ms
I0323 20:46:18.614166 3276146 ic_gvins.cc:746] Insert keyframe 32 at 545806.058703 with 20 new mappoints
I0323 20:46:18.614708 3276146 ic_gvins.cc:751] Add new keyframe time node at 545806.058703
I0323 20:46:18.614796 3276148 ic_gvins.cc:1856] Total 11 pose states from 545804.693061 to 545806.058703
I0323 20:46:18.616153 3276148 ic_gvins.cc:1180] Add 10 preintegration, 1 GNSS, 129 reprojection
I0323 20:46:18.622675 3276148 ic_gvins.cc:1189] Ceres Solver Report: Iterations: 6, Initial cost: 2.963375e+02, Final cost: 4.154626e+01, Termination: NO_CONVERGENCE
I0323 20:46:18.622797 3276148 ic_gvins.cc:1299] Remove 0 reprojection factors
I0323 20:46:18.634788 3276148 ic_gvins.cc:1223] Ceres Solver Report: Iterations: 16, Initial cost: 4.238424e+01, Final cost: 4.189065e+01, Termination: NO_CONVERGENCE
E0323 20:46:18.634852 3276148 ic_gvins.cc:1329] Estimated extrinsic is too large, t:  1.26093 -1.71503 -2.08552, R:  87.6402 -14.7272  92.6425
I0323 20:46:18.635288 3276148 ic_gvins.cc:1127] Culled 29 mappoint with 17 bad observed features 0, 1, 28
I0323 20:46:18.636462 3276148 ic_gvins.cc:1433] Marginalize 1 states, last time 545804.819304
I0323 20:46:18.637022 3276148 ic_gvins.cc:478] Optimization costs 22.2543 ms with 6.56452 and 12.0225 with marginalization costs 0.683559
I0323 20:46:18.638931 3276146 misc.cc:220] Redo INS mechanization at 545806.058703 to 545806.107081 is 0.0483783 s
I0323 20:46:18.640865 3276147 tracking.cc:452] Track 58 map points
I0323 20:46:18.648204 3276147 tracking.cc:571] Track 68 reference points
I0323 20:46:18.651551 3276147 tracking.cc:687] Add 17 new features to 126
I0323 20:46:18.666508 3276147 tracking.cc:452] Track 28 map points
I0323 20:46:18.674221 3276147 tracking.cc:571] Track 68 reference points
I0323 20:46:18.679576 3276147 tracking.cc:687] Add 47 new features to 96
I0323 20:46:18.698392 3276147 tracking.cc:452] Track 28 map points
I0323 20:46:18.706107 3276147 tracking.cc:571] Track 101 reference points
I0323 20:46:18.708993 3276147 tracking.cc:687] Add 15 new features to 129
I0323 20:46:18.732834 3276147 tracking.cc:452] Track 28 map points
I0323 20:46:18.740288 3276147 tracking.cc:571] Track 103 reference points
I0323 20:46:18.743043 3276147 tracking.cc:687] Add 14 new features to 131
I0323 20:46:18.764410 3276147 tracking.cc:452] Track 28 map points
I0323 20:46:18.772229 3276147 tracking.cc:571] Track 101 reference points
I0323 20:46:18.772300 3276147 tracking.cc:279] Keyframe at 545806.221294, mappoints 28, interval 0.162591, parallax 18.6104
I0323 20:46:18.772629 3276147 tracking.cc:795] Triangulate 17 3D points with 75 left, 47 reset, 2 outtime and 7 outliers
I0323 20:46:18.776363 3276147 tracking.cc:687] Add 19 new features to 120
I0323 20:46:18.776700 3276147 ic_gvins.cc:553] Tracking cost 20.2619 ms
I0323 20:46:18.779695 3276146 ic_gvins.cc:746] Insert keyframe 33 at 545806.221294 with 17 new mappoints
I0323 20:46:18.780174 3276146 ic_gvins.cc:751] Add new keyframe time node at 545806.221294
I0323 20:46:18.780207 3276146 ic_gvins.cc:896] Add new GNSS time node 545806.132343
I0323 20:46:18.780618 3276148 ic_gvins.cc:1856] Total 12 pose states from 545804.819304 to 545806.221294
I0323 20:46:18.781590 3276148 ic_gvins.cc:1180] Add 11 preintegration, 2 GNSS, 100 reprojection
I0323 20:46:18.786247 3276148 ic_gvins.cc:1189] Ceres Solver Report: Iterations: 6, Initial cost: 3.007133e+02, Final cost: 5.161920e+01, Termination: NO_CONVERGENCE
I0323 20:46:18.786306 3276148 ic_gvins.cc:1270] Detect 1 GNSS outliers at 545806.221294
I0323 20:46:18.786375 3276148 ic_gvins.cc:1299] Remove 0 reprojection factors
I0323 20:46:18.799345 3276147 tracking.cc:452] Track 45 map points
I0323 20:46:18.806107 3276148 ic_gvins.cc:1223] Ceres Solver Report: Iterations: 16, Initial cost: 3.959901e+01, Final cost: 3.859974e+01, Termination: NO_CONVERGENCE
E0323 20:46:18.806176 3276148 ic_gvins.cc:1329] Estimated extrinsic is too large, t: 0.428246 -2.50332 -1.52652, R:  87.7165 -12.1354  91.9935
I0323 20:46:18.806538 3276148 ic_gvins.cc:1127] Culled 9 mappoint with 14 bad observed features 0, 0, 9
I0323 20:46:18.807102 3276148 ic_gvins.cc:1433] Marginalize 1 states, last time 545804.989485
I0323 20:46:18.807677 3276148 ic_gvins.cc:478] Optimization costs 27.0942 ms with 4.68651 and 19.7693 with marginalization costs 0.695175
I0323 20:46:18.808941 3276146 misc.cc:220] Redo INS mechanization at 545806.221294 to 545806.277093 is 0.0557992 s
I0323 20:46:18.810030 3276147 tracking.cc:571] Track 79 reference points
I0323 20:46:18.812583 3276147 tracking.cc:687] Add 16 new features to 124
I0323 20:46:18.832675 3276147 tracking.cc:452] Track 33 map points
I0323 20:46:18.843648 3276147 tracking.cc:571] Track 82 reference points
I0323 20:46:18.847599 3276147 tracking.cc:687] Add 30 new features to 115
I0323 20:46:18.867660 3276147 tracking.cc:452] Track 30 map points
I0323 20:46:18.874693 3276147 tracking.cc:571] Track 99 reference points
I0323 20:46:18.877152 3276147 tracking.cc:687] Add 13 new features to 129
I0323 20:46:18.902180 3276147 tracking.cc:452] Track 29 map points
I0323 20:46:18.909596 3276147 tracking.cc:571] Track 106 reference points
I0323 20:46:18.916894 3276147 tracking.cc:687] Add 6 new features to 135
I0323 20:46:18.921160 3276099 fusion_ros.cc:232] Raw data time 545806.387122, 545806.132343, 545806.371378
I0323 20:46:18.934335 3276147 tracking.cc:452] Track 27 map points
I0323 20:46:18.941561 3276147 tracking.cc:571] Track 102 reference points
I0323 20:46:18.941632 3276147 tracking.cc:279] Keyframe at 545806.391135, mappoints 27, interval 0.169841, parallax 17.0516
I0323 20:46:18.941985 3276147 tracking.cc:795] Triangulate 28 3D points with 68 left, 31 reset, 0 outtime and 6 outliers
I0323 20:46:18.944989 3276147 tracking.cc:687] Add 18 new features to 123
I0323 20:46:18.945535 3276147 ic_gvins.cc:553] Tracking cost 19.0305 ms
I0323 20:46:18.949106 3276146 ic_gvins.cc:746] Insert keyframe 34 at 545806.391135 with 28 new mappoints
I0323 20:46:18.949615 3276146 ic_gvins.cc:751] Add new keyframe time node at 545806.391135
