I0323 20:46:30.041055 3276148 ic_gvins.cc:1856] Total 13 pose states from 545815.879005 to 545817.483565
I0323 20:46:30.041994 3276148 ic_gvins.cc:1180] Add 12 preintegration, 2 GNSS, 120 reprojection
I0323 20:46:30.046744 3276148 ic_gvins.cc:1189] Ceres Solver Report: Iterations: 6, Initial cost: 4.972627e+02, Final cost: 7.394088e+01, Termination: NO_CONVERGENCE
I0323 20:46:30.046875 3276148 ic_gvins.cc:1299] Remove 7 reprojection factors
I0323 20:46:30.060601 3276148 ic_gvins.cc:1223] Ceres Solver Report: Iterations: 12, Initial cost: 5.380407e+01, Final cost: 5.087021e+01, Termination: CONVERGENCE
E0323 20:46:30.060667 3276148 ic_gvins.cc:1329] Estimated extrinsic is too large, t:   5.57249 -0.841374  0.944059, R: 86.0442  -16.77 92.1613
I0323 20:46:30.061039 3276148 ic_gvins.cc:1127] Culled 8 mappoint with 20 bad observed features 0, 0, 8
I0323 20:46:30.061530 3276148 ic_gvins.cc:1433] Marginalize 1 states, last time 545816.042994
I0323 20:46:30.062983 3276147 tracking.cc:452] Track 48 map points
I0323 20:46:30.063060 3276148 ic_gvins.cc:478] Optimization costs 22.0339 ms with 4.77202 and 13.7602 with marginalization costs 0.935434
I0323 20:46:30.066442 3276146 misc.cc:220] Redo INS mechanization at 545817.483565 to 545817.533828 is 0.0502633 s
I0323 20:46:30.071867 3276147 tracking.cc:571] Track 79 reference points
I0323 20:46:30.075121 3276147 tracking.cc:687] Add 14 new features to 127
I0323 20:46:30.089876 3276147 tracking.cc:452] Track 37 map points
I0323 20:46:30.098973 3276147 tracking.cc:571] Track 76 reference points
I0323 20:46:30.102550 3276147 tracking.cc:687] Add 28 new features to 113
I0323 20:46:30.124323 3276147 tracking.cc:452] Track 34 map points
I0323 20:46:30.132748 3276147 tracking.cc:571] Track 91 reference points
I0323 20:46:30.135933 3276147 tracking.cc:687] Add 18 new features to 125
I0323 20:46:30.159457 3276147 tracking.cc:452] Track 33 map points
I0323 20:46:30.166639 3276147 tracking.cc:571] Track 92 reference points
I0323 20:46:30.169085 3276147 tracking.cc:687] Add 16 new features to 125
I0323 20:46:30.189361 3276147 tracking.cc:452] Track 32 map points
I0323 20:46:30.197001 3276147 tracking.cc:571] Track 93 reference points
I0323 20:46:30.197062 3276147 tracking.cc:279] Keyframe at 545817.648096, mappoints 32, interval 0.164531, parallax 17.234
I0323 20:46:30.197374 3276147 tracking.cc:795] Triangulate 16 3D points with 66 left, 32 reset, 1 outtime and 10 outliers
I0323 20:46:30.201360 3276147 tracking.cc:687] Add 28 new features to 114
I0323 20:46:30.201714 3276147 ic_gvins.cc:553] Tracking cost 20.722 ms
I0323 20:46:30.205617 3276146 ic_gvins.cc:746] Insert keyframe 105 at 545817.648096 with 16 new mappoints
I0323 20:46:30.206117 3276146 ic_gvins.cc:751] Add new keyframe time node at 545817.648096
I0323 20:46:30.206171 3276148 ic_gvins.cc:1856] Total 13 pose states from 545816.042994 to 545817.648096
I0323 20:46:30.207125 3276148 ic_gvins.cc:1180] Add 12 preintegration, 2 GNSS, 116 reprojection
I0323 20:46:30.213476 3276148 ic_gvins.cc:1189] Ceres Solver Report: Iterations: 6, Initial cost: 4.473859e+02, Final cost: 7.407751e+01, Termination: NO_CONVERGENCE
I0323 20:46:30.213629 3276148 ic_gvins.cc:1299] Remove 9 reprojection factors
I0323 20:46:30.225075 3276147 tracking.cc:452] Track 45 map points
I0323 20:46:30.229019 3276148 ic_gvins.cc:1223] Ceres Solver Report: Iterations: 12, Initial cost: 4.637167e+01, Final cost: 4.437491e+01, Termination: CONVERGENCE
E0323 20:46:30.229089 3276148 ic_gvins.cc:1329] Estimated extrinsic is too large, t:  5.36333 -1.01945 0.965906, R:  86.0773 -16.4933  92.1863
I0323 20:46:30.229481 3276148 ic_gvins.cc:1127] Culled 8 mappoint with 15 bad observed features 0, 0, 8
I0323 20:46:30.230149 3276148 ic_gvins.cc:1433] Marginalize 2 states, last time 545816.209856
I0323 20:46:30.230903 3276148 ic_gvins.cc:478] Optimization costs 24.7536 ms with 6.38656 and 15.426 with marginalization costs 0.844233
I0323 20:46:30.231282 3276146 misc.cc:220] Redo INS mechanization at 545817.648096 to 545817.698840 is 0.0507443 s
I0323 20:46:30.237457 3276147 tracking.cc:571] Track 83 reference points
I0323 20:46:30.241750 3276147 tracking.cc:687] Add 15 new features to 128
I0323 20:46:30.255090 3276147 tracking.cc:452] Track 35 map points
I0323 20:46:30.263186 3276147 tracking.cc:571] Track 83 reference points
I0323 20:46:30.269285 3276147 tracking.cc:687] Add 25 new features to 118
I0323 20:46:30.289141 3276099 fusion_ros.cc:232] Raw data time 545817.753809, 545817.134146, 545817.739241
I0323 20:46:30.290387 3276147 tracking.cc:452] Track 35 map points
I0323 20:46:30.298751 3276147 tracking.cc:571] Track 94 reference points
I0323 20:46:30.303166 3276147 tracking.cc:687] Add 13 new features to 129
I0323 20:46:30.330904 3276147 tracking.cc:452] Track 35 map points
I0323 20:46:30.341795 3276147 tracking.cc:571] Track 93 reference points
I0323 20:46:30.345708 3276147 tracking.cc:687] Add 13 new features to 128
E0323 20:46:30.360916 3276099 ic_gvins.cc:172] Lost IMU data with at 545817.829 dt 0.020
E0323 20:46:30.361078 3276099 ic_gvins.cc:182] Append extra IMU data at 545817.813826
E0323 20:46:30.361104 3276099 ic_gvins.cc:182] Append extra IMU data at 545817.818826
E0323 20:46:30.361122 3276099 ic_gvins.cc:182] Append extra IMU data at 545817.823826
I0323 20:46:30.370771 3276147 tracking.cc:452] Track 34 map points
I0323 20:46:30.378073 3276147 tracking.cc:571] Track 94 reference points
I0323 20:46:30.378149 3276147 tracking.cc:279] Keyframe at 545817.813085, mappoints 34, interval 0.164989, parallax 15.8386
I0323 20:46:30.378522 3276147 tracking.cc:795] Triangulate 17 3D points with 62 left, 29 reset, 2 outtime and 13 outliers
I0323 20:46:30.382165 3276147 tracking.cc:687] Add 28 new features to 113
I0323 20:46:30.382563 3276147 ic_gvins.cc:553] Tracking cost 20.7406 ms
I0323 20:46:30.387228 3276146 ic_gvins.cc:746] Insert keyframe 106 at 545817.813085 with 17 new mappoints
I0323 20:46:30.387724 3276146 ic_gvins.cc:751] Add new keyframe time node at 545817.813085
I0323 20:46:30.387795 3276148 ic_gvins.cc:1856] Total 12 pose states from 545816.209856 to 545817.813085
I0323 20:46:30.388823 3276148 ic_gvins.cc:1180] Add 11 preintegration, 1 GNSS, 129 reprojection
I0323 20:46:30.395272 3276147 tracking.cc:452] Track 51 map points
I0323 20:46:30.397557 3276148 ic_gvins.cc:1189] Ceres Solver Report: Iterations: 6, Initial cost: 4.470450e+02, Final cost: 7.656363e+01, Termination: NO_CONVERGENCE
I0323 20:46:30.397751 3276148 ic_gvins.cc:1299] Remove 10 reprojection factors
I0323 20:46:30.403062 3276147 tracking.cc:571] Track 77 reference points
I0323 20:46:30.406253 3276147 tracking.cc:687] Add 14 new features to 128
I0323 20:46:30.414309 3276148 ic_gvins.cc:1223] Ceres Solver Report: Iterations: 12, Initial cost: 4.620068e+01, Final cost: 4.404481e+01, Termination: CONVERGENCE
E0323 20:46:30.414371 3276148 ic_gvins.cc:1329] Estimated extrinsic is too large, t:  4.92119 -1.08558 0.843528, R:  86.0789 -16.1727  92.3269
I0323 20:46:30.414815 3276148 ic_gvins.cc:1127] Culled 15 mappoint with 15 bad observed features 0, 0, 15
I0323 20:46:30.415390 3276148 ic_gvins.cc:1433] Marginalize 1 states, last time 545816.377478
I0323 20:46:30.415894 3276148 ic_gvins.cc:478] Optimization costs 28.1289 ms with 8.7478 and 16.5894 with marginalization costs 0.595494
I0323 20:46:30.420684 3276146 misc.cc:220] Redo INS mechanization at 545817.813085 to 545817.888685 is 0.0755995 s
I0323 20:46:30.428400 3276147 tracking.cc:452] Track 36 map points
I0323 20:46:30.439183 3276147 tracking.cc:571] Track 79 reference points
I0323 20:46:30.443894 3276147 tracking.cc:687] Add 29 new features to 115
I0323 20:46:30.458237 3276147 tracking.cc:452] Track 35 map points
I0323 20:46:30.466719 3276147 tracking.cc:571] Track 96 reference points
I0323 20:46:30.469370 3276147 tracking.cc:687] Add 13 new features to 131
I0323 20:46:30.494349 3276147 tracking.cc:452] Track 34 map points
I0323 20:46:30.502769 3276147 tracking.cc:571] Track 90 reference points
I0323 20:46:30.505786 3276147 tracking.cc:687] Add 19 new features to 124
I0323 20:46:30.523507 3276147 tracking.cc:452] Track 34 map points
I0323 20:46:30.531764 3276147 tracking.cc:571] Track 103 reference points
I0323 20:46:30.531826 3276147 tracking.cc:279] Keyframe at 545817.983498, mappoints 34, interval 0.170413, parallax 17.9264
I0323 20:46:30.532114 3276147 tracking.cc:795] Triangulate 10 3D points with 85 left, 44 reset, 0 outtime and 8 outliers
I0323 20:46:30.535084 3276147 tracking.cc:687] Add 14 new features to 129
I0323 20:46:30.535435 3276147 ic_gvins.cc:553] Tracking cost 19.7447 ms
I0323 20:46:30.535588 3276146 ic_gvins.cc:746] Insert keyframe 107 at 545817.983498 with 10 new mappoints
I0323 20:46:30.536047 3276146 ic_gvins.cc:751] Add new keyframe time node at 545817.983498
I0323 20:46:30.536088 3276148 ic_gvins.cc:1856] Total 12 pose states from 545816.377478 to 545817.983498
I0323 20:46:30.537025 3276148 ic_gvins.cc:1180] Add 11 preintegration, 1 GNSS, 127 reprojection
I0323 20:46:30.541321 3276148 ic_gvins.cc:1189] Ceres Solver Report: Iterations: 6, Initial cost: 4.096349e+02, Final cost: 1.109676e+02, Termination: NO_CONVERGENCE
I0323 20:46:30.541458 3276148 ic_gvins.cc:1299] Remove 13 reprojection factors
I0323 20:46:30.549726 3276148 ic_gvins.cc:1223] Ceres Solver Report: Iterations: 14, Initial cost: 6.694495e+01, Final cost: 6.263149e+01, Termination: CONVERGENCE
E0323 20:46:30.549774 3276148 ic_gvins.cc:1329] Estimated extrinsic is too large, t:  4.90093 -0.74548 0.504195, R:  86.0971 -13.9225  92.1601
I0323 20:46:30.550194 3276148 ic_gvins.cc:1127] Culled 39 mappoint with 17 bad observed features 0, 1, 38
I0323 20:46:30.550670 3276148 ic_gvins.cc:1433] Marginalize 1 states, last time 545816.545075
I0323 20:46:30.551189 3276148 ic_gvins.cc:478] Optimization costs 15.1157 ms with 4.32612 and 8.29151 with marginalization costs 0.684551
I0323 20:46:30.556869 3276146 misc.cc:220] Redo INS mechanization at 545817.983498 to 545818.023693 is 0.0401941 s
I0323 20:46:30.568696 3276147 tracking.cc:452] Track 11 map points
I0323 20:46:30.576795 3276147 tracking.cc:571] Track 82 reference points
I0323 20:46:30.580246 3276147 tracking.cc:687] Add 49 new features to 93
I0323 20:46:30.594456 3276147 tracking.cc:452] Track 11 map points
I0323 20:46:30.602454 3276147 tracking.cc:571] Track 124 reference points
I0323 20:46:30.604804 3276147 tracking.cc:687] Add 8 new features to 135
I0323 20:46:30.632444 3276147 tracking.cc:452] Track 11 map points
I0323 20:46:30.639941 3276147 tracking.cc:571] Track 118 reference points
I0323 20:46:30.642458 3276147 tracking.cc:687] Add 14 new features to 129
I0323 20:46:30.666231 3276147 tracking.cc:452] Track 10 map points
I0323 20:46:30.673314 3276147 tracking.cc:571] Track 120 reference points
I0323 20:46:30.675777 3276147 tracking.cc:687] Add 13 new features to 130
I0323 20:46:30.696738 3276147 tracking.cc:452] Track 9 map points
I0323 20:46:30.704043 3276147 tracking.cc:571] Track 124 reference points
I0323 20:46:30.704107 3276147 tracking.cc:279] Keyframe at 545818.152101, mappoints 9, interval 0.168603, parallax 17.4951
I0323 20:46:30.704398 3276147 tracking.cc:795] Triangulate 22 3D points with 96 left, 56 reset, 0 outtime and 6 outliers
I0323 20:46:30.706772 3276147 tracking.cc:687] Add 17 new features to 127
I0323 20:46:30.707101 3276147 ic_gvins.cc:553] Tracking cost 18.4389 ms
I0323 20:46:30.710405 3276146 ic_gvins.cc:746] Insert keyframe 108 at 545818.152101 with 22 new mappoints
I0323 20:46:30.710934 3276146 ic_gvins.cc:751] Add new keyframe time node at 545818.152101
I0323 20:46:30.710968 3276146 ic_gvins.cc:896] Add new GNSS time node 545818.124273
I0323 20:46:30.711371 3276148 ic_gvins.cc:1856] Total 13 pose states from 545816.545075 to 545818.152101
I0323 20:46:30.712121 3276148 ic_gvins.cc:1180] Add 12 preintegration, 2 GNSS, 59 reprojection
I0323 20:46:30.717298 3276148 ic_gvins.cc:1189] Ceres Solver Report: Iterations: 6, Initial cost: 3.688799e+02, Final cost: 1.416124e+02, Termination: NO_CONVERGENCE
I0323 20:46:30.717373 3276148 ic_gvins.cc:1270] Detect 1 GNSS outliers at 545818.152101
I0323 20:46:30.717453 3276148 ic_gvins.cc:1299] Remove 6 reprojection factors
I0323 20:46:30.732489 3276147 tracking.cc:452] Track 30 map points
I0323 20:46:30.736595 3276148 ic_gvins.cc:1223] Ceres Solver Report: Iterations: 16, Initial cost: 7.897188e+01, Final cost: 7.473233e+01, Termination: NO_CONVERGENCE
E0323 20:46:30.736670 3276148 ic_gvins.cc:1329] Estimated extrinsic is too large, t:    3.00454    -1.0782 -0.0341636, R:    86.7286 -0.0399687    90.9792
I0323 20:46:30.736974 3276148 ic_gvins.cc:1127] Culled 15 mappoint with 5 bad observed features 0, 4, 11
I0323 20:46:30.737557 3276148 ic_gvins.cc:1433] Marginalize 1 states, last time 545816.711886
I0323 20:46:30.738005 3276148 ic_gvins.cc:478] Optimization costs 26.6559 ms with 5.21698 and 19.1895 with marginalization costs 0.579941
I0323 20:46:30.740003 3276147 tracking.cc:571] Track 100 reference points
I0323 20:46:30.742450 3276147 tracking.cc:687] Add 13 new features to 130
I0323 20:46:30.742580 3276146 misc.cc:220] Redo INS mechanization at 545818.152101 to 545818.208668 is 0.0565668 s
I0323 20:46:30.760237 3276147 tracking.cc:452] Track 21 map points
I0323 20:46:30.767635 3276147 tracking.cc:571] Track 98 reference points
I0323 20:46:30.772236 3276147 tracking.cc:687] Add 24 new features to 119
I0323 20:46:30.794251 3276147 tracking.cc:452] Track 20 map points
I0323 20:46:30.801625 3276147 tracking.cc:571] Track 111 reference points
I0323 20:46:30.803975 3276147 tracking.cc:687] Add 12 new features to 131
I0323 20:46:30.829293 3276147 tracking.cc:452] Track 19 map points
I0323 20:46:30.836999 3276147 tracking.cc:571] Track 109 reference points
I0323 20:46:30.840771 3276147 tracking.cc:687] Add 16 new features to 128
I0323 20:46:30.861932 3276147 tracking.cc:452] Track 18 map points
I0323 20:46:30.868968 3276147 tracking.cc:571] Track 102 reference points
I0323 20:46:30.869028 3276147 tracking.cc:279] Keyframe at 545818.318225, mappoints 18, interval 0.166123, parallax 15.7866
I0323 20:46:30.869374 3276147 tracking.cc:795] Triangulate 31 3D points with 62 left, 23 reset, 2 outtime and 7 outliers
I0323 20:46:30.871847 3276147 tracking.cc:687] Add 30 new features to 111
I0323 20:46:30.872802 3276147 ic_gvins.cc:553] Tracking cost 18.7328 ms
I0323 20:46:30.875571 3276146 ic_gvins.cc:746] Insert keyframe 109 at 545818.318225 with 31 new mappoints
I0323 20:46:30.876078 3276146 ic_gvins.cc:751] Add new keyframe time node at 545818.318225
I0323 20:46:30.876132 3276148 ic_gvins.cc:1856] Total 13 pose states from 545816.711886 to 545818.318225
I0323 20:46:30.876964 3276148 ic_gvins.cc:1180] Add 12 preintegration, 2 GNSS, 88 reprojection
I0323 20:46:30.881940 3276148 ic_gvins.cc:1189] Ceres Solver Report: Iterations: 6, Initial cost: 3.404328e+02, Final cost: 1.144907e+02, Termination: NO_CONVERGENCE
I0323 20:46:30.881994 3276148 ic_gvins.cc:1270] Detect 1 GNSS outliers at 545818.318225
I0323 20:46:30.882069 3276148 ic_gvins.cc:1299] Remove 4 reprojection factors
I0323 20:46:30.894016 3276147 tracking.cc:452] Track 47 map points
I0323 20:46:30.901501 3276147 tracking.cc:571] Track 73 reference points
I0323 20:46:30.904735 3276147 tracking.cc:687] Add 21 new features to 120
I0323 20:46:30.909612 3276148 ic_gvins.cc:1223] Ceres Solver Report: Iterations: 16, Initial cost: 1.087208e+02, Final cost: 1.050173e+02, Termination: NO_CONVERGENCE
E0323 20:46:30.909686 3276148 ic_gvins.cc:1329] Estimated extrinsic is too large, t:   3.14018 -0.218406  -1.29432, R: 86.5924 3.09658 91.2532
I0323 20:46:30.910035 3276148 ic_gvins.cc:1127] Culled 21 mappoint with 9 bad observed features 0, 3, 18
I0323 20:46:30.910662 3276148 ic_gvins.cc:1433] Marginalize 1 states, last time 545816.846069
I0323 20:46:30.911132 3276148 ic_gvins.cc:478] Optimization costs 35.0186 ms with 5.00443 and 27.5926 with marginalization costs 0.625479
I0323 20:46:30.921237 3276146 misc.cc:220] Redo INS mechanization at 545818.318225 to 545818.383702 is 0.0654771 s
I0323 20:46:30.931303 3276147 tracking.cc:452] Track 27 map points
I0323 20:46:30.940135 3276147 tracking.cc:571] Track 76 reference points
I0323 20:46:30.945150 3276147 tracking.cc:687] Add 39 new features to 103
I0323 20:46:30.957352 3276099 fusion_ros.cc:232] Raw data time 545818.423720, 545818.124273, 545818.405953
I0323 20:46:30.959033 3276147 tracking.cc:452] Track 25 map points
I0323 20:46:30.966519 3276147 tracking.cc:571] Track 94 reference points
I0323 20:46:30.969844 3276147 tracking.cc:687] Add 22 new features to 119
I0323 20:46:30.994944 3276147 tracking.cc:452] Track 24 map points
I0323 20:46:31.002952 3276147 tracking.cc:571] Track 96 reference points
I0323 20:46:31.005508 3276147 tracking.cc:687] Add 21 new features to 120
I0323 20:46:31.027053 3276147 tracking.cc:452] Track 22 map points
I0323 20:46:31.034623 3276147 tracking.cc:571] Track 86 reference points
I0323 20:46:31.037777 3276147 tracking.cc:687] Add 32 new features to 108
I0323 20:46:31.063135 3276147 tracking.cc:452] Track 20 map points
I0323 20:46:31.071595 3276147 tracking.cc:571] Track 93 reference points
I0323 20:46:31.071656 3276147 tracking.cc:279] Keyframe at 545818.515886, mappoints 20, interval 0.197661, parallax 17.9103
I0323 20:46:31.071969 3276147 tracking.cc:795] Triangulate 21 3D points with 68 left, 39 reset, 2 outtime and 2 outliers
I0323 20:46:31.076858 3276147 tracking.cc:687] Add 36 new features to 109
I0323 20:46:31.077207 3276147 ic_gvins.cc:553] Tracking cost 25.2679 ms
I0323 20:46:31.080669 3276146 ic_gvins.cc:746] Insert keyframe 110 at 545818.515886 with 21 new mappoints
I0323 20:46:31.081238 3276146 ic_gvins.cc:751] Add new keyframe time node at 545818.515886
I0323 20:46:31.081281 3276148 ic_gvins.cc:1856] Total 13 pose states from 545816.846069 to 545818.515886
I0323 20:46:31.082067 3276148 ic_gvins.cc:1180] Add 12 preintegration, 2 GNSS, 91 reprojection
I0323 20:46:31.086822 3276148 ic_gvins.cc:1189] Ceres Solver Report: Iterations: 6, Initial cost: 4.310490e+02, Final cost: 1.256742e+02, Termination: NO_CONVERGENCE
I0323 20:46:31.086890 3276148 ic_gvins.cc:1270] Detect 2 GNSS outliers at 545818.515886
I0323 20:46:31.086970 3276148 ic_gvins.cc:1299] Remove 3 reprojection factors
I0323 20:46:31.097736 3276147 tracking.cc:452] Track 39 map points
I0323 20:46:31.108592 3276147 tracking.cc:571] Track 82 reference points
I0323 20:46:31.111727 3276147 tracking.cc:687] Add 24 new features to 121
I0323 20:46:31.113979 3276148 ic_gvins.cc:1223] Ceres Solver Report: Iterations: 16, Initial cost: 1.203343e+02, Final cost: 1.166166e+02, Termination: NO_CONVERGENCE
E0323 20:46:31.114053 3276148 ic_gvins.cc:1329] Estimated extrinsic is too large, t:   3.34408  0.217639 -0.760847, R:  86.7387 -5.85227  92.0777
I0323 20:46:31.114502 3276148 ic_gvins.cc:1127] Culled 21 mappoint with 13 bad observed features 0, 3, 18
I0323 20:46:31.115193 3276148 ic_gvins.cc:1433] Marginalize 1 states, last time 545817.014810
I0323 20:46:31.115715 3276148 ic_gvins.cc:478] Optimization costs 34.4533 ms with 4.70667 and 27.0548 with marginalization costs 0.67383
I0323 20:46:31.120783 3276146 misc.cc:220] Redo INS mechanization at 545818.515886 to 545818.588679 is 0.0727936 s
I0323 20:46:31.127811 3276147 tracking.cc:452] Track 21 map points
I0323 20:46:31.135358 3276147 tracking.cc:571] Track 81 reference points
I0323 20:46:31.139886 3276147 tracking.cc:687] Add 41 new features to 102
I0323 20:46:31.158633 3276147 tracking.cc:452] Track 21 map points
I0323 20:46:31.166332 3276147 tracking.cc:571] Track 94 reference points
I0323 20:46:31.166386 3276147 tracking.cc:279] Keyframe at 545818.614828, mappoints 21, interval 0.0989424, parallax 19.5872
I0323 20:46:31.166599 3276147 tracking.cc:795] Triangulate 9 3D points with 79 left, 35 reset, 0 outtime and 6 outliers
I0323 20:46:31.171926 3276147 tracking.cc:687] Add 34 new features to 109
I0323 20:46:31.172251 3276147 ic_gvins.cc:553] Tracking cost 21.606 ms
I0323 20:46:31.175457 3276146 ic_gvins.cc:746] Insert keyframe 111 at 545818.614828 with 9 new mappoints
I0323 20:46:31.175810 3276146 ic_gvins.cc:751] Add new keyframe time node at 545818.614828
I0323 20:46:31.175854 3276148 ic_gvins.cc:1856] Total 13 pose states from 545817.014810 to 545818.614828
I0323 20:46:31.176558 3276148 ic_gvins.cc:1180] Add 12 preintegration, 2 GNSS, 77 reprojection
I0323 20:46:31.181478 3276148 ic_gvins.cc:1189] Ceres Solver Report: Iterations: 6, Initial cost: 4.633503e+02, Final cost: 1.252230e+02, Termination: NO_CONVERGENCE
I0323 20:46:31.181540 3276148 ic_gvins.cc:1270] Detect 2 GNSS outliers at 545818.614828
I0323 20:46:31.181618 3276148 ic_gvins.cc:1299] Remove 5 reprojection factors
I0323 20:46:31.193971 3276147 tracking.cc:452] Track 29 map points
I0323 20:46:31.204821 3276147 tracking.cc:571] Track 87 reference points
I0323 20:46:31.206756 3276148 ic_gvins.cc:1223] Ceres Solver Report: Iterations: 16, Initial cost: 1.124795e+02, Final cost: 1.093846e+02, Termination: NO_CONVERGENCE
E0323 20:46:31.206844 3276148 ic_gvins.cc:1329] Estimated extrinsic is too large, t:   1.89324  0.458431 -0.446371, R:  86.0157 -5.58137    92.15
I0323 20:46:31.207214 3276148 ic_gvins.cc:1127] Culled 19 mappoint with 9 bad observed features 0, 1, 18
I0323 20:46:31.208601 3276147 tracking.cc:687] Add 27 new features to 116
I0323 20:46:31.212611 3276148 ic_gvins.cc:1433] Marginalize 2 states, last time 545817.182576
I0323 20:46:31.213349 3276148 ic_gvins.cc:478] Optimization costs 37.5149 ms with 4.96111 and 25.1981 with marginalization costs 0.964713
I0323 20:46:31.215617 3276146 misc.cc:220] Redo INS mechanization at 545818.614828 to 545818.683689 is 0.068861 s
I0323 20:46:31.227977 3276147 tracking.cc:452] Track 12 map points
I0323 20:46:31.237738 3276147 tracking.cc:571] Track 89 reference points
I0323 20:46:31.241402 3276147 tracking.cc:687] Add 42 new features to 101
I0323 20:46:31.253830 3276147 tracking.cc:452] Track 11 map points
I0323 20:46:31.264776 3276147 tracking.cc:571] Track 106 reference points
I0323 20:46:31.268116 3276147 tracking.cc:687] Add 21 new features to 117
I0323 20:46:31.290212 3276147 tracking.cc:452] Track 11 map points
I0323 20:46:31.297921 3276147 tracking.cc:571] Track 109 reference points
I0323 20:46:31.297987 3276147 tracking.cc:279] Keyframe at 545818.747013, mappoints 11, interval 0.132185, parallax 15.5266
I0323 20:46:31.298231 3276147 tracking.cc:795] Triangulate 10 3D points with 87 left, 43 reset, 2 outtime and 10 outliers
I0323 20:46:31.302336 3276147 tracking.cc:687] Add 36 new features to 108
I0323 20:46:31.302635 3276147 ic_gvins.cc:553] Tracking cost 21.6372 ms
I0323 20:46:31.305716 3276146 ic_gvins.cc:746] Insert keyframe 112 at 545818.747013 with 10 new mappoints
I0323 20:46:31.306128 3276146 ic_gvins.cc:751] Add new keyframe time node at 545818.747013
I0323 20:46:31.306167 3276148 ic_gvins.cc:1856] Total 12 pose states from 545817.182576 to 545818.747013
I0323 20:46:31.306763 3276148 ic_gvins.cc:1180] Add 11 preintegration, 1 GNSS, 54 reprojection
I0323 20:46:31.309976 3276148 ic_gvins.cc:1189] Ceres Solver Report: Iterations: 6, Initial cost: 5.068337e+02, Final cost: 1.184447e+02, Termination: NO_CONVERGENCE
I0323 20:46:31.310024 3276148 ic_gvins.cc:1270] Detect 1 GNSS outliers at 545818.747013
I0323 20:46:31.310081 3276148 ic_gvins.cc:1299] Remove 7 reprojection factors
I0323 20:46:31.322551 3276148 ic_gvins.cc:1223] Ceres Solver Report: Iterations: 16, Initial cost: 9.196870e+01, Final cost: 8.028080e+01, Termination: NO_CONVERGENCE
E0323 20:46:31.322666 3276148 ic_gvins.cc:1329] Estimated extrinsic is too large, t:    3.16044 -0.0136133    1.88404, R:  85.7981 -22.8388  93.0231
I0323 20:46:31.323930 3276148 ic_gvins.cc:1127] Culled 10 mappoint with 9 bad observed features 0, 3, 7
I0323 20:46:31.324458 3276148 ic_gvins.cc:1433] Marginalize 1 states, last time 545817.348229
I0323 20:46:31.324712 3276147 tracking.cc:452] Track 20 map points
I0323 20:46:31.325764 3276148 ic_gvins.cc:478] Optimization costs 19.6257 ms with 3.24199 and 12.5408 with marginalization costs 1.09873
I0323 20:46:31.326162 3276146 misc.cc:220] Redo INS mechanization at 545818.747013 to 545818.793700 is 0.0466862 s
I0323 20:46:31.332340 3276147 tracking.cc:571] Track 106 reference points
I0323 20:46:31.334890 3276147 tracking.cc:687] Add 16 new features to 126
I0323 20:46:31.364203 3276147 tracking.cc:452] Track 13 map points
I0323 20:46:31.373042 3276147 tracking.cc:571] Track 104 reference points
I0323 20:46:31.375896 3276147 tracking.cc:687] Add 27 new features to 117
I0323 20:46:31.396114 3276147 tracking.cc:452] Track 13 map points
I0323 20:46:31.404667 3276147 tracking.cc:571] Track 108 reference points
I0323 20:46:31.404731 3276147 tracking.cc:279] Keyframe at 545818.851954, mappoints 13, interval 0.104941, parallax 15.5118
I0323 20:46:31.405002 3276147 tracking.cc:795] Triangulate 23 3D points with 78 left, 20 reset, 1 outtime and 6 outliers
I0323 20:46:31.408867 3276147 tracking.cc:687] Add 30 new features to 114
I0323 20:46:31.409194 3276147 ic_gvins.cc:553] Tracking cost 23.5495 ms
I0323 20:46:31.410750 3276146 ic_gvins.cc:746] Insert keyframe 113 at 545818.851954 with 23 new mappoints
I0323 20:46:31.411114 3276146 ic_gvins.cc:751] Add new keyframe time node at 545818.851954
I0323 20:46:31.411163 3276148 ic_gvins.cc:1856] Total 12 pose states from 545817.348229 to 545818.851954
I0323 20:46:31.411861 3276148 ic_gvins.cc:1180] Add 11 preintegration, 1 GNSS, 65 reprojection
I0323 20:46:31.416610 3276148 ic_gvins.cc:1189] Ceres Solver Report: Iterations: 6, Initial cost: 3.427126e+02, Final cost: 7.273503e+01, Termination: NO_CONVERGENCE
I0323 20:46:31.416712 3276148 ic_gvins.cc:1299] Remove 2 reprojection factors
I0323 20:46:31.429980 3276148 ic_gvins.cc:1223] Ceres Solver Report: Iterations: 16, Initial cost: 6.930660e+01, Final cost: 6.895672e+01, Termination: NO_CONVERGENCE
E0323 20:46:31.430044 3276148 ic_gvins.cc:1329] Estimated extrinsic is too large, t:    3.29559 -0.0355967    1.53565, R:  85.9222 -20.2778  92.8278
I0323 20:46:31.430356 3276148 ic_gvins.cc:1127] Culled 7 mappoint with 6 bad observed features 0, 0, 7
I0323 20:46:31.430919 3276147 tracking.cc:452] Track 34 map points
I0323 20:46:31.431074 3276148 ic_gvins.cc:1433] Marginalize 1 states, last time 545817.483565
I0323 20:46:31.431560 3276148 ic_gvins.cc:478] Optimization costs 20.4149 ms with 4.7691 and 13.3046 with marginalization costs 0.592838
I0323 20:46:31.435853 3276146 misc.cc:220] Redo INS mechanization at 545818.851954 to 545818.903721 is 0.0517673 s
I0323 20:46:31.438084 3276147 tracking.cc:571] Track 85 reference points
I0323 20:46:31.443787 3276147 tracking.cc:687] Add 25 new features to 119
I0323 20:46:31.460484 3276147 tracking.cc:452] Track 26 map points
I0323 20:46:31.470870 3276147 tracking.cc:571] Track 90 reference points
I0323 20:46:31.475759 3276147 tracking.cc:687] Add 26 new features to 116
I0323 20:46:31.494661 3276147 tracking.cc:452] Track 24 map points
I0323 20:46:31.502070 3276147 tracking.cc:571] Track 96 reference points
I0323 20:46:31.505676 3276147 tracking.cc:687] Add 23 new features to 120
I0323 20:46:31.529081 3276147 tracking.cc:452] Track 23 map points
I0323 20:46:31.536845 3276147 tracking.cc:571] Track 96 reference points
I0323 20:46:31.536908 3276147 tracking.cc:279] Keyframe at 545818.984787, mappoints 23, interval 0.132833, parallax 19.9449
I0323 20:46:31.537220 3276147 tracking.cc:795] Triangulate 29 3D points with 60 left, 26 reset, 2 outtime and 5 outliers
I0323 20:46:31.541565 3276147 tracking.cc:687] Add 31 new features to 112
I0323 20:46:31.541913 3276147 ic_gvins.cc:553] Tracking cost 21.1482 ms
I0323 20:46:31.546114 3276146 ic_gvins.cc:746] Insert keyframe 114 at 545818.984787 with 29 new mappoints
I0323 20:46:31.546545 3276146 ic_gvins.cc:751] Add new keyframe time node at 545818.984787
I0323 20:46:31.546584 3276148 ic_gvins.cc:1856] Total 12 pose states from 545817.483565 to 545818.984787
I0323 20:46:31.547433 3276148 ic_gvins.cc:1180] Add 11 preintegration, 1 GNSS, 100 reprojection
I0323 20:46:31.553345 3276148 ic_gvins.cc:1189] Ceres Solver Report: Iterations: 6, Initial cost: 3.967451e+02, Final cost: 8.328938e+01, Termination: NO_CONVERGENCE
I0323 20:46:31.553484 3276148 ic_gvins.cc:1299] Remove 3 reprojection factors
E0323 20:46:31.559950 3276099 ic_gvins.cc:172] Lost IMU data with at 545819.028 dt 0.009
E0323 20:46:31.560104 3276099 ic_gvins.cc:182] Append extra IMU data at 545819.023699
I0323 20:46:31.561717 3276147 tracking.cc:452] Track 49 map points
I0323 20:46:31.569478 3276147 tracking.cc:571] Track 73 reference points
I0323 20:46:31.573458 3276147 tracking.cc:687] Add 22 new features to 122
I0323 20:46:31.575464 3276148 ic_gvins.cc:1223] Ceres Solver Report: Iterations: 16, Initial cost: 7.589405e+01, Final cost: 7.512848e+01, Termination: NO_CONVERGENCE
E0323 20:46:31.575536 3276148 ic_gvins.cc:1329] Estimated extrinsic is too large, t:    2.2371 0.0647324   1.09934, R: 85.8964 -15.764  92.659
I0323 20:46:31.575937 3276148 ic_gvins.cc:1127] Culled 17 mappoint with 15 bad observed features 0, 2, 15
I0323 20:46:31.576516 3276148 ic_gvins.cc:1433] Marginalize 1 states, last time 545817.648096
I0323 20:46:31.577116 3276148 ic_gvins.cc:478] Optimization costs 30.5568 ms with 5.95123 and 22.0227 with marginalization costs 0.659911
I0323 20:46:31.580662 3276146 misc.cc:220] Redo INS mechanization at 545818.984787 to 545819.048680 is 0.0638931 s
I0323 20:46:31.590456 3276147 tracking.cc:452] Track 34 map points
I0323 20:46:31.597626 3276147 tracking.cc:571] Track 71 reference points
I0323 20:46:31.602437 3276147 tracking.cc:687] Add 38 new features to 105
I0323 20:46:31.623718 3276099 fusion_ros.cc:232] Raw data time 545819.088676, 545818.124273, 545819.072668
I0323 20:46:31.624233 3276147 tracking.cc:452] Track 33 map points
I0323 20:46:31.631785 3276147 tracking.cc:571] Track 91 reference points
I0323 20:46:31.634197 3276147 tracking.cc:687] Add 18 new features to 124
I0323 20:46:31.660571 3276147 tracking.cc:452] Track 32 map points
I0323 20:46:31.669102 3276147 tracking.cc:571] Track 87 reference points
I0323 20:46:31.669167 3276147 tracking.cc:279] Keyframe at 545819.115349, mappoints 32, interval 0.130562, parallax 15.4964
I0323 20:46:31.669543 3276147 tracking.cc:795] Triangulate 20 3D points with 62 left, 35 reset, 3 outtime and 2 outliers
I0323 20:46:31.672852 3276147 tracking.cc:687] Add 27 new features to 114
I0323 20:46:31.673161 3276147 ic_gvins.cc:553] Tracking cost 21.6755 ms
I0323 20:46:31.676260 3276146 ic_gvins.cc:746] Insert keyframe 115 at 545819.115349 with 20 new mappoints
I0323 20:46:31.676671 3276146 ic_gvins.cc:751] Add new keyframe time node at 545819.115349
I0323 20:46:31.676713 3276148 ic_gvins.cc:1856] Total 12 pose states from 545817.648096 to 545819.115349
I0323 20:46:31.677626 3276148 ic_gvins.cc:1180] Add 11 preintegration, 1 GNSS, 114 reprojection
I0323 20:46:31.681640 3276148 ic_gvins.cc:1189] Ceres Solver Report: Iterations: 6, Initial cost: 5.181757e+02, Final cost: 9.516009e+01, Termination: NO_CONVERGENCE
I0323 20:46:31.681751 3276148 ic_gvins.cc:1299] Remove 4 reprojection factors
I0323 20:46:31.694242 3276147 tracking.cc:452] Track 48 map points
I0323 20:46:31.699729 3276148 ic_gvins.cc:1223] Ceres Solver Report: Iterations: 14, Initial cost: 8.296585e+01, Final cost: 8.245229e+01, Termination: CONVERGENCE
E0323 20:46:31.699944 3276148 ic_gvins.cc:1329] Estimated extrinsic is too large, t:  1.89367 0.137986  1.04822, R:  85.8623 -15.0152  92.6642
I0323 20:46:31.700393 3276148 ic_gvins.cc:1127] Culled 18 mappoint with 20 bad observed features 0, 2, 16
I0323 20:46:31.701947 3276147 tracking.cc:571] Track 77 reference points
I0323 20:46:31.705981 3276147 tracking.cc:687] Add 17 new features to 125
I0323 20:46:31.711382 3276148 ic_gvins.cc:1433] Marginalize 1 states, last time 545817.813085
I0323 20:46:31.712102 3276148 ic_gvins.cc:478] Optimization costs 35.4139 ms with 4.04225 and 18.1653 with marginalization costs 0.898377
I0323 20:46:31.716665 3276146 misc.cc:220] Redo INS mechanization at 545819.115349 to 545819.183696 is 0.0683468 s
I0323 20:46:31.727187 3276147 tracking.cc:452] Track 30 map points
I0323 20:46:31.737119 3276147 tracking.cc:571] Track 76 reference points
I0323 20:46:31.740850 3276147 tracking.cc:687] Add 36 new features to 106
I0323 20:46:31.759876 3276147 tracking.cc:452] Track 29 map points
I0323 20:46:31.767220 3276147 tracking.cc:571] Track 98 reference points
I0323 20:46:31.770538 3276147 tracking.cc:687] Add 15 new features to 127
I0323 20:46:31.790817 3276147 tracking.cc:452] Track 28 map points
I0323 20:46:31.798514 3276147 tracking.cc:571] Track 98 reference points
I0323 20:46:31.801764 3276147 tracking.cc:687] Add 18 new features to 126
I0323 20:46:31.824678 3276147 tracking.cc:452] Track 28 map points
I0323 20:46:31.831880 3276147 tracking.cc:571] Track 97 reference points
I0323 20:46:31.831947 3276147 tracking.cc:279] Keyframe at 545819.280641, mappoints 28, interval 0.165292, parallax 15.3613
I0323 20:46:31.832244 3276147 tracking.cc:795] Triangulate 18 3D points with 70 left, 37 reset, 2 outtime and 7 outliers
I0323 20:46:31.836702 3276147 tracking.cc:687] Add 27 new features to 116
I0323 20:46:31.837059 3276147 ic_gvins.cc:553] Tracking cost 20.6932 ms
I0323 20:46:31.840451 3276146 ic_gvins.cc:746] Insert keyframe 116 at 545819.280641 with 18 new mappoints
I0323 20:46:31.840942 3276146 ic_gvins.cc:751] Add new keyframe time node at 545819.280641
I0323 20:46:31.840970 3276146 ic_gvins.cc:847] Add new GNSS 545819.130082 align to 545819.115349
I0323 20:46:31.842437 3276148 ic_gvins.cc:1856] Total 12 pose states from 545817.813085 to 545819.280641
I0323 20:46:31.843458 3276148 ic_gvins.cc:1180] Add 11 preintegration, 2 GNSS, 113 reprojection
I0323 20:46:31.849066 3276148 ic_gvins.cc:1189] Ceres Solver Report: Iterations: 6, Initial cost: 6.272145e+02, Final cost: 1.683643e+02, Termination: NO_CONVERGENCE
I0323 20:46:31.849128 3276148 ic_gvins.cc:1270] Detect 1 GNSS outliers at 545819.280641
I0323 20:46:31.849223 3276148 ic_gvins.cc:1299] Remove 6 reprojection factors
I0323 20:46:31.859079 3276147 tracking.cc:452] Track 45 map points
I0323 20:46:31.866838 3276147 tracking.cc:571] Track 82 reference points
I0323 20:46:31.869378 3276147 tracking.cc:687] Add 16 new features to 127
I0323 20:46:31.874027 3276148 ic_gvins.cc:1223] Ceres Solver Report: Iterations: 15, Initial cost: 9.258437e+01, Final cost: 8.961909e+01, Termination: CONVERGENCE
E0323 20:46:31.874086 3276148 ic_gvins.cc:1329] Estimated extrinsic is too large, t:    1.52207 -0.0902888    1.35457, R:  86.1805 -14.6439   92.595
I0323 20:46:31.874462 3276148 ic_gvins.cc:1127] Culled 11 mappoint with 19 bad observed features 0, 0, 11
I0323 20:46:31.874897 3276148 ic_gvins.cc:1433] Marginalize 1 states, last time 545817.983498
I0323 20:46:31.875352 3276148 ic_gvins.cc:478] Optimization costs 32.9414 ms with 5.62322 and 24.834 with marginalization costs 0.589926
I0323 20:46:31.880374 3276146 misc.cc:220] Redo INS mechanization at 545819.280641 to 545819.348681 is 0.0680402 s
I0323 20:46:31.893056 3276147 tracking.cc:452] Track 34 map points
I0323 20:46:31.900746 3276147 tracking.cc:571] Track 84 reference points
I0323 20:46:31.903379 3276147 tracking.cc:687] Add 26 new features to 118
I0323 20:46:31.924005 3276147 tracking.cc:452] Track 33 map points
I0323 20:46:31.931023 3276147 tracking.cc:571] Track 88 reference points
E0323 20:46:31.933318 3276099 ic_gvins.cc:172] Lost IMU data with at 545819.401 dt 0.012
E0323 20:46:31.933475 3276099 ic_gvins.cc:182] Append extra IMU data at 545819.393685
I0323 20:46:31.935452 3276147 tracking.cc:687] Add 23 new features to 121
I0323 20:46:31.958712 3276147 tracking.cc:452] Track 31 map points
I0323 20:46:31.966071 3276147 tracking.cc:571] Track 97 reference points
I0323 20:46:31.969235 3276147 tracking.cc:687] Add 15 new features to 128
I0323 20:46:31.994063 3276147 tracking.cc:452] Track 31 map points
I0323 20:46:32.002151 3276147 tracking.cc:571] Track 99 reference points
I0323 20:46:32.002228 3276147 tracking.cc:279] Keyframe at 545819.449585, mappoints 31, interval 0.168945, parallax 15.1912
I0323 20:46:32.002517 3276147 tracking.cc:795] Triangulate 14 3D points with 74 left, 36 reset, 1 outtime and 10 outliers
I0323 20:46:32.010150 3276147 tracking.cc:687] Add 23 new features to 119
I0323 20:46:32.010524 3276147 ic_gvins.cc:553] Tracking cost 24.1542 ms
I0323 20:46:32.015817 3276146 ic_gvins.cc:746] Insert keyframe 117 at 545819.449585 with 14 new mappoints
I0323 20:46:32.016312 3276146 ic_gvins.cc:751] Add new keyframe time node at 545819.449585
I0323 20:46:32.016363 3276148 ic_gvins.cc:1856] Total 12 pose states from 545817.983498 to 545819.449585
I0323 20:46:32.017398 3276148 ic_gvins.cc:1180] Add 11 preintegration, 2 GNSS, 122 reprojection
I0323 20:46:32.023474 3276148 ic_gvins.cc:1189] Ceres Solver Report: Iterations: 6, Initial cost: 5.550336e+02, Final cost: 1.112186e+02, Termination: NO_CONVERGENCE
I0323 20:46:32.023646 3276148 ic_gvins.cc:1299] Remove 9 reprojection factors
I0323 20:46:32.024770 3276147 tracking.cc:452] Track 44 map points
I0323 20:46:32.032716 3276147 tracking.cc:571] Track 85 reference points
E0323 20:46:32.033186 3276099 ic_gvins.cc:172] Lost IMU data with at 545819.501 dt 0.008
E0323 20:46:32.033318 3276099 ic_gvins.cc:182] Append extra IMU data at 545819.498701
I0323 20:46:32.038745 3276147 tracking.cc:687] Add 12 new features to 129
I0323 20:46:32.042408 3276148 ic_gvins.cc:1223] Ceres Solver Report: Iterations: 16, Initial cost: 8.515171e+01, Final cost: 8.131130e+01, Termination: NO_CONVERGENCE
E0323 20:46:32.042467 3276148 ic_gvins.cc:1329] Estimated extrinsic is too large, t:   1.30185 -0.289141   0.64133, R: 86.4273 -7.8602 91.9709
I0323 20:46:32.042893 3276148 ic_gvins.cc:1127] Culled 21 mappoint with 20 bad observed features 0, 1, 20
I0323 20:46:32.043357 3276148 ic_gvins.cc:1433] Marginalize 2 states, last time 545818.152101
I0323 20:46:32.044060 3276148 ic_gvins.cc:478] Optimization costs 27.7234 ms with 6.10902 and 18.7871 with marginalization costs 0.823048
I0323 20:46:32.045440 3276146 misc.cc:220] Redo INS mechanization at 545819.449585 to 545819.513686 is 0.0641011 s
I0323 20:46:32.064674 3276147 tracking.cc:452] Track 22 map points
E0323 20:46:32.065244 3276099 ic_gvins.cc:172] Lost IMU data with at 545819.533 dt 0.009
E0323 20:46:32.065423 3276099 ic_gvins.cc:182] Append extra IMU data at 545819.528707
I0323 20:46:32.072091 3276147 tracking.cc:571] Track 83 reference points
I0323 20:46:32.084199 3276147 tracking.cc:687] Add 39 new features to 105
I0323 20:46:32.094426 3276147 tracking.cc:452] Track 22 map points
I0323 20:46:32.102015 3276147 tracking.cc:571] Track 101 reference points
I0323 20:46:32.104550 3276147 tracking.cc:687] Add 21 new features to 123
I0323 20:46:32.124856 3276147 tracking.cc:452] Track 22 map points
I0323 20:46:32.132364 3276147 tracking.cc:571] Track 108 reference points
I0323 20:46:32.135995 3276147 tracking.cc:687] Add 14 new features to 130
I0323 20:46:32.158946 3276147 tracking.cc:452] Track 20 map points
I0323 20:46:32.166388 3276147 tracking.cc:571] Track 109 reference points
I0323 20:46:32.166447 3276147 tracking.cc:279] Keyframe at 545819.616469, mappoints 20, interval 0.166883, parallax 17.4093
I0323 20:46:32.166796 3276147 tracking.cc:795] Triangulate 28 3D points with 73 left, 37 reset, 1 outtime and 7 outliers
I0323 20:46:32.171564 3276147 tracking.cc:687] Add 23 new features to 121
I0323 20:46:32.171897 3276147 ic_gvins.cc:553] Tracking cost 20.7994 ms
I0323 20:46:32.175415 3276146 ic_gvins.cc:746] Insert keyframe 118 at 545819.616469 with 28 new mappoints
I0323 20:46:32.175894 3276146 ic_gvins.cc:751] Add new keyframe time node at 545819.616469
I0323 20:46:32.175947 3276148 ic_gvins.cc:1856] Total 11 pose states from 545818.152101 to 545819.616469
I0323 20:46:32.176954 3276148 ic_gvins.cc:1180] Add 10 preintegration, 1 GNSS, 109 reprojection
I0323 20:46:32.181667 3276148 ic_gvins.cc:1189] Ceres Solver Report: Iterations: 6, Initial cost: 5.089819e+02, Final cost: 9.224865e+01, Termination: NO_CONVERGENCE
I0323 20:46:32.181784 3276148 ic_gvins.cc:1299] Remove 5 reprojection factors
I0323 20:46:32.197852 3276147 tracking.cc:452] Track 45 map points
I0323 20:46:32.200728 3276148 ic_gvins.cc:1223] Ceres Solver Report: Iterations: 15, Initial cost: 7.551221e+01, Final cost: 7.316404e+01, Termination: CONVERGENCE
E0323 20:46:32.200786 3276148 ic_gvins.cc:1329] Estimated extrinsic is too large, t:  1.56953 0.110787 0.484934, R:   86.223 -10.6931  92.4259
I0323 20:46:32.201205 3276148 ic_gvins.cc:1127] Culled 26 mappoint with 14 bad observed features 0, 0, 26
I0323 20:46:32.201774 3276148 ic_gvins.cc:1433] Marginalize 1 states, last time 545818.318225
I0323 20:46:32.202590 3276148 ic_gvins.cc:478] Optimization costs 26.6766 ms with 4.73519 and 18.9783 with marginalization costs 0.870312
I0323 20:46:32.205843 3276146 misc.cc:220] Redo INS mechanization at 545819.616469 to 545819.673692 is 0.0572233 s
I0323 20:46:32.208081 3276147 tracking.cc:571] Track 84 reference points
I0323 20:46:32.210800 3276147 tracking.cc:687] Add 14 new features to 129
I0323 20:46:32.223882 3276147 tracking.cc:452] Track 26 map points
I0323 20:46:32.232061 3276147 tracking.cc:571] Track 80 reference points
I0323 20:46:32.237424 3276147 tracking.cc:687] Add 38 new features to 106
I0323 20:46:32.260038 3276147 tracking.cc:452] Track 25 map points
E0323 20:46:32.265116 3276099 ic_gvins.cc:172] Lost IMU data with at 545819.733 dt 0.009
E0323 20:46:32.265259 3276099 ic_gvins.cc:182] Append extra IMU data at 545819.728702
I0323 20:46:32.267329 3276147 tracking.cc:571] Track 101 reference points
I0323 20:46:32.270473 3276147 tracking.cc:687] Add 19 new features to 126
I0323 20:46:32.290148 3276099 fusion_ros.cc:232] Raw data time 545819.753698, 545819.130082, 545819.739383
I0323 20:46:32.290401 3276147 tracking.cc:452] Track 23 map points
I0323 20:46:32.298045 3276147 tracking.cc:571] Track 111 reference points
I0323 20:46:32.300458 3276147 tracking.cc:687] Add 9 new features to 134
I0323 20:46:32.323935 3276147 tracking.cc:452] Track 22 map points
I0323 20:46:32.331260 3276147 tracking.cc:571] Track 103 reference points
I0323 20:46:32.331332 3276147 tracking.cc:279] Keyframe at 545819.781893, mappoints 22, interval 0.165424, parallax 16.8924
I0323 20:46:32.331666 3276147 tracking.cc:795] Triangulate 25 3D points with 75 left, 44 reset, 0 outtime and 3 outliers
I0323 20:46:32.335542 3276147 tracking.cc:687] Add 22 new features to 122
I0323 20:46:32.335884 3276147 ic_gvins.cc:553] Tracking cost 19.3723 ms
I0323 20:46:32.340464 3276146 ic_gvins.cc:746] Insert keyframe 119 at 545819.781893 with 25 new mappoints
I0323 20:46:32.340955 3276146 ic_gvins.cc:751] Add new keyframe time node at 545819.781893
I0323 20:46:32.341009 3276148 ic_gvins.cc:1856] Total 11 pose states from 545818.318225 to 545819.781893
I0323 20:46:32.341919 3276148 ic_gvins.cc:1180] Add 10 preintegration, 1 GNSS, 94 reprojection
I0323 20:46:32.346956 3276148 ic_gvins.cc:1189] Ceres Solver Report: Iterations: 6, Initial cost: 4.672635e+02, Final cost: 6.293206e+01, Termination: NO_CONVERGENCE
I0323 20:46:32.347088 3276148 ic_gvins.cc:1299] Remove 5 reprojection factors
I0323 20:46:32.361929 3276147 tracking.cc:452] Track 46 map points
I0323 20:46:32.361964 3276148 ic_gvins.cc:1223] Ceres Solver Report: Iterations: 16, Initial cost: 4.833122e+01, Final cost: 4.781381e+01, Termination: NO_CONVERGENCE
E0323 20:46:32.362010 3276148 ic_gvins.cc:1329] Estimated extrinsic is too large, t:  2.41858 -0.28449 0.316549, R: 86.3018  -8.588 92.0444
I0323 20:46:32.362371 3276148 ic_gvins.cc:1127] Culled 18 mappoint with 12 bad observed features 0, 1, 17
I0323 20:46:32.362826 3276148 ic_gvins.cc:1433] Marginalize 1 states, last time 545818.515886
I0323 20:46:32.363341 3276148 ic_gvins.cc:478] Optimization costs 22.3621 ms with 5.07999 and 14.8958 with marginalization costs 0.601831
I0323 20:46:32.365507 3276146 misc.cc:220] Redo INS mechanization at 545819.781893 to 545819.833684 is 0.0517913 s
I0323 20:46:32.369891 3276147 tracking.cc:571] Track 84 reference points
I0323 20:46:32.372349 3276147 tracking.cc:687] Add 14 new features to 130
I0323 20:46:32.397905 3276147 tracking.cc:452] Track 30 map points
I0323 20:46:32.404421 3276147 tracking.cc:571] Track 86 reference points
I0323 20:46:32.407706 3276147 tracking.cc:687] Add 26 new features to 116
I0323 20:46:32.428190 3276147 tracking.cc:452] Track 30 map points
I0323 20:46:32.435283 3276147 tracking.cc:571] Track 100 reference points
I0323 20:46:32.437726 3276147 tracking.cc:687] Add 13 new features to 130
I0323 20:46:32.464851 3276147 tracking.cc:452] Track 29 map points
I0323 20:46:32.474426 3276147 tracking.cc:571] Track 103 reference points
I0323 20:46:32.477371 3276147 tracking.cc:687] Add 11 new features to 132
I0323 20:46:32.494297 3276147 tracking.cc:452] Track 28 map points
I0323 20:46:32.501384 3276147 tracking.cc:571] Track 96 reference points
I0323 20:46:32.501448 3276147 tracking.cc:279] Keyframe at 545819.951979, mappoints 28, interval 0.170087, parallax 18.3639
I0323 20:46:32.501791 3276147 tracking.cc:795] Triangulate 24 3D points with 61 left, 27 reset, 1 outtime and 10 outliers
I0323 20:46:32.505064 3276147 tracking.cc:687] Add 30 new features to 113
I0323 20:46:32.505421 3276147 ic_gvins.cc:553] Tracking cost 19.3795 ms
I0323 20:46:32.505520 3276146 ic_gvins.cc:746] Insert keyframe 120 at 545819.951979 with 24 new mappoints
I0323 20:46:32.506033 3276146 ic_gvins.cc:751] Add new keyframe time node at 545819.951979
I0323 20:46:32.506736 3276148 ic_gvins.cc:1856] Total 11 pose states from 545818.515886 to 545819.951979
I0323 20:46:32.507982 3276148 ic_gvins.cc:1180] Add 10 preintegration, 1 GNSS, 108 reprojection
I0323 20:46:32.512151 3276148 ic_gvins.cc:1189] Ceres Solver Report: Iterations: 6, Initial cost: 4.811263e+02, Final cost: 6.779877e+01, Termination: NO_CONVERGENCE
I0323 20:46:32.512269 3276148 ic_gvins.cc:1299] Remove 2 reprojection factors
I0323 20:46:32.519326 3276148 ic_gvins.cc:1223] Ceres Solver Report: Iterations: 12, Initial cost: 6.018778e+01, Final cost: 5.934003e+01, Termination: CONVERGENCE
E0323 20:46:32.519361 3276148 ic_gvins.cc:1329] Estimated extrinsic is too large, t:   2.90579 -0.228799  0.454671, R:  86.2481 -9.34192  92.0108
I0323 20:46:32.519734 3276148 ic_gvins.cc:1127] Culled 23 mappoint with 20 bad observed features 0, 2, 21
I0323 20:46:32.520259 3276148 ic_gvins.cc:1433] Marginalize 1 states, last time 545818.614828
I0323 20:46:32.525276 3276148 ic_gvins.cc:478] Optimization costs 18.583 ms with 4.19121 and 7.06494 with marginalization costs 3.84049
I0323 20:46:32.525313 3276146 misc.cc:220] Redo INS mechanization at 545819.951979 to 545819.993684 is 0.0417043 s
I0323 20:46:32.531361 3276147 tracking.cc:452] Track 29 map points
I0323 20:46:32.538201 3276147 tracking.cc:571] Track 81 reference points
I0323 20:46:32.548034 3276147 tracking.cc:687] Add 34 new features to 110
I0323 20:46:32.563691 3276147 tracking.cc:452] Track 28 map points
I0323 20:46:32.575069 3276147 tracking.cc:571] Track 102 reference points
I0323 20:46:32.577486 3276147 tracking.cc:687] Add 14 new features to 130
I0323 20:46:32.598286 3276147 tracking.cc:452] Track 27 map points
I0323 20:46:32.605829 3276147 tracking.cc:571] Track 106 reference points
I0323 20:46:32.607489 3276147 tracking.cc:687] Add 10 new features to 133
I0323 20:46:32.633661 3276147 tracking.cc:452] Track 27 map points
I0323 20:46:32.643433 3276147 tracking.cc:571] Track 101 reference points
I0323 20:46:32.645884 3276147 tracking.cc:687] Add 15 new features to 128
I0323 20:46:32.660871 3276147 tracking.cc:452] Track 27 map points
I0323 20:46:32.669246 3276147 tracking.cc:571] Track 103 reference points
I0323 20:46:32.669306 3276147 tracking.cc:279] Keyframe at 545820.117917, mappoints 27, interval 0.165938, parallax 16.9301
I0323 20:46:32.669615 3276147 tracking.cc:795] Triangulate 15 3D points with 76 left, 36 reset, 0 outtime and 12 outliers
E0323 20:46:32.669617 3276099 ic_gvins.cc:172] Lost IMU data with at 545820.137 dt 0.008
E0323 20:46:32.669751 3276099 ic_gvins.cc:182] Append extra IMU data at 545820.133673
I0323 20:46:32.675977 3276147 tracking.cc:687] Add 24 new features to 118
I0323 20:46:32.676321 3276147 ic_gvins.cc:553] Tracking cost 24.9815 ms
I0323 20:46:32.680730 3276146 ic_gvins.cc:746] Insert keyframe 121 at 545820.117917 with 15 new mappoints
I0323 20:46:32.681221 3276146 ic_gvins.cc:751] Add new keyframe time node at 545820.117917
I0323 20:46:32.681277 3276148 ic_gvins.cc:1856] Total 11 pose states from 545818.614828 to 545820.117917
I0323 20:46:32.682245 3276148 ic_gvins.cc:1180] Add 10 preintegration, 1 GNSS, 100 reprojection
I0323 20:46:32.687858 3276148 ic_gvins.cc:1189] Ceres Solver Report: Iterations: 6, Initial cost: 5.011904e+02, Final cost: 6.478816e+01, Termination: NO_CONVERGENCE
I0323 20:46:32.687991 3276148 ic_gvins.cc:1299] Remove 5 reprojection factors
I0323 20:46:32.697165 3276147 tracking.cc:452] Track 41 map points
I0323 20:46:32.707356 3276147 tracking.cc:571] Track 82 reference points
I0323 20:46:32.711571 3276147 tracking.cc:687] Add 20 new features to 123
I0323 20:46:32.711932 3276148 ic_gvins.cc:1223] Ceres Solver Report: Iterations: 11, Initial cost: 5.008622e+01, Final cost: 4.937048e+01, Termination: CONVERGENCE
E0323 20:46:32.712000 3276148 ic_gvins.cc:1329] Estimated extrinsic is too large, t:   3.38684 -0.227615  0.366776, R:  86.2569 -9.38016  91.9768
I0323 20:46:32.712404 3276148 ic_gvins.cc:1127] Culled 8 mappoint with 18 bad observed features 0, 0, 8
I0323 20:46:32.712898 3276148 ic_gvins.cc:1433] Marginalize 1 states, last time 545818.747013
