I0323 20:46:27.194753 3276147 tracking.cc:687] Add 16 new features to 126
I0323 20:46:27.195127 3276147 ic_gvins.cc:553] Tracking cost 19.2819 ms
I0323 20:46:27.198422 3276146 ic_gvins.cc:746] Insert keyframe 87 at 545814.641968 with 28 new mappoints
I0323 20:46:27.199002 3276146 ic_gvins.cc:751] Add new keyframe time node at 545814.641968
I0323 20:46:27.199059 3276148 ic_gvins.cc:1856] Total 13 pose states from 545813.076177 to 545814.641968
I0323 20:46:27.199918 3276148 ic_gvins.cc:1180] Add 12 preintegration, 2 GNSS, 104 reprojection
I0323 20:46:27.204509 3276148 ic_gvins.cc:1189] Ceres Solver Report: Iterations: 6, Initial cost: 4.005193e+02, Final cost: 4.741325e+01, Termination: NO_CONVERGENCE
I0323 20:46:27.204641 3276148 ic_gvins.cc:1299] Remove 4 reprojection factors
I0323 20:46:27.220693 3276147 tracking.cc:452] Track 58 map points
I0323 20:46:27.228161 3276147 tracking.cc:571] Track 75 reference points
I0323 20:46:27.230600 3276147 tracking.cc:687] Add 9 new features to 133
I0323 20:46:27.234966 3276148 ic_gvins.cc:1223] Ceres Solver Report: Iterations: 14, Initial cost: 3.963235e+01, Final cost: 3.857440e+01, Termination: CONVERGENCE
E0323 20:46:27.235025 3276148 ic_gvins.cc:1329] Estimated extrinsic is too large, t:   3.33688   1.02132 -0.580863, R:  84.9875 -20.5603  93.3826
I0323 20:46:27.235412 3276148 ic_gvins.cc:1127] Culled 27 mappoint with 20 bad observed features 0, 4, 23
I0323 20:46:27.235853 3276148 ic_gvins.cc:1433] Marginalize 2 states, last time 545813.208892
I0323 20:46:27.236475 3276148 ic_gvins.cc:478] Optimization costs 37.4411 ms with 4.61349 and 30.3545 with marginalization costs 0.686951
I0323 20:46:27.240778 3276146 misc.cc:220] Redo INS mechanization at 545814.641968 to 545814.708817 is 0.0668495 s
I0323 20:46:27.263932 3276147 tracking.cc:452] Track 31 map points
I0323 20:46:27.271514 3276147 tracking.cc:571] Track 71 reference points
I0323 20:46:27.277205 3276147 tracking.cc:687] Add 42 new features to 102
I0323 20:46:27.288043 3276147 tracking.cc:452] Track 29 map points
I0323 20:46:27.295866 3276147 tracking.cc:571] Track 96 reference points
I0323 20:46:27.300866 3276147 tracking.cc:687] Add 17 new features to 125
I0323 20:46:27.319684 3276147 tracking.cc:452] Track 28 map points
I0323 20:46:27.327152 3276147 tracking.cc:571] Track 92 reference points
I0323 20:46:27.330473 3276147 tracking.cc:687] Add 24 new features to 120
I0323 20:46:27.352991 3276147 tracking.cc:452] Track 27 map points
I0323 20:46:27.360373 3276147 tracking.cc:571] Track 98 reference points
I0323 20:46:27.364966 3276147 tracking.cc:687] Add 17 new features to 125
I0323 20:46:27.389130 3276147 tracking.cc:452] Track 27 map points
I0323 20:46:27.397533 3276147 tracking.cc:571] Track 99 reference points
I0323 20:46:27.397598 3276147 tracking.cc:279] Keyframe at 545814.844617, mappoints 27, interval 0.202649, parallax 15.4019
I0323 20:46:27.397903 3276147 tracking.cc:795] Triangulate 9 3D points with 83 left, 52 reset, 0 outtime and 7 outliers
I0323 20:46:27.402328 3276147 tracking.cc:687] Add 25 new features to 119
I0323 20:46:27.402680 3276147 ic_gvins.cc:553] Tracking cost 21.6497 ms
I0323 20:46:27.405927 3276146 ic_gvins.cc:746] Insert keyframe 88 at 545814.844617 with 9 new mappoints
I0323 20:46:27.406492 3276146 ic_gvins.cc:751] Add new keyframe time node at 545814.844617
I0323 20:46:27.406541 3276148 ic_gvins.cc:1856] Total 12 pose states from 545813.208892 to 545814.844617
I0323 20:46:27.407280 3276148 ic_gvins.cc:1180] Add 11 preintegration, 1 GNSS, 77 reprojection
I0323 20:46:27.411530 3276148 ic_gvins.cc:1189] Ceres Solver Report: Iterations: 6, Initial cost: 4.233141e+02, Final cost: 3.501763e+01, Termination: NO_CONVERGENCE
I0323 20:46:27.411638 3276148 ic_gvins.cc:1299] Remove 2 reprojection factors
I0323 20:46:27.419234 3276147 tracking.cc:452] Track 36 map points
I0323 20:46:27.427543 3276147 tracking.cc:571] Track 99 reference points
I0323 20:46:27.427594 3276148 ic_gvins.cc:1223] Ceres Solver Report: Iterations: 15, Initial cost: 2.987630e+01, Final cost: 2.878287e+01, Termination: CONVERGENCE
E0323 20:46:27.427647 3276148 ic_gvins.cc:1329] Estimated extrinsic is too large, t:   3.87697   0.18635 -0.287663, R:  85.1913 -19.1692  93.0958
I0323 20:46:27.427997 3276148 ic_gvins.cc:1127] Culled 9 mappoint with 17 bad observed features 0, 0, 9
I0323 20:46:27.428470 3276148 ic_gvins.cc:1433] Marginalize 1 states, last time 545813.341055
I0323 20:46:27.429122 3276148 ic_gvins.cc:478] Optimization costs 22.6115 ms with 4.29 and 15.9837 with marginalization costs 0.642151
I0323 20:46:27.430514 3276146 misc.cc:220] Redo INS mechanization at 545814.844617 to 545814.898800 is 0.0541835 s
I0323 20:46:27.435838 3276147 tracking.cc:687] Add 8 new features to 135
I0323 20:46:27.448976 3276147 tracking.cc:452] Track 26 map points
I0323 20:46:27.457284 3276147 tracking.cc:571] Track 93 reference points
I0323 20:46:27.462579 3276147 tracking.cc:687] Add 25 new features to 119
I0323 20:46:27.483974 3276147 tracking.cc:452] Track 24 map points
I0323 20:46:27.491693 3276147 tracking.cc:571] Track 102 reference points
I0323 20:46:27.496820 3276147 tracking.cc:687] Add 18 new features to 126
I0323 20:46:27.518527 3276147 tracking.cc:452] Track 23 map points
I0323 20:46:27.526909 3276147 tracking.cc:571] Track 105 reference points
I0323 20:46:27.532548 3276147 tracking.cc:687] Add 15 new features to 128
I0323 20:46:27.548766 3276147 tracking.cc:452] Track 23 map points
I0323 20:46:27.556061 3276147 tracking.cc:571] Track 108 reference points
I0323 20:46:27.556115 3276147 tracking.cc:279] Keyframe at 545815.007880, mappoints 23, interval 0.163263, parallax 15.4161
I0323 20:46:27.556448 3276147 tracking.cc:795] Triangulate 22 3D points with 69 left, 31 reset, 0 outtime and 17 outliers
I0323 20:46:27.559871 3276147 tracking.cc:687] Add 28 new features to 114
I0323 20:46:27.560217 3276147 ic_gvins.cc:553] Tracking cost 18.9724 ms
I0323 20:46:27.563548 3276146 ic_gvins.cc:746] Insert keyframe 89 at 545815.007880 with 22 new mappoints
I0323 20:46:27.564021 3276146 ic_gvins.cc:751] Add new keyframe time node at 545815.007880
I0323 20:46:27.564075 3276148 ic_gvins.cc:1856] Total 12 pose states from 545813.341055 to 545815.007880
I0323 20:46:27.564875 3276148 ic_gvins.cc:1180] Add 11 preintegration, 1 GNSS, 86 reprojection
I0323 20:46:27.569396 3276148 ic_gvins.cc:1189] Ceres Solver Report: Iterations: 6, Initial cost: 4.081103e+02, Final cost: 2.704221e+01, Termination: NO_CONVERGENCE
I0323 20:46:27.569569 3276148 ic_gvins.cc:1299] Remove 1 reprojection factors
I0323 20:46:27.584393 3276148 ic_gvins.cc:1223] Ceres Solver Report: Iterations: 13, Initial cost: 2.455624e+01, Final cost: 2.413860e+01, Termination: CONVERGENCE
E0323 20:46:27.584467 3276148 ic_gvins.cc:1329] Estimated extrinsic is too large, t:    3.48432   0.099324 -0.0695715, R:  85.2416 -18.6881  93.0098
I0323 20:46:27.584816 3276148 ic_gvins.cc:1127] Culled 7 mappoint with 15 bad observed features 0, 0, 7
I0323 20:46:27.585287 3276148 ic_gvins.cc:1433] Marginalize 1 states, last time 545813.508973
I0323 20:46:27.585800 3276148 ic_gvins.cc:478] Optimization costs 21.7519 ms with 4.62584 and 14.8715 with marginalization costs 0.582694
I0323 20:46:27.587293 3276146 misc.cc:220] Redo INS mechanization at 545815.007880 to 545815.053825 is 0.0459447 s
I0323 20:46:27.588187 3276147 tracking.cc:452] Track 45 map points
I0323 20:46:27.599330 3276147 tracking.cc:571] Track 84 reference points
I0323 20:46:27.601696 3276147 tracking.cc:687] Add 14 new features to 129
I0323 20:46:27.624610 3276147 tracking.cc:452] Track 38 map points
I0323 20:46:27.627101 3276099 fusion_ros.cc:232] Raw data time 545815.088812, 545814.132245, 545815.072323
I0323 20:46:27.636770 3276147 tracking.cc:571] Track 86 reference points
I0323 20:46:27.639637 3276147 tracking.cc:687] Add 19 new features to 124
I0323 20:46:27.651176 3276147 tracking.cc:452] Track 37 map points
I0323 20:46:27.658205 3276147 tracking.cc:571] Track 93 reference points
I0323 20:46:27.660804 3276147 tracking.cc:687] Add 11 new features to 130
I0323 20:46:27.688946 3276147 tracking.cc:452] Track 37 map points
I0323 20:46:27.698690 3276147 tracking.cc:571] Track 88 reference points
I0323 20:46:27.705238 3276147 tracking.cc:687] Add 16 new features to 125
I0323 20:46:27.719825 3276147 tracking.cc:452] Track 37 map points
I0323 20:46:27.726928 3276147 tracking.cc:571] Track 93 reference points
I0323 20:46:27.726994 3276147 tracking.cc:279] Keyframe at 545815.174634, mappoints 37, interval 0.166754, parallax 15.6123
I0323 20:46:27.727267 3276147 tracking.cc:795] Triangulate 7 3D points with 71 left, 27 reset, 1 outtime and 14 outliers
E0323 20:46:27.727742 3276099 ic_gvins.cc:172] Lost IMU data with at 545815.193 dt 0.014
E0323 20:46:27.727864 3276099 ic_gvins.cc:182] Append extra IMU data at 545815.183819
E0323 20:46:27.727890 3276099 ic_gvins.cc:182] Append extra IMU data at 545815.188819
I0323 20:46:27.730705 3276147 tracking.cc:687] Add 27 new features to 115
I0323 20:46:27.731033 3276147 ic_gvins.cc:553] Tracking cost 19.2196 ms
I0323 20:46:27.731341 3276146 ic_gvins.cc:746] Insert keyframe 90 at 545815.174634 with 7 new mappoints
I0323 20:46:27.731809 3276146 ic_gvins.cc:751] Add new keyframe time node at 545815.174634
I0323 20:46:27.731837 3276146 ic_gvins.cc:896] Add new GNSS time node 545815.122382
I0323 20:46:27.732246 3276148 ic_gvins.cc:1856] Total 13 pose states from 545813.508973 to 545815.174634
I0323 20:46:27.733146 3276148 ic_gvins.cc:1180] Add 12 preintegration, 2 GNSS, 100 reprojection
I0323 20:46:27.738191 3276148 ic_gvins.cc:1189] Ceres Solver Report: Iterations: 6, Initial cost: 5.103261e+02, Final cost: 8.097485e+01, Termination: NO_CONVERGENCE
I0323 20:46:27.738258 3276148 ic_gvins.cc:1270] Detect 1 GNSS outliers at 545815.174634
I0323 20:46:27.738332 3276148 ic_gvins.cc:1299] Remove 1 reprojection factors
I0323 20:46:27.749743 3276147 tracking.cc:452] Track 44 map points
I0323 20:46:27.755913 3276148 ic_gvins.cc:1223] Ceres Solver Report: Iterations: 14, Initial cost: 3.247670e+01, Final cost: 3.097069e+01, Termination: CONVERGENCE
E0323 20:46:27.755986 3276148 ic_gvins.cc:1329] Estimated extrinsic is too large, t:  3.26293 0.137151  0.67369, R: 85.5788 -19.224 92.9153
I0323 20:46:27.756443 3276148 ic_gvins.cc:1127] Culled 12 mappoint with 21 bad observed features 0, 1, 11
I0323 20:46:27.756985 3276147 tracking.cc:571] Track 84 reference points
I0323 20:46:27.759673 3276147 tracking.cc:687] Add 13 new features to 128
I0323 20:46:27.760924 3276148 ic_gvins.cc:1433] Marginalize 1 states, last time 545813.675489
I0323 20:46:27.761909 3276148 ic_gvins.cc:478] Optimization costs 29.7004 ms with 5.05692 and 17.6274 with marginalization costs 4.42929
I0323 20:46:27.763186 3276146 misc.cc:220] Redo INS mechanization at 545815.174634 to 545815.228811 is 0.0541769 s
I0323 20:46:27.783601 3276147 tracking.cc:452] Track 31 map points
I0323 20:46:27.790531 3276147 tracking.cc:571] Track 82 reference points
I0323 20:46:27.802349 3276147 tracking.cc:687] Add 28 new features to 113
I0323 20:46:27.813781 3276147 tracking.cc:452] Track 31 map points
I0323 20:46:27.820886 3276147 tracking.cc:571] Track 93 reference points
I0323 20:46:27.823407 3276147 tracking.cc:687] Add 16 new features to 124
I0323 20:46:27.849303 3276147 tracking.cc:452] Track 31 map points
I0323 20:46:27.856098 3276147 tracking.cc:571] Track 93 reference points
I0323 20:46:27.858788 3276147 tracking.cc:687] Add 16 new features to 124
I0323 20:46:27.884567 3276147 tracking.cc:452] Track 31 map points
I0323 20:46:27.892565 3276147 tracking.cc:571] Track 94 reference points
I0323 20:46:27.892627 3276147 tracking.cc:279] Keyframe at 545815.340361, mappoints 31, interval 0.165728, parallax 15.7408
I0323 20:46:27.892956 3276147 tracking.cc:795] Triangulate 28 3D points with 65 left, 32 reset, 1 outtime and 0 outliers
I0323 20:46:27.895506 3276147 tracking.cc:687] Add 21 new features to 124
I0323 20:46:27.895900 3276147 ic_gvins.cc:553] Tracking cost 19.5446 ms
I0323 20:46:27.900753 3276146 ic_gvins.cc:746] Insert keyframe 91 at 545815.340361 with 28 new mappoints
I0323 20:46:27.901252 3276146 ic_gvins.cc:751] Add new keyframe time node at 545815.340361
I0323 20:46:27.901316 3276148 ic_gvins.cc:1856] Total 13 pose states from 545813.675489 to 545815.340361
I0323 20:46:27.902340 3276148 ic_gvins.cc:1180] Add 12 preintegration, 2 GNSS, 114 reprojection
I0323 20:46:27.910346 3276148 ic_gvins.cc:1189] Ceres Solver Report: Iterations: 6, Initial cost: 3.929008e+02, Final cost: 4.089942e+01, Termination: NO_CONVERGENCE
I0323 20:46:27.910488 3276148 ic_gvins.cc:1299] Remove 1 reprojection factors
I0323 20:46:27.914544 3276147 tracking.cc:452] Track 59 map points
I0323 20:46:27.922547 3276147 tracking.cc:571] Track 78 reference points
I0323 20:46:27.925019 3276147 tracking.cc:687] Add 8 new features to 137
I0323 20:46:27.931074 3276148 ic_gvins.cc:1223] Ceres Solver Report: Iterations: 14, Initial cost: 4.014319e+01, Final cost: 3.978994e+01, Termination: CONVERGENCE
E0323 20:46:27.931147 3276148 ic_gvins.cc:1329] Estimated extrinsic is too large, t:   3.9439 0.292763 0.879894, R:  85.4882 -20.2298  92.9397
I0323 20:46:27.931581 3276148 ic_gvins.cc:1127] Culled 16 mappoint with 20 bad observed features 0, 2, 14
I0323 20:46:27.932132 3276148 ic_gvins.cc:1433] Marginalize 1 states, last time 545813.807857
I0323 20:46:27.932718 3276148 ic_gvins.cc:478] Optimization costs 31.4329 ms with 8.04783 and 20.6214 with marginalization costs 0.646407
E0323 20:46:27.932849 3276099 ic_gvins.cc:172] Lost IMU data with at 545815.400 dt 0.011
E0323 20:46:27.932917 3276099 ic_gvins.cc:182] Append extra IMU data at 545815.393825
I0323 20:46:27.932967 3276146 misc.cc:220] Redo INS mechanization at 545815.340361 to 545815.393825 is 0.0534633 s
I0323 20:46:27.950321 3276147 tracking.cc:452] Track 42 map points
I0323 20:46:27.958070 3276147 tracking.cc:571] Track 75 reference points
I0323 20:46:27.962191 3276147 tracking.cc:687] Add 26 new features to 117
I0323 20:46:27.984706 3276147 tracking.cc:452] Track 42 map points
I0323 20:46:27.992844 3276147 tracking.cc:571] Track 86 reference points
I0323 20:46:27.997907 3276147 tracking.cc:687] Add 16 new features to 128
I0323 20:46:28.022709 3276147 tracking.cc:452] Track 40 map points
I0323 20:46:28.029735 3276147 tracking.cc:571] Track 89 reference points
I0323 20:46:28.032506 3276147 tracking.cc:687] Add 15 new features to 129
I0323 20:46:28.050697 3276147 tracking.cc:452] Track 40 map points
I0323 20:46:28.061304 3276147 tracking.cc:571] Track 89 reference points
I0323 20:46:28.061352 3276147 tracking.cc:279] Keyframe at 545815.508231, mappoints 40, interval 0.16787, parallax 15.8405
I0323 20:46:28.061772 3276147 tracking.cc:795] Triangulate 29 3D points with 58 left, 29 reset, 1 outtime and 1 outliers
I0323 20:46:28.064468 3276147 tracking.cc:687] Add 16 new features to 127
I0323 20:46:28.064821 3276147 ic_gvins.cc:553] Tracking cost 23.6408 ms
I0323 20:46:28.066924 3276146 ic_gvins.cc:746] Insert keyframe 92 at 545815.508231 with 29 new mappoints
I0323 20:46:28.067420 3276146 ic_gvins.cc:751] Add new keyframe time node at 545815.508231
I0323 20:46:28.068064 3276148 ic_gvins.cc:1856] Total 13 pose states from 545813.807857 to 545815.508231
I0323 20:46:28.069128 3276148 ic_gvins.cc:1180] Add 12 preintegration, 2 GNSS, 134 reprojection
I0323 20:46:28.074529 3276148 ic_gvins.cc:1189] Ceres Solver Report: Iterations: 6, Initial cost: 4.367011e+02, Final cost: 6.506279e+01, Termination: NO_CONVERGENCE
I0323 20:46:28.074678 3276148 ic_gvins.cc:1299] Remove 3 reprojection factors
I0323 20:46:28.086045 3276147 tracking.cc:452] Track 68 map points
I0323 20:46:28.094156 3276147 tracking.cc:571] Track 61 reference points
I0323 20:46:28.094383 3276148 ic_gvins.cc:1223] Ceres Solver Report: Iterations: 14, Initial cost: 5.856857e+01, Final cost: 5.736444e+01, Termination: CONVERGENCE
E0323 20:46:28.094429 3276148 ic_gvins.cc:1329] Estimated extrinsic is too large, t:    4.52042   0.396781 -0.0810553, R:  85.4663 -18.3125  92.7539
I0323 20:46:28.094870 3276148 ic_gvins.cc:1127] Culled 23 mappoint with 19 bad observed features 0, 0, 23
I0323 20:46:28.098282 3276147 tracking.cc:687] Add 14 new features to 129
I0323 20:46:28.099814 3276148 ic_gvins.cc:1433] Marginalize 1 states, last time 545813.974437
I0323 20:46:28.100432 3276148 ic_gvins.cc:478] Optimization costs 32.3943 ms with 5.43814 and 19.7142 with marginalization costs 0.821097
I0323 20:46:28.104229 3276146 misc.cc:220] Redo INS mechanization at 545815.508231 to 545815.569446 is 0.0612147 s
I0323 20:46:28.122845 3276147 tracking.cc:452] Track 42 map points
I0323 20:46:28.133913 3276147 tracking.cc:571] Track 65 reference points
I0323 20:46:28.138029 3276147 tracking.cc:687] Add 37 new features to 107
I0323 20:46:28.157732 3276147 tracking.cc:452] Track 41 map points
I0323 20:46:28.165113 3276147 tracking.cc:571] Track 93 reference points
I0323 20:46:28.167488 3276147 tracking.cc:687] Add 9 new features to 134
I0323 20:46:28.184664 3276147 tracking.cc:452] Track 40 map points
I0323 20:46:28.193408 3276147 tracking.cc:571] Track 88 reference points
I0323 20:46:28.196488 3276147 tracking.cc:687] Add 12 new features to 128
I0323 20:46:28.219691 3276147 tracking.cc:452] Track 39 map points
I0323 20:46:28.226953 3276147 tracking.cc:571] Track 85 reference points
I0323 20:46:28.227012 3276147 tracking.cc:279] Keyframe at 545815.676771, mappoints 39, interval 0.16854, parallax 15.4104
I0323 20:46:28.227283 3276147 tracking.cc:795] Triangulate 11 3D points with 69 left, 34 reset, 4 outtime and 1 outliers
I0323 20:46:28.230916 3276147 tracking.cc:687] Add 19 new features to 119
I0323 20:46:28.231302 3276147 ic_gvins.cc:553] Tracking cost 19.7476 ms
I0323 20:46:28.235443 3276146 ic_gvins.cc:746] Insert keyframe 93 at 545815.676771 with 11 new mappoints
I0323 20:46:28.235927 3276146 ic_gvins.cc:751] Add new keyframe time node at 545815.676771
I0323 20:46:28.235970 3276148 ic_gvins.cc:1856] Total 13 pose states from 545813.974437 to 545815.676771
I0323 20:46:28.236909 3276148 ic_gvins.cc:1180] Add 12 preintegration, 2 GNSS, 118 reprojection
I0323 20:46:28.241418 3276148 ic_gvins.cc:1189] Ceres Solver Report: Iterations: 6, Initial cost: 4.298958e+02, Final cost: 6.514078e+01, Termination: NO_CONVERGENCE
I0323 20:46:28.241539 3276148 ic_gvins.cc:1299] Remove 4 reprojection factors
I0323 20:46:28.257259 3276148 ic_gvins.cc:1223] Ceres Solver Report: Iterations: 15, Initial cost: 5.634619e+01, Final cost: 5.214979e+01, Termination: CONVERGENCE
E0323 20:46:28.257318 3276148 ic_gvins.cc:1329] Estimated extrinsic is too large, t:  3.39241  0.46631 0.364835, R: 85.4228 -16.384 92.5037
I0323 20:46:28.257365 3276147 tracking.cc:452] Track 50 map points
I0323 20:46:28.257858 3276148 ic_gvins.cc:1127] Culled 47 mappoint with 25 bad observed features 0, 2, 45
I0323 20:46:28.258332 3276148 ic_gvins.cc:1433] Marginalize 1 states, last time 545814.105786
I0323 20:46:28.258747 3276148 ic_gvins.cc:478] Optimization costs 22.7976 ms with 4.54405 and 15.7422 with marginalization costs 0.518821
I0323 20:46:28.260773 3276146 misc.cc:220] Redo INS mechanization at 545815.676771 to 545815.728815 is 0.0520443 s
I0323 20:46:28.264952 3276147 tracking.cc:571] Track 79 reference points
I0323 20:46:28.267621 3276147 tracking.cc:687] Add 11 new features to 129
I0323 20:46:28.290306 3276099 fusion_ros.cc:232] Raw data time 545815.753831, 545815.122382, 545815.739059
I0323 20:46:28.294760 3276147 tracking.cc:452] Track 14 map points
I0323 20:46:28.304591 3276147 tracking.cc:571] Track 76 reference points
I0323 20:46:28.309449 3276147 tracking.cc:687] Add 54 new features to 90
I0323 20:46:28.324421 3276147 tracking.cc:452] Track 14 map points
I0323 20:46:28.332013 3276147 tracking.cc:571] Track 115 reference points
I0323 20:46:28.334586 3276147 tracking.cc:687] Add 15 new features to 129
I0323 20:46:28.353899 3276147 tracking.cc:452] Track 14 map points
I0323 20:46:28.363801 3276147 tracking.cc:571] Track 112 reference points
I0323 20:46:28.367193 3276147 tracking.cc:687] Add 17 new features to 126
I0323 20:46:28.388944 3276147 tracking.cc:452] Track 14 map points
E0323 20:46:28.389055 3276099 ic_gvins.cc:172] Lost IMU data with at 545815.857 dt 0.008
E0323 20:46:28.389156 3276099 ic_gvins.cc:182] Append extra IMU data at 545815.853808
I0323 20:46:28.397498 3276147 tracking.cc:571] Track 114 reference points
I0323 20:46:28.402252 3276147 tracking.cc:687] Add 16 new features to 128
I0323 20:46:28.424330 3276147 tracking.cc:452] Track 14 map points
I0323 20:46:28.432267 3276147 tracking.cc:571] Track 112 reference points
I0323 20:46:28.432329 3276147 tracking.cc:279] Keyframe at 545815.879005, mappoints 14, interval 0.202234, parallax 17.0985
I0323 20:46:28.432626 3276147 tracking.cc:795] Triangulate 12 3D points with 83 left, 49 reset, 3 outtime and 14 outliers
I0323 20:46:28.435250 3276147 tracking.cc:687] Add 36 new features to 109
I0323 20:46:28.435596 3276147 ic_gvins.cc:553] Tracking cost 19.3499 ms
I0323 20:46:28.436291 3276146 ic_gvins.cc:746] Insert keyframe 94 at 545815.879005 with 12 new mappoints
I0323 20:46:28.436830 3276146 ic_gvins.cc:751] Add new keyframe time node at 545815.879005
I0323 20:46:28.436899 3276148 ic_gvins.cc:1856] Total 13 pose states from 545814.105786 to 545815.879005
I0323 20:46:28.437614 3276148 ic_gvins.cc:1180] Add 12 preintegration, 2 GNSS, 49 reprojection
I0323 20:46:28.443210 3276148 ic_gvins.cc:1189] Ceres Solver Report: Iterations: 6, Initial cost: 3.451428e+02, Final cost: 2.727994e+01, Termination: NO_CONVERGENCE
I0323 20:46:28.443281 3276148 ic_gvins.cc:1270] Detect 1 GNSS outliers at 545815.879005
I0323 20:46:28.443328 3276148 ic_gvins.cc:1299] Remove 0 reprojection factors
I0323 20:46:28.455940 3276147 tracking.cc:452] Track 26 map points
I0323 20:46:28.456760 3276148 ic_gvins.cc:1223] Ceres Solver Report: Iterations: 15, Initial cost: 2.984914e+01, Final cost: 2.910322e+01, Termination: CONVERGENCE
E0323 20:46:28.456830 3276148 ic_gvins.cc:1329] Estimated extrinsic is too large, t:   2.47927 -0.037667  0.263468, R:  85.4578 -12.0169  92.3179
I0323 20:46:28.457106 3276148 ic_gvins.cc:1127] Culled 13 mappoint with 14 bad observed features 0, 3, 10
I0323 20:46:28.457557 3276148 ic_gvins.cc:1433] Marginalize 2 states, last time 545814.272390
I0323 20:46:28.458019 3276148 ic_gvins.cc:478] Optimization costs 21.1407 ms with 5.64281 and 13.467 with marginalization costs 0.603622
I0323 20:46:28.461153 3276146 misc.cc:220] Redo INS mechanization at 545815.879005 to 545815.928810 is 0.0498049 s
I0323 20:46:28.468701 3276147 tracking.cc:571] Track 107 reference points
I0323 20:46:28.472195 3276147 tracking.cc:687] Add 13 new features to 133
I0323 20:46:28.483834 3276147 tracking.cc:452] Track 14 map points
I0323 20:46:28.491468 3276147 tracking.cc:571] Track 98 reference points
I0323 20:46:28.494252 3276147 tracking.cc:687] Add 32 new features to 112
I0323 20:46:28.518101 3276147 tracking.cc:452] Track 13 map points
I0323 20:46:28.525724 3276147 tracking.cc:571] Track 113 reference points
I0323 20:46:28.529407 3276147 tracking.cc:687] Add 18 new features to 126
I0323 20:46:28.553853 3276147 tracking.cc:452] Track 13 map points
I0323 20:46:28.563228 3276147 tracking.cc:571] Track 110 reference points
I0323 20:46:28.566412 3276147 tracking.cc:687] Add 21 new features to 123
I0323 20:46:28.585106 3276147 tracking.cc:452] Track 13 map points
I0323 20:46:28.596369 3276147 tracking.cc:571] Track 114 reference points
I0323 20:46:28.596424 3276147 tracking.cc:279] Keyframe at 545816.042994, mappoints 13, interval 0.163989, parallax 15.7874
I0323 20:46:28.596757 3276147 tracking.cc:795] Triangulate 18 3D points with 74 left, 34 reset, 1 outtime and 21 outliers
I0323 20:46:28.599582 3276147 tracking.cc:687] Add 39 new features to 105
I0323 20:46:28.599915 3276147 ic_gvins.cc:553] Tracking cost 23.7877 ms
I0323 20:46:28.601747 3276146 ic_gvins.cc:746] Insert keyframe 95 at 545816.042994 with 18 new mappoints
I0323 20:46:28.602546 3276146 ic_gvins.cc:751] Add new keyframe time node at 545816.042994
I0323 20:46:28.602636 3276148 ic_gvins.cc:1856] Total 12 pose states from 545814.272390 to 545816.042994
I0323 20:46:28.603268 3276148 ic_gvins.cc:1180] Add 11 preintegration, 1 GNSS, 51 reprojection
I0323 20:46:28.607477 3276148 ic_gvins.cc:1189] Ceres Solver Report: Iterations: 6, Initial cost: 3.776168e+02, Final cost: 2.876329e+01, Termination: NO_CONVERGENCE
I0323 20:46:28.607534 3276148 ic_gvins.cc:1270] Detect 1 GNSS outliers at 545816.042994
I0323 20:46:28.607585 3276148 ic_gvins.cc:1299] Remove 1 reprojection factors
I0323 20:46:28.622550 3276147 tracking.cc:452] Track 31 map points
I0323 20:46:28.623170 3276148 ic_gvins.cc:1223] Ceres Solver Report: Iterations: 11, Initial cost: 2.641569e+01, Final cost: 2.635579e+01, Termination: CONVERGENCE
E0323 20:46:28.623220 3276148 ic_gvins.cc:1329] Estimated extrinsic is too large, t:   2.23275 -0.330849  0.192114, R:  85.4187 -11.9452  92.3553
I0323 20:46:28.623530 3276148 ic_gvins.cc:1127] Culled 5 mappoint with 7 bad observed features 0, 0, 5
I0323 20:46:28.623971 3276148 ic_gvins.cc:1433] Marginalize 1 states, last time 545814.439751
I0323 20:46:28.624418 3276148 ic_gvins.cc:478] Optimization costs 21.8053 ms with 4.24599 and 15.612 with marginalization costs 0.587046
I0323 20:46:28.626583 3276146 misc.cc:220] Redo INS mechanization at 545816.042994 to 545816.093828 is 0.0508342 s
I0323 20:46:28.631080 3276147 tracking.cc:571] Track 98 reference points
I0323 20:46:28.633512 3276147 tracking.cc:687] Add 16 new features to 129
I0323 20:46:28.653875 3276147 tracking.cc:452] Track 26 map points
I0323 20:46:28.662788 3276147 tracking.cc:571] Track 103 reference points
I0323 20:46:28.665246 3276147 tracking.cc:687] Add 14 new features to 129
I0323 20:46:28.683799 3276147 tracking.cc:452] Track 26 map points
I0323 20:46:28.691936 3276147 tracking.cc:571] Track 103 reference points
I0323 20:46:28.694535 3276147 tracking.cc:687] Add 14 new features to 129
I0323 20:46:28.719692 3276147 tracking.cc:452] Track 26 map points
I0323 20:46:28.728967 3276147 tracking.cc:571] Track 106 reference points
I0323 20:46:28.731875 3276147 tracking.cc:687] Add 11 new features to 132
I0323 20:46:28.754597 3276147 tracking.cc:452] Track 26 map points
I0323 20:46:28.763556 3276147 tracking.cc:571] Track 103 reference points
I0323 20:46:28.763620 3276147 tracking.cc:279] Keyframe at 545816.209856, mappoints 26, interval 0.166862, parallax 16.2686
I0323 20:46:28.763953 3276147 tracking.cc:795] Triangulate 13 3D points with 62 left, 24 reset, 0 outtime and 28 outliers
I0323 20:46:28.768399 3276147 tracking.cc:687] Add 41 new features to 101
I0323 20:46:28.768810 3276147 ic_gvins.cc:553] Tracking cost 22.4867 ms
I0323 20:46:28.770857 3276146 ic_gvins.cc:746] Insert keyframe 96 at 545816.209856 with 13 new mappoints
I0323 20:46:28.771529 3276146 ic_gvins.cc:751] Add new keyframe time node at 545816.209856
I0323 20:46:28.771576 3276146 ic_gvins.cc:896] Add new GNSS time node 545816.128272
I0323 20:46:28.772037 3276148 ic_gvins.cc:1856] Total 13 pose states from 545814.439751 to 545816.209856
I0323 20:46:28.772760 3276148 ic_gvins.cc:1180] Add 12 preintegration, 2 GNSS, 75 reprojection
I0323 20:46:28.781589 3276148 ic_gvins.cc:1189] Ceres Solver Report: Iterations: 6, Initial cost: 5.081136e+02, Final cost: 1.120415e+02, Termination: NO_CONVERGENCE
I0323 20:46:28.781654 3276148 ic_gvins.cc:1270] Detect 1 GNSS outliers at 545816.209856
I0323 20:46:28.781733 3276148 ic_gvins.cc:1299] Remove 5 reprojection factors
I0323 20:46:28.786936 3276147 tracking.cc:452] Track 39 map points
I0323 20:46:28.794325 3276147 tracking.cc:571] Track 89 reference points
I0323 20:46:28.797391 3276147 tracking.cc:687] Add 14 new features to 128
I0323 20:46:28.803449 3276148 ic_gvins.cc:1223] Ceres Solver Report: Iterations: 13, Initial cost: 3.817134e+01, Final cost: 3.637129e+01, Termination: CONVERGENCE
E0323 20:46:28.803508 3276148 ic_gvins.cc:1329] Estimated extrinsic is too large, t:   2.44474 -0.694383  0.632175, R:  85.7483 -12.5944  92.2715
I0323 20:46:28.803818 3276148 ic_gvins.cc:1127] Culled 9 mappoint with 14 bad observed features 0, 0, 9
I0323 20:46:28.804289 3276148 ic_gvins.cc:1433] Marginalize 1 states, last time 545814.641968
I0323 20:46:28.804728 3276148 ic_gvins.cc:478] Optimization costs 32.7197 ms with 8.86412 and 21.7486 with marginalization costs 0.588006
I0323 20:46:28.805362 3276146 misc.cc:220] Redo INS mechanization at 545816.209856 to 545816.273797 is 0.0639402 s
I0323 20:46:28.819267 3276147 tracking.cc:452] Track 30 map points
I0323 20:46:28.826383 3276147 tracking.cc:571] Track 91 reference points
I0323 20:46:28.831169 3276147 tracking.cc:687] Add 24 new features to 121
I0323 20:46:28.853890 3276147 tracking.cc:452] Track 30 map points
I0323 20:46:28.861706 3276147 tracking.cc:571] Track 93 reference points
I0323 20:46:28.864495 3276147 tracking.cc:687] Add 20 new features to 123
I0323 20:46:28.888473 3276147 tracking.cc:452] Track 28 map points
I0323 20:46:28.896328 3276147 tracking.cc:571] Track 102 reference points
I0323 20:46:28.898844 3276147 tracking.cc:687] Add 14 new features to 130
I0323 20:46:28.919449 3276147 tracking.cc:452] Track 26 map points
I0323 20:46:28.928174 3276147 tracking.cc:571] Track 101 reference points
I0323 20:46:28.928241 3276147 tracking.cc:279] Keyframe at 545816.377478, mappoints 26, interval 0.167622, parallax 15.3395
I0323 20:46:28.928521 3276147 tracking.cc:795] Triangulate 5 3D points with 77 left, 35 reset, 0 outtime and 19 outliers
I0323 20:46:28.932195 3276147 tracking.cc:687] Add 37 new features to 108
I0323 20:46:28.932540 3276147 ic_gvins.cc:553] Tracking cost 21.8982 ms
I0323 20:46:28.935665 3276146 ic_gvins.cc:746] Insert keyframe 97 at 545816.377478 with 5 new mappoints
I0323 20:46:28.936154 3276146 ic_gvins.cc:751] Add new keyframe time node at 545816.377478
I0323 20:46:28.936197 3276148 ic_gvins.cc:1856] Total 13 pose states from 545814.641968 to 545816.377478
I0323 20:46:28.936853 3276148 ic_gvins.cc:1180] Add 12 preintegration, 2 GNSS, 72 reprojection
I0323 20:46:28.941556 3276148 ic_gvins.cc:1189] Ceres Solver Report: Iterations: 6, Initial cost: 4.165561e+02, Final cost: 6.388265e+01, Termination: NO_CONVERGENCE
I0323 20:46:28.941653 3276148 ic_gvins.cc:1299] Remove 5 reprojection factors
I0323 20:46:28.949906 3276148 ic_gvins.cc:1223] Ceres Solver Report: Iterations: 13, Initial cost: 5.180022e+01, Final cost: 5.069631e+01, Termination: CONVERGENCE
E0323 20:46:28.949962 3276148 ic_gvins.cc:1329] Estimated extrinsic is too large, t:   2.43684 -0.640874  0.671814, R:  85.7126 -13.2275  92.3085
I0323 20:46:28.950832 3276148 ic_gvins.cc:1127] Culled 7 mappoint with 15 bad observed features 0, 0, 7
I0323 20:46:28.951268 3276148 ic_gvins.cc:1433] Marginalize 1 states, last time 545814.844617
I0323 20:46:28.951785 3276148 ic_gvins.cc:478] Optimization costs 15.62 ms with 4.73314 and 8.28277 with marginalization costs 0.559462
I0323 20:46:28.953117 3276147 tracking.cc:452] Track 30 map points
I0323 20:46:28.955704 3276146 misc.cc:220] Redo INS mechanization at 545816.377478 to 545816.423820 is 0.046342 s
I0323 20:46:28.958473 3276099 fusion_ros.cc:232] Raw data time 545816.423820, 545816.128272, 545816.405802
I0323 20:46:28.961074 3276147 tracking.cc:571] Track 99 reference points
I0323 20:46:28.963958 3276147 tracking.cc:687] Add 13 new features to 129
I0323 20:46:28.992489 3276147 tracking.cc:452] Track 23 map points
I0323 20:46:29.000236 3276147 tracking.cc:571] Track 98 reference points
I0323 20:46:29.002764 3276147 tracking.cc:687] Add 22 new features to 121
I0323 20:46:29.018972 3276147 tracking.cc:452] Track 23 map points
I0323 20:46:29.027681 3276147 tracking.cc:571] Track 109 reference points
I0323 20:46:29.030169 3276147 tracking.cc:687] Add 11 new features to 132
I0323 20:46:29.054621 3276147 tracking.cc:452] Track 23 map points
I0323 20:46:29.062085 3276147 tracking.cc:571] Track 105 reference points
I0323 20:46:29.065200 3276147 tracking.cc:687] Add 14 new features to 128
I0323 20:46:29.089056 3276147 tracking.cc:452] Track 23 map points
I0323 20:46:29.096603 3276147 tracking.cc:571] Track 107 reference points
I0323 20:46:29.096661 3276147 tracking.cc:279] Keyframe at 545816.545075, mappoints 23, interval 0.167597, parallax 16.9719
I0323 20:46:29.096940 3276147 tracking.cc:795] Triangulate 11 3D points with 67 left, 27 reset, 1 outtime and 28 outliers
I0323 20:46:29.100487 3276147 tracking.cc:687] Add 43 new features to 101
I0323 20:46:29.100806 3276147 ic_gvins.cc:553] Tracking cost 19.5121 ms
I0323 20:46:29.106487 3276146 ic_gvins.cc:746] Insert keyframe 98 at 545816.545075 with 11 new mappoints
I0323 20:46:29.106995 3276146 ic_gvins.cc:751] Add new keyframe time node at 545816.545075
I0323 20:46:29.107060 3276148 ic_gvins.cc:1856] Total 13 pose states from 545814.844617 to 545816.545075
I0323 20:46:29.107736 3276148 ic_gvins.cc:1180] Add 12 preintegration, 2 GNSS, 76 reprojection
I0323 20:46:29.113319 3276148 ic_gvins.cc:1189] Ceres Solver Report: Iterations: 6, Initial cost: 4.603277e+02, Final cost: 7.205488e+01, Termination: NO_CONVERGENCE
I0323 20:46:29.113467 3276148 ic_gvins.cc:1299] Remove 7 reprojection factors
I0323 20:46:29.123167 3276147 tracking.cc:452] Track 34 map points
I0323 20:46:29.131012 3276147 tracking.cc:571] Track 98 reference points
I0323 20:46:29.131675 3276148 ic_gvins.cc:1223] Ceres Solver Report: Iterations: 13, Initial cost: 5.185701e+01, Final cost: 5.043065e+01, Termination: CONVERGENCE
E0323 20:46:29.131724 3276148 ic_gvins.cc:1329] Estimated extrinsic is too large, t:   3.13758 -0.612931  0.854642, R:  85.6147 -16.9292  92.5429
I0323 20:46:29.132066 3276148 ic_gvins.cc:1127] Culled 7 mappoint with 16 bad observed features 0, 1, 6
I0323 20:46:29.132653 3276148 ic_gvins.cc:1433] Marginalize 1 states, last time 545815.007880
I0323 20:46:29.133145 3276148 ic_gvins.cc:478] Optimization costs 26.1136 ms with 5.62691 and 18.222 with marginalization costs 0.574182
I0323 20:46:29.133744 3276147 tracking.cc:687] Add 11 new features to 132
I0323 20:46:29.135823 3276146 misc.cc:220] Redo INS mechanization at 545816.545075 to 545816.603819 is 0.0587439 s
I0323 20:46:29.154392 3276147 tracking.cc:452] Track 26 map points
I0323 20:46:29.161566 3276147 tracking.cc:571] Track 95 reference points
I0323 20:46:29.164072 3276147 tracking.cc:687] Add 21 new features to 121
I0323 20:46:29.190521 3276147 tracking.cc:452] Track 25 map points
I0323 20:46:29.198554 3276147 tracking.cc:571] Track 101 reference points
I0323 20:46:29.202831 3276147 tracking.cc:687] Add 16 new features to 126
I0323 20:46:29.219492 3276147 tracking.cc:452] Track 25 map points
I0323 20:46:29.227260 3276147 tracking.cc:571] Track 111 reference points
I0323 20:46:29.230820 3276147 tracking.cc:687] Add 8 new features to 136
I0323 20:46:29.255515 3276147 tracking.cc:452] Track 25 map points
I0323 20:46:29.263180 3276147 tracking.cc:571] Track 104 reference points
I0323 20:46:29.263245 3276147 tracking.cc:279] Keyframe at 545816.711886, mappoints 25, interval 0.166811, parallax 17.303
I0323 20:46:29.263621 3276147 tracking.cc:795] Triangulate 9 3D points with 67 left, 23 reset, 0 outtime and 28 outliers
I0323 20:46:29.266978 3276147 tracking.cc:687] Add 42 new features to 101
I0323 20:46:29.267310 3276147 ic_gvins.cc:553] Tracking cost 21.5114 ms
I0323 20:46:29.270771 3276146 ic_gvins.cc:746] Insert keyframe 99 at 545816.711886 with 9 new mappoints
I0323 20:46:29.271255 3276146 ic_gvins.cc:751] Add new keyframe time node at 545816.711886
I0323 20:46:29.271317 3276148 ic_gvins.cc:1856] Total 13 pose states from 545815.007880 to 545816.711886
I0323 20:46:29.272060 3276148 ic_gvins.cc:1180] Add 12 preintegration, 2 GNSS, 83 reprojection
I0323 20:46:29.280625 3276148 ic_gvins.cc:1189] Ceres Solver Report: Iterations: 6, Initial cost: 4.657000e+02, Final cost: 6.906761e+01, Termination: NO_CONVERGENCE
I0323 20:46:29.280752 3276148 ic_gvins.cc:1299] Remove 7 reprojection factors
E0323 20:46:29.289039 3276099 ic_gvins.cc:172] Lost IMU data with at 545816.757 dt 0.013
E0323 20:46:29.289198 3276099 ic_gvins.cc:182] Append extra IMU data at 545816.748804
E0323 20:46:29.289225 3276099 ic_gvins.cc:182] Append extra IMU data at 545816.753804
I0323 20:46:29.295871 3276148 ic_gvins.cc:1223] Ceres Solver Report: Iterations: 16, Initial cost: 5.002470e+01, Final cost: 4.833259e+01, Termination: NO_CONVERGENCE
E0323 20:46:29.295936 3276148 ic_gvins.cc:1329] Estimated extrinsic is too large, t:    3.6476 -0.825495   1.20396, R:  85.5352 -20.6726  92.8384
I0323 20:46:29.296257 3276148 ic_gvins.cc:1127] Culled 8 mappoint with 16 bad observed features 0, 0, 8
I0323 20:46:29.296802 3276148 ic_gvins.cc:1433] Marginalize 2 states, last time 545815.174634
I0323 20:46:29.298427 3276148 ic_gvins.cc:478] Optimization costs 27.14 ms with 8.60124 and 15.1527 with marginalization costs 1.69541
I0323 20:46:29.299427 3276147 tracking.cc:452] Track 34 map points
I0323 20:46:29.300772 3276146 misc.cc:220] Redo INS mechanization at 545816.711886 to 545816.768818 is 0.0569323 s
I0323 20:46:29.307426 3276147 tracking.cc:571] Track 92 reference points
I0323 20:46:29.311959 3276147 tracking.cc:687] Add 17 new features to 126
I0323 20:46:29.324426 3276147 tracking.cc:452] Track 26 map points
I0323 20:46:29.332001 3276147 tracking.cc:571] Track 94 reference points
I0323 20:46:29.334741 3276147 tracking.cc:687] Add 23 new features to 120
I0323 20:46:29.353905 3276147 tracking.cc:452] Track 26 map points
I0323 20:46:29.361814 3276147 tracking.cc:571] Track 105 reference points
I0323 20:46:29.365136 3276147 tracking.cc:687] Add 11 new features to 131
I0323 20:46:29.389258 3276147 tracking.cc:452] Track 26 map points
I0323 20:46:29.398530 3276147 tracking.cc:571] Track 100 reference points
I0323 20:46:29.398593 3276147 tracking.cc:279] Keyframe at 545816.846069, mappoints 26, interval 0.134184, parallax 15.4362
I0323 20:46:29.398916 3276147 tracking.cc:795] Triangulate 29 3D points with 67 left, 23 reset, 0 outtime and 4 outliers
I0323 20:46:29.402146 3276147 tracking.cc:687] Add 19 new features to 122
I0323 20:46:29.402573 3276147 ic_gvins.cc:553] Tracking cost 21.2716 ms
I0323 20:46:29.406406 3276146 ic_gvins.cc:746] Insert keyframe 100 at 545816.846069 with 29 new mappoints
I0323 20:46:29.406865 3276146 ic_gvins.cc:751] Add new keyframe time node at 545816.846069
I0323 20:46:29.406927 3276148 ic_gvins.cc:1856] Total 12 pose states from 545815.174634 to 545816.846069
I0323 20:46:29.407809 3276148 ic_gvins.cc:1180] Add 11 preintegration, 1 GNSS, 98 reprojection
I0323 20:46:29.413115 3276148 ic_gvins.cc:1189] Ceres Solver Report: Iterations: 6, Initial cost: 4.310595e+02, Final cost: 5.371550e+01, Termination: NO_CONVERGENCE
I0323 20:46:29.413240 3276148 ic_gvins.cc:1299] Remove 5 reprojection factors
I0323 20:46:29.426292 3276147 tracking.cc:452] Track 52 map points
I0323 20:46:29.427521 3276148 ic_gvins.cc:1223] Ceres Solver Report: Iterations: 15, Initial cost: 3.731686e+01, Final cost: 3.655926e+01, Termination: CONVERGENCE
E0323 20:46:29.427580 3276148 ic_gvins.cc:1329] Estimated extrinsic is too large, t:   3.39703 -0.911831  0.707214, R: 85.7294 -15.736 92.4222
I0323 20:46:29.427978 3276148 ic_gvins.cc:1127] Culled 16 mappoint with 17 bad observed features 0, 2, 14
I0323 20:46:29.429632 3276148 ic_gvins.cc:1433] Marginalize 1 states, last time 545815.340361
I0323 20:46:29.430801 3276148 ic_gvins.cc:478] Optimization costs 23.905 ms with 5.31625 and 14.3118 with marginalization costs 0.655303
I0323 20:46:29.433811 3276147 tracking.cc:571] Track 75 reference points
I0323 20:46:29.436571 3276146 misc.cc:220] Redo INS mechanization at 545816.846069 to 545816.903809 is 0.0577393 s
I0323 20:46:29.438781 3276147 tracking.cc:687] Add 14 new features to 127
I0323 20:46:29.461131 3276147 tracking.cc:452] Track 35 map points
I0323 20:46:29.468833 3276147 tracking.cc:571] Track 78 reference points
I0323 20:46:29.473801 3276147 tracking.cc:687] Add 27 new features to 113
I0323 20:46:29.492609 3276147 tracking.cc:452] Track 34 map points
I0323 20:46:29.500828 3276147 tracking.cc:571] Track 85 reference points
I0323 20:46:29.503665 3276147 tracking.cc:687] Add 20 new features to 119
I0323 20:46:29.524545 3276147 tracking.cc:452] Track 34 map points
I0323 20:46:29.532886 3276147 tracking.cc:571] Track 90 reference points
I0323 20:46:29.536585 3276147 tracking.cc:687] Add 18 new features to 124
I0323 20:46:29.560606 3276147 tracking.cc:452] Track 34 map points
I0323 20:46:29.569216 3276147 tracking.cc:571] Track 95 reference points
I0323 20:46:29.569298 3276147 tracking.cc:279] Keyframe at 545817.014810, mappoints 34, interval 0.168741, parallax 17.1539
I0323 20:46:29.569641 3276147 tracking.cc:795] Triangulate 14 3D points with 73 left, 37 reset, 0 outtime and 8 outliers
I0323 20:46:29.573238 3276147 tracking.cc:687] Add 21 new features to 121
I0323 20:46:29.573622 3276147 ic_gvins.cc:553] Tracking cost 21.994 ms
I0323 20:46:29.577158 3276146 ic_gvins.cc:746] Insert keyframe 101 at 545817.014810 with 14 new mappoints
I0323 20:46:29.577677 3276146 ic_gvins.cc:751] Add new keyframe time node at 545817.014810
I0323 20:46:29.577724 3276148 ic_gvins.cc:1856] Total 12 pose states from 545815.340361 to 545817.014810
I0323 20:46:29.578603 3276148 ic_gvins.cc:1180] Add 11 preintegration, 1 GNSS, 103 reprojection
I0323 20:46:29.585741 3276148 ic_gvins.cc:1189] Ceres Solver Report: Iterations: 6, Initial cost: 4.881551e+02, Final cost: 5.647601e+01, Termination: NO_CONVERGENCE
I0323 20:46:29.585903 3276148 ic_gvins.cc:1299] Remove 6 reprojection factors
I0323 20:46:29.591951 3276147 tracking.cc:452] Track 46 map points
I0323 20:46:29.597406 3276148 ic_gvins.cc:1223] Ceres Solver Report: Iterations: 12, Initial cost: 3.980667e+01, Final cost: 3.890029e+01, Termination: CONVERGENCE
E0323 20:46:29.597477 3276148 ic_gvins.cc:1329] Estimated extrinsic is too large, t:   3.99182 -0.846168   0.57209, R:  85.7905 -13.3941   92.091
I0323 20:46:29.597856 3276148 ic_gvins.cc:1127] Culled 21 mappoint with 20 bad observed features 0, 1, 20
I0323 20:46:29.598443 3276148 ic_gvins.cc:1433] Marginalize 1 states, last time 545815.508231
I0323 20:46:29.599159 3276148 ic_gvins.cc:478] Optimization costs 21.4559 ms with 7.18455 and 11.5368 with marginalization costs 0.819785
I0323 20:46:29.600920 3276146 misc.cc:220] Redo INS mechanization at 545817.014810 to 545817.068970 is 0.0541603 s
I0323 20:46:29.602291 3276147 tracking.cc:571] Track 85 reference points
I0323 20:46:29.607231 3276147 tracking.cc:687] Add 11 new features to 131
I0323 20:46:29.623623 3276147 tracking.cc:452] Track 27 map points
I0323 20:46:29.626411 3276099 fusion_ros.cc:232] Raw data time 545817.088837, 545816.128272, 545817.072525
E0323 20:46:29.629283 3276099 ic_gvins.cc:172] Lost IMU data with at 545817.096 dt 0.008
E0323 20:46:29.629439 3276099 ic_gvins.cc:182] Append extra IMU data at 545817.093837
I0323 20:46:29.631752 3276147 tracking.cc:571] Track 82 reference points
I0323 20:46:29.638813 3276147 tracking.cc:687] Add 36 new features to 109
I0323 20:46:29.659690 3276147 tracking.cc:452] Track 25 map points
I0323 20:46:29.667125 3276147 tracking.cc:571] Track 104 reference points
I0323 20:46:29.671701 3276147 tracking.cc:687] Add 14 new features to 129
I0323 20:46:29.694365 3276147 tracking.cc:452] Track 25 map points
I0323 20:46:29.701620 3276147 tracking.cc:571] Track 105 reference points
I0323 20:46:29.705185 3276147 tracking.cc:687] Add 14 new features to 130
I0323 20:46:29.726811 3276147 tracking.cc:452] Track 25 map points
I0323 20:46:29.735749 3276147 tracking.cc:571] Track 108 reference points
I0323 20:46:29.735814 3276147 tracking.cc:279] Keyframe at 545817.182576, mappoints 25, interval 0.167766, parallax 16.2866
I0323 20:46:29.736222 3276147 tracking.cc:795] Triangulate 24 3D points with 76 left, 39 reset, 2 outtime and 6 outliers
I0323 20:46:29.739451 3276147 tracking.cc:687] Add 19 new features to 125
I0323 20:46:29.739830 3276147 ic_gvins.cc:553] Tracking cost 23.8519 ms
I0323 20:46:29.740931 3276146 ic_gvins.cc:746] Insert keyframe 102 at 545817.182576 with 24 new mappoints
I0323 20:46:29.741401 3276146 ic_gvins.cc:751] Add new keyframe time node at 545817.182576
I0323 20:46:29.741427 3276146 ic_gvins.cc:896] Add new GNSS time node 545817.134146
I0323 20:46:29.741829 3276148 ic_gvins.cc:1856] Total 13 pose states from 545815.508231 to 545817.182576
I0323 20:46:29.742735 3276148 ic_gvins.cc:1180] Add 12 preintegration, 2 GNSS, 92 reprojection
I0323 20:46:29.748440 3276148 ic_gvins.cc:1189] Ceres Solver Report: Iterations: 6, Initial cost: 5.419865e+02, Final cost: 9.360952e+01, Termination: NO_CONVERGENCE
I0323 20:46:29.748497 3276148 ic_gvins.cc:1270] Detect 1 GNSS outliers at 545817.182576
I0323 20:46:29.748569 3276148 ic_gvins.cc:1299] Remove 3 reprojection factors
I0323 20:46:29.760598 3276147 tracking.cc:452] Track 48 map points
I0323 20:46:29.761137 3276148 ic_gvins.cc:1223] Ceres Solver Report: Iterations: 16, Initial cost: 3.458735e+01, Final cost: 3.311117e+01, Termination: NO_CONVERGENCE
E0323 20:46:29.761183 3276148 ic_gvins.cc:1329] Estimated extrinsic is too large, t:   4.90478 -0.950712   1.02848, R:  86.0378 -16.8023  92.3062
I0323 20:46:29.761502 3276148 ic_gvins.cc:1127] Culled 8 mappoint with 17 bad observed features 0, 0, 8
I0323 20:46:29.762002 3276148 ic_gvins.cc:1433] Marginalize 1 states, last time 545815.676771
I0323 20:46:29.762892 3276148 ic_gvins.cc:478] Optimization costs 21.0906 ms with 5.6999 and 12.5873 with marginalization costs 0.831817
I0323 20:46:29.767499 3276146 misc.cc:220] Redo INS mechanization at 545817.182576 to 545817.234957 is 0.0523819 s
I0323 20:46:29.770083 3276147 tracking.cc:571] Track 75 reference points
I0323 20:46:29.773181 3276147 tracking.cc:687] Add 21 new features to 123
I0323 20:46:29.792924 3276147 tracking.cc:452] Track 40 map points
I0323 20:46:29.800961 3276147 tracking.cc:571] Track 81 reference points
I0323 20:46:29.804250 3276147 tracking.cc:687] Add 24 new features to 121
I0323 20:46:29.823908 3276147 tracking.cc:452] Track 40 map points
I0323 20:46:29.831234 3276147 tracking.cc:571] Track 91 reference points
I0323 20:46:29.833856 3276147 tracking.cc:687] Add 14 new features to 131
I0323 20:46:29.858928 3276147 tracking.cc:452] Track 40 map points
I0323 20:46:29.866369 3276147 tracking.cc:571] Track 95 reference points
I0323 20:46:29.870285 3276147 tracking.cc:687] Add 9 new features to 135
I0323 20:46:29.889312 3276147 tracking.cc:452] Track 40 map points
I0323 20:46:29.897763 3276147 tracking.cc:571] Track 91 reference points
I0323 20:46:29.897826 3276147 tracking.cc:279] Keyframe at 545817.348229, mappoints 40, interval 0.165654, parallax 15.7603
I0323 20:46:29.898126 3276147 tracking.cc:795] Triangulate 17 3D points with 70 left, 33 reset, 0 outtime and 4 outliers
I0323 20:46:29.903317 3276147 tracking.cc:687] Add 14 new features to 127
I0323 20:46:29.903658 3276147 ic_gvins.cc:553] Tracking cost 22.489 ms
I0323 20:46:29.906620 3276146 ic_gvins.cc:746] Insert keyframe 103 at 545817.348229 with 17 new mappoints
I0323 20:46:29.907114 3276146 ic_gvins.cc:751] Add new keyframe time node at 545817.348229
I0323 20:46:29.907181 3276148 ic_gvins.cc:1856] Total 13 pose states from 545815.676771 to 545817.348229
I0323 20:46:29.908167 3276148 ic_gvins.cc:1180] Add 12 preintegration, 2 GNSS, 116 reprojection
I0323 20:46:29.912369 3276148 ic_gvins.cc:1189] Ceres Solver Report: Iterations: 6, Initial cost: 4.530109e+02, Final cost: 6.197455e+01, Termination: NO_CONVERGENCE
I0323 20:46:29.912499 3276148 ic_gvins.cc:1299] Remove 3 reprojection factors
I0323 20:46:29.921993 3276148 ic_gvins.cc:1223] Ceres Solver Report: Iterations: 12, Initial cost: 5.380430e+01, Final cost: 5.318341e+01, Termination: CONVERGENCE
E0323 20:46:29.922055 3276148 ic_gvins.cc:1329] Estimated extrinsic is too large, t:   5.50281 -0.885409  0.847848, R:    86.04 -17.2072   92.285
I0323 20:46:29.922722 3276148 ic_gvins.cc:1127] Culled 13 mappoint with 20 bad observed features 0, 1, 12
I0323 20:46:29.923555 3276148 ic_gvins.cc:1433] Marginalize 1 states, last time 545815.879005
I0323 20:46:29.924361 3276148 ic_gvins.cc:478] Optimization costs 17.2106 ms with 4.23633 and 9.52611 with marginalization costs 0.540774
I0323 20:46:29.926024 3276147 tracking.cc:452] Track 55 map points
I0323 20:46:29.926154 3276146 misc.cc:220] Redo INS mechanization at 545817.348229 to 545817.393810 is 0.0455803 s
I0323 20:46:29.934427 3276147 tracking.cc:571] Track 74 reference points
I0323 20:46:29.936801 3276147 tracking.cc:687] Add 12 new features to 129
I0323 20:46:29.960681 3276147 tracking.cc:452] Track 40 map points
I0323 20:46:29.968179 3276147 tracking.cc:571] Track 74 reference points
I0323 20:46:29.971395 3276147 tracking.cc:687] Add 26 new features to 114
I0323 20:46:29.996038 3276147 tracking.cc:452] Track 39 map points
I0323 20:46:30.002988 3276147 tracking.cc:571] Track 92 reference points
I0323 20:46:30.005411 3276147 tracking.cc:687] Add 10 new features to 131
I0323 20:46:30.024865 3276147 tracking.cc:452] Track 39 map points
I0323 20:46:30.032232 3276147 tracking.cc:571] Track 90 reference points
I0323 20:46:30.032295 3276147 tracking.cc:279] Keyframe at 545817.483565, mappoints 39, interval 0.135335, parallax 15.8777
I0323 20:46:30.032568 3276147 tracking.cc:795] Triangulate 11 3D points with 66 left, 28 reset, 4 outtime and 9 outliers
I0323 20:46:30.035807 3276147 tracking.cc:687] Add 24 new features to 116
I0323 20:46:30.036151 3276147 ic_gvins.cc:553] Tracking cost 19.7646 ms
I0323 20:46:30.040608 3276146 ic_gvins.cc:746] Insert keyframe 104 at 545817.483565 with 11 new mappoints
I0323 20:46:30.041006 3276146 ic_gvins.cc:751] Add new keyframe time node at 545817.483565
