I0323 20:46:32.713397 3276148 ic_gvins.cc:478] Optimization costs 32.1478 ms with 5.65273 and 23.9829 with marginalization costs 0.623527
I0323 20:46:32.716612 3276146 misc.cc:220] Redo INS mechanization at 545820.117917 to 545820.183691 is 0.0657738 s
I0323 20:46:32.728973 3276147 tracking.cc:452] Track 34 map points
I0323 20:46:32.739631 3276147 tracking.cc:571] Track 86 reference points
I0323 20:46:32.744226 3276147 tracking.cc:687] Add 23 new features to 120
I0323 20:46:32.764890 3276147 tracking.cc:452] Track 34 map points
I0323 20:46:32.772078 3276147 tracking.cc:571] Track 98 reference points
I0323 20:46:32.775812 3276147 tracking.cc:687] Add 9 new features to 132
I0323 20:46:32.793166 3276147 tracking.cc:452] Track 34 map points
I0323 20:46:32.801327 3276147 tracking.cc:571] Track 98 reference points
I0323 20:46:32.801386 3276147 tracking.cc:279] Keyframe at 545820.252634, mappoints 34, interval 0.134717, parallax 16.7539
I0323 20:46:32.801755 3276147 tracking.cc:795] Triangulate 13 3D points with 67 left, 27 reset, 1 outtime and 17 outliers
I0323 20:46:32.804898 3276147 tracking.cc:687] Add 28 new features to 114
I0323 20:46:32.805245 3276147 ic_gvins.cc:553] Tracking cost 19.7042 ms
I0323 20:46:32.805759 3276146 ic_gvins.cc:746] Insert keyframe 122 at 545820.252634 with 13 new mappoints
I0323 20:46:32.806154 3276146 ic_gvins.cc:751] Add new keyframe time node at 545820.252634
I0323 20:46:32.806176 3276146 ic_gvins.cc:847] Add new GNSS 545820.135975 align to 545820.117917
I0323 20:46:32.806213 3276148 ic_gvins.cc:1856] Total 11 pose states from 545818.747013 to 545820.252634
I0323 20:46:32.807201 3276148 ic_gvins.cc:1180] Add 10 preintegration, 2 GNSS, 110 reprojection
I0323 20:46:32.812268 3276148 ic_gvins.cc:1189] Ceres Solver Report: Iterations: 6, Initial cost: 6.117934e+02, Final cost: 1.360175e+02, Termination: NO_CONVERGENCE
I0323 20:46:32.812330 3276148 ic_gvins.cc:1270] Detect 1 GNSS outliers at 545820.252634
I0323 20:46:32.812429 3276148 ic_gvins.cc:1299] Remove 9 reprojection factors
I0323 20:46:32.824149 3276148 ic_gvins.cc:1223] Ceres Solver Report: Iterations: 12, Initial cost: 5.309633e+01, Final cost: 5.142002e+01, Termination: CONVERGENCE
E0323 20:46:32.824226 3276148 ic_gvins.cc:1329] Estimated extrinsic is too large, t:   3.30055 -0.451251  0.452187, R:  86.5688 -9.00925  91.8984
I0323 20:46:32.824599 3276148 ic_gvins.cc:1127] Culled 11 mappoint with 19 bad observed features 0, 0, 11
I0323 20:46:32.825098 3276148 ic_gvins.cc:1433] Marginalize 1 states, last time 545818.851954
I0323 20:46:32.825929 3276148 ic_gvins.cc:478] Optimization costs 19.7423 ms with 5.10632 and 11.7684 with marginalization costs 0.881033
I0323 20:46:32.826220 3276146 misc.cc:220] Redo INS mechanization at 545820.252634 to 545820.293697 is 0.0410627 s
I0323 20:46:32.832726 3276147 tracking.cc:452] Track 46 map points
I0323 20:46:32.840381 3276147 tracking.cc:571] Track 84 reference points
I0323 20:46:32.844296 3276147 tracking.cc:687] Add 13 new features to 130
I0323 20:46:32.867875 3276147 tracking.cc:452] Track 33 map points
I0323 20:46:32.876070 3276147 tracking.cc:571] Track 85 reference points
I0323 20:46:32.879271 3276147 tracking.cc:687] Add 24 new features to 118
I0323 20:46:32.894583 3276147 tracking.cc:452] Track 32 map points
I0323 20:46:32.901687 3276147 tracking.cc:571] Track 102 reference points
I0323 20:46:32.904131 3276147 tracking.cc:687] Add 8 new features to 134
I0323 20:46:32.930433 3276147 tracking.cc:452] Track 32 map points
I0323 20:46:32.938300 3276147 tracking.cc:571] Track 102 reference points
I0323 20:46:32.938376 3276147 tracking.cc:279] Keyframe at 545820.386044, mappoints 32, interval 0.13341, parallax 17.1236
I0323 20:46:32.938701 3276147 tracking.cc:795] Triangulate 18 3D points with 73 left, 28 reset, 0 outtime and 11 outliers
I0323 20:46:32.941166 3276147 tracking.cc:687] Add 20 new features to 123
I0323 20:46:32.941532 3276147 ic_gvins.cc:553] Tracking cost 19.1728 ms
I0323 20:46:32.947022 3276146 ic_gvins.cc:746] Insert keyframe 123 at 545820.386044 with 18 new mappoints
I0323 20:46:32.947451 3276146 ic_gvins.cc:751] Add new keyframe time node at 545820.386044
I0323 20:46:32.947515 3276148 ic_gvins.cc:1856] Total 11 pose states from 545818.851954 to 545820.386044
I0323 20:46:32.948467 3276148 ic_gvins.cc:1180] Add 10 preintegration, 2 GNSS, 110 reprojection
I0323 20:46:32.952979 3276148 ic_gvins.cc:1189] Ceres Solver Report: Iterations: 6, Initial cost: 5.405192e+02, Final cost: 8.630241e+01, Termination: NO_CONVERGENCE
I0323 20:46:32.953121 3276148 ic_gvins.cc:1299] Remove 8 reprojection factors
I0323 20:46:32.957533 3276099 fusion_ros.cc:232] Raw data time 545820.423698, 545820.135975, 545820.406098
I0323 20:46:32.964232 3276148 ic_gvins.cc:1223] Ceres Solver Report: Iterations: 12, Initial cost: 5.701149e+01, Final cost: 5.611749e+01, Termination: CONVERGENCE
E0323 20:46:32.964301 3276148 ic_gvins.cc:1329] Estimated extrinsic is too large, t:   3.18114 -0.335145   0.52968, R:  86.5684 -8.70422  91.8547
I0323 20:46:32.964709 3276148 ic_gvins.cc:1127] Culled 11 mappoint with 22 bad observed features 0, 0, 11
I0323 20:46:32.965227 3276148 ic_gvins.cc:1433] Marginalize 1 states, last time 545818.984787
I0323 20:46:32.965891 3276148 ic_gvins.cc:478] Optimization costs 18.4014 ms with 4.54801 and 11.1489 with marginalization costs 0.788553
I0323 20:46:32.968180 3276147 tracking.cc:452] Track 46 map points
I0323 20:46:32.971179 3276146 misc.cc:220] Redo INS mechanization at 545820.386044 to 545820.438694 is 0.0526499 s
I0323 20:46:32.975073 3276147 tracking.cc:571] Track 82 reference points
I0323 20:46:32.977486 3276147 tracking.cc:687] Add 12 new features to 128
I0323 20:46:32.995307 3276147 tracking.cc:452] Track 31 map points
I0323 20:46:33.002256 3276147 tracking.cc:571] Track 84 reference points
I0323 20:46:33.006510 3276147 tracking.cc:687] Add 28 new features to 115
I0323 20:46:33.028407 3276147 tracking.cc:452] Track 30 map points
I0323 20:46:33.036140 3276147 tracking.cc:571] Track 98 reference points
I0323 20:46:33.038637 3276147 tracking.cc:687] Add 12 new features to 128
I0323 20:46:33.064604 3276147 tracking.cc:452] Track 29 map points
I0323 20:46:33.072376 3276147 tracking.cc:571] Track 98 reference points
I0323 20:46:33.072440 3276147 tracking.cc:279] Keyframe at 545820.519552, mappoints 29, interval 0.133508, parallax 16.2637
I0323 20:46:33.072728 3276147 tracking.cc:795] Triangulate 17 3D points with 72 left, 26 reset, 0 outtime and 9 outliers
I0323 20:46:33.077778 3276147 tracking.cc:687] Add 21 new features to 118
I0323 20:46:33.078337 3276147 ic_gvins.cc:553] Tracking cost 21.4411 ms
I0323 20:46:33.082965 3276146 ic_gvins.cc:746] Insert keyframe 124 at 545820.519552 with 17 new mappoints
I0323 20:46:33.083389 3276146 ic_gvins.cc:751] Add new keyframe time node at 545820.519552
I0323 20:46:33.083432 3276148 ic_gvins.cc:1856] Total 11 pose states from 545818.984787 to 545820.519552
I0323 20:46:33.084426 3276148 ic_gvins.cc:1180] Add 10 preintegration, 2 GNSS, 108 reprojection
I0323 20:46:33.094512 3276148 ic_gvins.cc:1189] Ceres Solver Report: Iterations: 6, Initial cost: 5.384963e+02, Final cost: 7.159785e+01, Termination: NO_CONVERGENCE
I0323 20:46:33.094696 3276148 ic_gvins.cc:1299] Remove 7 reprojection factors
I0323 20:46:33.098215 3276147 tracking.cc:452] Track 45 map points
I0323 20:46:33.104401 3276148 ic_gvins.cc:1223] Ceres Solver Report: Iterations: 10, Initial cost: 5.107548e+01, Final cost: 5.018469e+01, Termination: CONVERGENCE
E0323 20:46:33.104476 3276148 ic_gvins.cc:1329] Estimated extrinsic is too large, t:   2.50815 -0.297908  0.748303, R:  86.5491 -9.38285   91.944
I0323 20:46:33.104882 3276148 ic_gvins.cc:1127] Culled 10 mappoint with 21 bad observed features 0, 1, 9
I0323 20:46:33.105430 3276148 ic_gvins.cc:1433] Marginalize 1 states, last time 545819.115349
I0323 20:46:33.106195 3276147 tracking.cc:571] Track 83 reference points
I0323 20:46:33.106392 3276148 ic_gvins.cc:478] Optimization costs 22.9871 ms with 10.1189 and 9.74004 with marginalization costs 0.998506
I0323 20:46:33.108088 3276146 misc.cc:220] Redo INS mechanization at 545820.519552 to 545820.573687 is 0.0541349 s
I0323 20:46:33.110607 3276147 tracking.cc:687] Add 13 new features to 128
I0323 20:46:33.133224 3276147 tracking.cc:452] Track 34 map points
I0323 20:46:33.143590 3276147 tracking.cc:571] Track 82 reference points
I0323 20:46:33.147637 3276147 tracking.cc:687] Add 27 new features to 116
I0323 20:46:33.166338 3276147 tracking.cc:452] Track 32 map points
I0323 20:46:33.175477 3276147 tracking.cc:571] Track 94 reference points
I0323 20:46:33.177965 3276147 tracking.cc:687] Add 17 new features to 126
I0323 20:46:33.195523 3276147 tracking.cc:452] Track 30 map points
I0323 20:46:33.203882 3276147 tracking.cc:571] Track 96 reference points
I0323 20:46:33.203945 3276147 tracking.cc:279] Keyframe at 545820.653553, mappoints 30, interval 0.134001, parallax 16.9919
I0323 20:46:33.204231 3276147 tracking.cc:795] Triangulate 12 3D points with 70 left, 27 reset, 0 outtime and 14 outliers
I0323 20:46:33.207890 3276147 tracking.cc:687] Add 30 new features to 112
I0323 20:46:33.208222 3276147 ic_gvins.cc:553] Tracking cost 22.6416 ms
I0323 20:46:33.211838 3276146 ic_gvins.cc:746] Insert keyframe 125 at 545820.653553 with 12 new mappoints
I0323 20:46:33.212245 3276146 ic_gvins.cc:751] Add new keyframe time node at 545820.653553
I0323 20:46:33.212373 3276148 ic_gvins.cc:1856] Total 11 pose states from 545819.115349 to 545820.653553
I0323 20:46:33.213423 3276148 ic_gvins.cc:1180] Add 10 preintegration, 1 GNSS, 111 reprojection
I0323 20:46:33.219638 3276148 ic_gvins.cc:1189] Ceres Solver Report: Iterations: 6, Initial cost: 5.423369e+02, Final cost: 7.324738e+01, Termination: NO_CONVERGENCE
I0323 20:46:33.219784 3276148 ic_gvins.cc:1299] Remove 8 reprojection factors
I0323 20:46:33.231283 3276147 tracking.cc:452] Track 41 map points
I0323 20:46:33.236207 3276148 ic_gvins.cc:1223] Ceres Solver Report: Iterations: 12, Initial cost: 4.912581e+01, Final cost: 4.759045e+01, Termination: CONVERGENCE
E0323 20:46:33.236276 3276148 ic_gvins.cc:1329] Estimated extrinsic is too large, t:   2.10332 -0.258219  0.365744, R:  86.3561 -9.02928  92.0711
I0323 20:46:33.236645 3276148 ic_gvins.cc:1127] Culled 5 mappoint with 24 bad observed features 0, 0, 5
I0323 20:46:33.238209 3276148 ic_gvins.cc:1433] Marginalize 1 states, last time 545819.280641
I0323 20:46:33.238763 3276147 tracking.cc:571] Track 85 reference points
I0323 20:46:33.239005 3276148 ic_gvins.cc:478] Optimization costs 26.6624 ms with 6.23642 and 16.4637 with marginalization costs 0.918025
I0323 20:46:33.240661 3276146 misc.cc:220] Redo INS mechanization at 545820.653553 to 545820.708670 is 0.0551167 s
I0323 20:46:33.242740 3276147 tracking.cc:687] Add 15 new features to 126
E0323 20:46:33.253257 3276099 ic_gvins.cc:172] Lost IMU data with at 545820.721 dt 0.008
E0323 20:46:33.253392 3276099 ic_gvins.cc:182] Append extra IMU data at 545820.718687
I0323 20:46:33.269280 3276147 tracking.cc:452] Track 34 map points
I0323 20:46:33.276299 3276147 tracking.cc:571] Track 85 reference points
I0323 20:46:33.282444 3276147 tracking.cc:687] Add 26 new features to 119
I0323 20:46:33.301220 3276147 tracking.cc:452] Track 31 map points
I0323 20:46:33.308703 3276147 tracking.cc:571] Track 98 reference points
I0323 20:46:33.313273 3276147 tracking.cc:687] Add 15 new features to 129
I0323 20:46:33.336814 3276147 tracking.cc:452] Track 30 map points
I0323 20:46:33.344872 3276147 tracking.cc:571] Track 93 reference points
I0323 20:46:33.344939 3276147 tracking.cc:279] Keyframe at 545820.790508, mappoints 30, interval 0.136955, parallax 16.2054
I0323 20:46:33.345206 3276147 tracking.cc:795] Triangulate 9 3D points with 63 left, 22 reset, 5 outtime and 16 outliers
I0323 20:46:33.348775 3276147 tracking.cc:687] Add 41 new features to 102
I0323 20:46:33.351063 3276147 ic_gvins.cc:553] Tracking cost 24.8637 ms
I0323 20:46:33.352111 3276146 ic_gvins.cc:746] Insert keyframe 126 at 545820.790508 with 9 new mappoints
I0323 20:46:33.352521 3276146 ic_gvins.cc:751] Add new keyframe time node at 545820.790508
I0323 20:46:33.352558 3276148 ic_gvins.cc:1856] Total 11 pose states from 545819.280641 to 545820.790508
I0323 20:46:33.353538 3276148 ic_gvins.cc:1180] Add 10 preintegration, 1 GNSS, 115 reprojection
I0323 20:46:33.359037 3276148 ic_gvins.cc:1189] Ceres Solver Report: Iterations: 6, Initial cost: 5.484670e+02, Final cost: 7.865772e+01, Termination: NO_CONVERGENCE
I0323 20:46:33.359184 3276148 ic_gvins.cc:1299] Remove 8 reprojection factors
I0323 20:46:33.370900 3276147 tracking.cc:452] Track 38 map points
I0323 20:46:33.370983 3276148 ic_gvins.cc:1223] Ceres Solver Report: Iterations: 11, Initial cost: 5.613860e+01, Final cost: 5.508639e+01, Termination: CONVERGENCE
E0323 20:46:33.371030 3276148 ic_gvins.cc:1329] Estimated extrinsic is too large, t:   1.76631 -0.288857  0.526104, R:  86.3708 -8.92968  92.0704
I0323 20:46:33.371404 3276148 ic_gvins.cc:1127] Culled 10 mappoint with 19 bad observed features 0, 0, 10
I0323 20:46:33.371996 3276148 ic_gvins.cc:1433] Marginalize 1 states, last time 545819.449585
I0323 20:46:33.372495 3276148 ic_gvins.cc:478] Optimization costs 19.9541 ms with 5.54463 and 11.82 with marginalization costs 0.604934
I0323 20:46:33.375735 3276146 misc.cc:220] Redo INS mechanization at 545820.790508 to 545820.843695 is 0.0531874 s
I0323 20:46:33.383589 3276147 tracking.cc:571] Track 85 reference points
I0323 20:46:33.388413 3276147 tracking.cc:687] Add 20 new features to 123
I0323 20:46:33.404458 3276147 tracking.cc:452] Track 27 map points
I0323 20:46:33.412513 3276147 tracking.cc:571] Track 78 reference points
I0323 20:46:33.416138 3276147 tracking.cc:687] Add 38 new features to 105
I0323 20:46:33.436160 3276147 tracking.cc:452] Track 26 map points
I0323 20:46:33.443506 3276147 tracking.cc:571] Track 91 reference points
I0323 20:46:33.446623 3276147 tracking.cc:687] Add 24 new features to 117
I0323 20:46:33.468041 3276147 tracking.cc:452] Track 25 map points
I0323 20:46:33.475976 3276147 tracking.cc:571] Track 97 reference points
I0323 20:46:33.476037 3276147 tracking.cc:279] Keyframe at 545820.923573, mappoints 25, interval 0.133065, parallax 16.2054
I0323 20:46:33.476331 3276147 tracking.cc:795] Triangulate 12 3D points with 70 left, 33 reset, 3 outtime and 12 outliers
I0323 20:46:33.480358 3276147 tracking.cc:687] Add 35 new features to 107
I0323 20:46:33.480733 3276147 ic_gvins.cc:553] Tracking cost 20.1224 ms
I0323 20:46:33.481006 3276146 ic_gvins.cc:746] Insert keyframe 127 at 545820.923573 with 12 new mappoints
I0323 20:46:33.481400 3276146 ic_gvins.cc:751] Add new keyframe time node at 545820.923573
I0323 20:46:33.481454 3276148 ic_gvins.cc:1856] Total 11 pose states from 545819.449585 to 545820.923573
I0323 20:46:33.482465 3276148 ic_gvins.cc:1180] Add 10 preintegration, 1 GNSS, 110 reprojection
I0323 20:46:33.487579 3276148 ic_gvins.cc:1189] Ceres Solver Report: Iterations: 6, Initial cost: 5.608920e+02, Final cost: 8.822513e+01, Termination: NO_CONVERGENCE
I0323 20:46:33.487722 3276148 ic_gvins.cc:1299] Remove 10 reprojection factors
I0323 20:46:33.497269 3276148 ic_gvins.cc:1223] Ceres Solver Report: Iterations: 11, Initial cost: 5.579412e+01, Final cost: 5.373322e+01, Termination: CONVERGENCE
E0323 20:46:33.497332 3276148 ic_gvins.cc:1329] Estimated extrinsic is too large, t:   1.58997 -0.328581  0.416616, R:  86.3755 -9.08457  92.1073
I0323 20:46:33.497730 3276148 ic_gvins.cc:1127] Culled 3 mappoint with 21 bad observed features 0, 1, 2
I0323 20:46:33.498994 3276148 ic_gvins.cc:1433] Marginalize 1 states, last time 545819.616469
I0323 20:46:33.499481 3276147 tracking.cc:452] Track 34 map points
I0323 20:46:33.499697 3276148 ic_gvins.cc:478] Optimization costs 18.2689 ms with 5.13468 and 9.58362 with marginalization costs 0.701095
I0323 20:46:33.504657 3276146 misc.cc:220] Redo INS mechanization at 545820.923573 to 545820.968690 is 0.0451168 s
I0323 20:46:33.507966 3276147 tracking.cc:571] Track 84 reference points
I0323 20:46:33.511173 3276147 tracking.cc:687] Add 23 new features to 118
I0323 20:46:33.534103 3276147 tracking.cc:452] Track 30 map points
I0323 20:46:33.542093 3276147 tracking.cc:571] Track 86 reference points
I0323 20:46:33.546418 3276147 tracking.cc:687] Add 23 new features to 116
I0323 20:46:33.564857 3276147 tracking.cc:452] Track 30 map points
I0323 20:46:33.572556 3276147 tracking.cc:571] Track 89 reference points
I0323 20:46:33.576937 3276147 tracking.cc:687] Add 23 new features to 119
I0323 20:46:33.599627 3276147 tracking.cc:452] Track 29 map points
I0323 20:46:33.608409 3276147 tracking.cc:571] Track 96 reference points
I0323 20:46:33.608474 3276147 tracking.cc:279] Keyframe at 545821.057441, mappoints 29, interval 0.133868, parallax 16.478
I0323 20:46:33.608731 3276147 tracking.cc:795] Triangulate 9 3D points with 71 left, 27 reset, 2 outtime and 14 outliers
I0323 20:46:33.612093 3276147 tracking.cc:687] Add 33 new features to 109
I0323 20:46:33.612471 3276147 ic_gvins.cc:553] Tracking cost 20.5084 ms
I0323 20:46:33.616451 3276146 ic_gvins.cc:746] Insert keyframe 128 at 545821.057441 with 9 new mappoints
I0323 20:46:33.616976 3276146 ic_gvins.cc:751] Add new keyframe time node at 545821.057441
I0323 20:46:33.617040 3276148 ic_gvins.cc:1856] Total 11 pose states from 545819.616469 to 545821.057441
I0323 20:46:33.618067 3276148 ic_gvins.cc:1180] Add 10 preintegration, 1 GNSS, 121 reprojection
I0323 20:46:33.622323 3276099 fusion_ros.cc:232] Raw data time 545821.088692, 545820.135975, 545821.072824
I0323 20:46:33.622761 3276148 ic_gvins.cc:1189] Ceres Solver Report: Iterations: 6, Initial cost: 5.924427e+02, Final cost: 9.253007e+01, Termination: NO_CONVERGENCE
I0323 20:46:33.622891 3276148 ic_gvins.cc:1299] Remove 13 reprojection factors
I0323 20:46:33.632558 3276148 ic_gvins.cc:1223] Ceres Solver Report: Iterations: 11, Initial cost: 5.312895e+01, Final cost: 5.122250e+01, Termination: CONVERGENCE
E0323 20:46:33.632627 3276148 ic_gvins.cc:1329] Estimated extrinsic is too large, t:   2.42904 -0.344863 -0.057668, R:  86.3539 -9.78161  92.1611
I0323 20:46:33.633021 3276148 ic_gvins.cc:1127] Culled 10 mappoint with 22 bad observed features 0, 0, 10
I0323 20:46:33.633603 3276148 ic_gvins.cc:1433] Marginalize 1 states, last time 545819.781893
I0323 20:46:33.634584 3276148 ic_gvins.cc:478] Optimization costs 17.5719 ms with 4.71454 and 9.70989 with marginalization costs 1.03713
I0323 20:46:33.635578 3276146 misc.cc:220] Redo INS mechanization at 545821.057441 to 545821.103689 is 0.0462481 s
I0323 20:46:33.635896 3276147 tracking.cc:452] Track 37 map points
I0323 20:46:33.643283 3276147 tracking.cc:571] Track 78 reference points
I0323 20:46:33.647548 3276147 tracking.cc:687] Add 25 new features to 115
I0323 20:46:33.671861 3276147 tracking.cc:452] Track 29 map points
I0323 20:46:33.682325 3276147 tracking.cc:571] Track 81 reference points
I0323 20:46:33.687134 3276147 tracking.cc:687] Add 31 new features to 110
I0323 20:46:33.707706 3276147 tracking.cc:452] Track 27 map points
I0323 20:46:33.716189 3276147 tracking.cc:571] Track 84 reference points
I0323 20:46:33.721206 3276147 tracking.cc:687] Add 30 new features to 111
I0323 20:46:33.734406 3276147 tracking.cc:452] Track 23 map points
I0323 20:46:33.742045 3276147 tracking.cc:571] Track 98 reference points
I0323 20:46:33.742120 3276147 tracking.cc:279] Keyframe at 545821.193188, mappoints 23, interval 0.135747, parallax 15.5811
I0323 20:46:33.742367 3276147 tracking.cc:795] Triangulate 6 3D points with 77 left, 36 reset, 0 outtime and 15 outliers
I0323 20:46:33.748860 3276147 tracking.cc:687] Add 35 new features to 106
I0323 20:46:33.749217 3276147 ic_gvins.cc:553] Tracking cost 22.5031 ms
I0323 20:46:33.752247 3276146 ic_gvins.cc:746] Insert keyframe 129 at 545821.193188 with 6 new mappoints
I0323 20:46:33.752663 3276146 ic_gvins.cc:751] Add new keyframe time node at 545821.193188
I0323 20:46:33.752691 3276146 ic_gvins.cc:896] Add new GNSS time node 545821.126132
I0323 20:46:33.753024 3276148 ic_gvins.cc:1856] Total 12 pose states from 545819.781893 to 545821.193188
I0323 20:46:33.754065 3276148 ic_gvins.cc:1180] Add 11 preintegration, 2 GNSS, 102 reprojection
I0323 20:46:33.760066 3276148 ic_gvins.cc:1189] Ceres Solver Report: Iterations: 6, Initial cost: 6.378218e+02, Final cost: 1.658139e+02, Termination: NO_CONVERGENCE
I0323 20:46:33.760128 3276148 ic_gvins.cc:1270] Detect 1 GNSS outliers at 545821.193188
I0323 20:46:33.760224 3276148 ic_gvins.cc:1299] Remove 12 reprojection factors
I0323 20:46:33.771023 3276147 tracking.cc:452] Track 29 map points
I0323 20:46:33.776026 3276148 ic_gvins.cc:1223] Ceres Solver Report: Iterations: 13, Initial cost: 5.523037e+01, Final cost: 5.305644e+01, Termination: CONVERGENCE
E0323 20:46:33.776096 3276148 ic_gvins.cc:1329] Estimated extrinsic is too large, t:   2.70531 -0.724922   0.24935, R:  86.6586 -9.25094  91.9096
I0323 20:46:33.777884 3276148 ic_gvins.cc:1127] Culled 2 mappoint with 17 bad observed features 0, 0, 2
I0323 20:46:33.778503 3276147 tracking.cc:571] Track 100 reference points
I0323 20:46:33.779320 3276148 ic_gvins.cc:1433] Marginalize 1 states, last time 545819.951979
I0323 20:46:33.780364 3276148 ic_gvins.cc:478] Optimization costs 27.3667 ms with 5.99049 and 15.8423 with marginalization costs 1.05764
I0323 20:46:33.780573 3276146 misc.cc:220] Redo INS mechanization at 545821.193188 to 545821.248659 is 0.0554713 s
I0323 20:46:33.781030 3276147 tracking.cc:687] Add 11 new features to 129
I0323 20:46:33.800312 3276147 tracking.cc:452] Track 24 map points
I0323 20:46:33.808364 3276147 tracking.cc:571] Track 93 reference points
I0323 20:46:33.820684 3276147 tracking.cc:687] Add 25 new features to 117
I0323 20:46:33.835491 3276147 tracking.cc:452] Track 23 map points
I0323 20:46:33.843457 3276147 tracking.cc:571] Track 98 reference points
I0323 20:46:33.847033 3276147 tracking.cc:687] Add 22 new features to 121
I0323 20:46:33.868198 3276147 tracking.cc:452] Track 21 map points
I0323 20:46:33.879490 3276147 tracking.cc:571] Track 97 reference points
I0323 20:46:33.879567 3276147 tracking.cc:279] Keyframe at 545821.323657, mappoints 21, interval 0.130469, parallax 15.1711
I0323 20:46:33.879892 3276147 tracking.cc:795] Triangulate 13 3D points with 57 left, 21 reset, 2 outtime and 25 outliers
I0323 20:46:33.884471 3276147 tracking.cc:687] Add 51 new features to 91
I0323 20:46:33.886762 3276147 ic_gvins.cc:553] Tracking cost 30.0387 ms
I0323 20:46:33.891314 3276146 ic_gvins.cc:746] Insert keyframe 130 at 545821.323657 with 13 new mappoints
I0323 20:46:33.891724 3276146 ic_gvins.cc:751] Add new keyframe time node at 545821.323657
I0323 20:46:33.891873 3276148 ic_gvins.cc:1856] Total 12 pose states from 545819.951979 to 545821.323657
I0323 20:46:33.892784 3276148 ic_gvins.cc:1180] Add 11 preintegration, 2 GNSS, 105 reprojection
I0323 20:46:33.897568 3276148 ic_gvins.cc:1189] Ceres Solver Report: Iterations: 6, Initial cost: 4.494945e+02, Final cost: 9.719127e+01, Termination: NO_CONVERGENCE
I0323 20:46:33.897709 3276148 ic_gvins.cc:1299] Remove 11 reprojection factors
I0323 20:46:33.904199 3276147 tracking.cc:452] Track 34 map points
I0323 20:46:33.911476 3276147 tracking.cc:571] Track 92 reference points
I0323 20:46:33.916329 3276147 tracking.cc:687] Add 16 new features to 126
I0323 20:46:33.920045 3276148 ic_gvins.cc:1223] Ceres Solver Report: Iterations: 14, Initial cost: 6.584506e+01, Final cost: 6.481085e+01, Termination: CONVERGENCE
E0323 20:46:33.920109 3276148 ic_gvins.cc:1329] Estimated extrinsic is too large, t:   3.63573 -0.600488  0.259821, R:   86.522 -12.4663  92.1025
I0323 20:46:33.920523 3276148 ic_gvins.cc:1127] Culled 21 mappoint with 15 bad observed features 0, 0, 21
I0323 20:46:33.920918 3276148 ic_gvins.cc:1433] Marginalize 1 states, last time 545820.117917
I0323 20:46:33.922719 3276148 ic_gvins.cc:478] Optimization costs 30.8744 ms with 4.81957 and 22.3707 with marginalization costs 1.80943
I0323 20:46:33.926047 3276146 misc.cc:220] Redo INS mechanization at 545821.323657 to 545821.393695 is 0.0700387 s
I0323 20:46:33.930081 3276147 tracking.cc:452] Track 19 map points
I0323 20:46:33.937433 3276147 tracking.cc:571] Track 91 reference points
I0323 20:46:33.941026 3276147 tracking.cc:687] Add 33 new features to 110
I0323 20:46:33.963732 3276147 tracking.cc:452] Track 18 map points
I0323 20:46:33.971119 3276147 tracking.cc:571] Track 106 reference points
I0323 20:46:33.974095 3276147 tracking.cc:687] Add 18 new features to 124
I0323 20:46:34.001528 3276147 tracking.cc:452] Track 18 map points
I0323 20:46:34.013067 3276147 tracking.cc:571] Track 109 reference points
I0323 20:46:34.013129 3276147 tracking.cc:279] Keyframe at 545821.454955, mappoints 18, interval 0.131298, parallax 15.529
I0323 20:46:34.013381 3276147 tracking.cc:795] Triangulate 4 3D points with 80 left, 35 reset, 1 outtime and 24 outliers
I0323 20:46:34.017071 3276147 tracking.cc:687] Add 41 new features to 102
I0323 20:46:34.018843 3276147 ic_gvins.cc:553] Tracking cost 26.5196 ms
E0323 20:46:34.024209 3276099 ic_gvins.cc:172] Lost IMU data with at 545821.492 dt 0.008
E0323 20:46:34.024376 3276099 ic_gvins.cc:182] Append extra IMU data at 545821.488706
I0323 20:46:34.024435 3276146 ic_gvins.cc:746] Insert keyframe 131 at 545821.454955 with 4 new mappoints
I0323 20:46:34.024854 3276146 ic_gvins.cc:751] Add new keyframe time node at 545821.454955
I0323 20:46:34.024896 3276148 ic_gvins.cc:1856] Total 12 pose states from 545820.117917 to 545821.454955
I0323 20:46:34.025588 3276148 ic_gvins.cc:1180] Add 11 preintegration, 1 GNSS, 69 reprojection
I0323 20:46:34.033259 3276147 tracking.cc:452] Track 21 map points
I0323 20:46:34.033985 3276148 ic_gvins.cc:1189] Ceres Solver Report: Iterations: 6, Initial cost: 4.585776e+02, Final cost: 7.694297e+01, Termination: NO_CONVERGENCE
I0323 20:46:34.034098 3276148 ic_gvins.cc:1299] Remove 7 reprojection factors
I0323 20:46:34.040923 3276147 tracking.cc:571] Track 103 reference points
I0323 20:46:34.044297 3276147 tracking.cc:687] Add 19 new features to 124
I0323 20:46:34.053988 3276148 ic_gvins.cc:1223] Ceres Solver Report: Iterations: 16, Initial cost: 5.788604e+01, Final cost: 5.688403e+01, Termination: NO_CONVERGENCE
E0323 20:46:34.054045 3276148 ic_gvins.cc:1329] Estimated extrinsic is too large, t:   3.68789 -0.724378  0.268968, R: 86.4071  -9.104 91.8171
I0323 20:46:34.054333 3276148 ic_gvins.cc:1127] Culled 4 mappoint with 10 bad observed features 0, 0, 4
I0323 20:46:34.054772 3276148 ic_gvins.cc:1433] Marginalize 1 states, last time 545820.252634
I0323 20:46:34.055384 3276148 ic_gvins.cc:478] Optimization costs 30.5033 ms with 8.42229 and 19.9178 with marginalization costs 0.736967
I0323 20:46:34.055692 3276146 misc.cc:220] Redo INS mechanization at 545821.454955 to 545821.523700 is 0.0687451 s
I0323 20:46:34.064020 3276147 tracking.cc:452] Track 16 map points
I0323 20:46:34.071146 3276147 tracking.cc:571] Track 108 reference points
I0323 20:46:34.076339 3276147 tracking.cc:687] Add 19 new features to 124
I0323 20:46:34.093892 3276147 tracking.cc:452] Track 16 map points
I0323 20:46:34.101105 3276147 tracking.cc:571] Track 111 reference points
I0323 20:46:34.103539 3276147 tracking.cc:687] Add 16 new features to 127
I0323 20:46:34.128464 3276147 tracking.cc:452] Track 16 map points
I0323 20:46:34.135987 3276147 tracking.cc:571] Track 106 reference points
I0323 20:46:34.136045 3276147 tracking.cc:279] Keyframe at 545821.586776, mappoints 16, interval 0.131822, parallax 16.2679
I0323 20:46:34.136292 3276147 tracking.cc:795] Triangulate 5 3D points with 70 left, 23 reset, 0 outtime and 31 outliers
I0323 20:46:34.139741 3276147 tracking.cc:687] Add 50 new features to 91
I0323 20:46:34.140092 3276147 ic_gvins.cc:553] Tracking cost 19.4122 ms
I0323 20:46:34.140677 3276146 ic_gvins.cc:746] Insert keyframe 132 at 545821.586776 with 5 new mappoints
I0323 20:46:34.141096 3276146 ic_gvins.cc:751] Add new keyframe time node at 545821.586776
I0323 20:46:34.141274 3276148 ic_gvins.cc:1856] Total 12 pose states from 545820.252634 to 545821.586776
I0323 20:46:34.142144 3276148 ic_gvins.cc:1180] Add 11 preintegration, 1 GNSS, 70 reprojection
I0323 20:46:34.147193 3276148 ic_gvins.cc:1189] Ceres Solver Report: Iterations: 6, Initial cost: 4.692566e+02, Final cost: 7.521050e+01, Termination: NO_CONVERGENCE
I0323 20:46:34.147318 3276148 ic_gvins.cc:1299] Remove 9 reprojection factors
I0323 20:46:34.156940 3276148 ic_gvins.cc:1223] Ceres Solver Report: Iterations: 13, Initial cost: 4.938497e+01, Final cost: 4.675042e+01, Termination: CONVERGENCE
E0323 20:46:34.157018 3276148 ic_gvins.cc:1329] Estimated extrinsic is too large, t:   3.79673 -0.624932  0.277707, R:  86.4718 -7.12707  91.6147
I0323 20:46:34.157339 3276148 ic_gvins.cc:1127] Culled 6 mappoint with 11 bad observed features 0, 1, 5
I0323 20:46:34.158231 3276148 ic_gvins.cc:1433] Marginalize 1 states, last time 545820.386044
I0323 20:46:34.159178 3276148 ic_gvins.cc:478] Optimization costs 17.9378 ms with 5.06485 and 9.67405 with marginalization costs 1.02372
I0323 20:46:34.161047 3276146 misc.cc:220] Redo INS mechanization at 545821.586776 to 545821.628692 is 0.041916 s
I0323 20:46:34.164088 3276147 tracking.cc:452] Track 16 map points
I0323 20:46:34.171476 3276147 tracking.cc:571] Track 103 reference points
I0323 20:46:34.176339 3276147 tracking.cc:687] Add 24 new features to 119
I0323 20:46:34.198905 3276147 tracking.cc:452] Track 14 map points
I0323 20:46:34.206300 3276147 tracking.cc:571] Track 113 reference points
I0323 20:46:34.208722 3276147 tracking.cc:687] Add 18 new features to 127
I0323 20:46:34.229019 3276147 tracking.cc:452] Track 13 map points
I0323 20:46:34.236244 3276147 tracking.cc:571] Track 117 reference points
I0323 20:46:34.239482 3276147 tracking.cc:687] Add 16 new features to 130
I0323 20:46:34.265113 3276147 tracking.cc:452] Track 13 map points
I0323 20:46:34.272739 3276147 tracking.cc:571] Track 119 reference points
I0323 20:46:34.272801 3276147 tracking.cc:279] Keyframe at 545821.720653, mappoints 13, interval 0.133876, parallax 16.4593
I0323 20:46:34.273072 3276147 tracking.cc:795] Triangulate 8 3D points with 75 left, 31 reset, 4 outtime and 32 outliers
I0323 20:46:34.276525 3276147 tracking.cc:687] Add 47 new features to 96
I0323 20:46:34.276840 3276147 ic_gvins.cc:553] Tracking cost 19.1519 ms
I0323 20:46:34.280575 3276146 ic_gvins.cc:746] Insert keyframe 133 at 545821.720653 with 8 new mappoints
I0323 20:46:34.280972 3276146 ic_gvins.cc:751] Add new keyframe time node at 545821.720653
I0323 20:46:34.281023 3276148 ic_gvins.cc:1856] Total 12 pose states from 545820.386044 to 545821.720653
I0323 20:46:34.281643 3276148 ic_gvins.cc:1180] Add 11 preintegration, 1 GNSS, 61 reprojection
I0323 20:46:34.285066 3276148 ic_gvins.cc:1189] Ceres Solver Report: Iterations: 6, Initial cost: 4.589955e+02, Final cost: 6.118342e+01, Termination: NO_CONVERGENCE
I0323 20:46:34.285158 3276148 ic_gvins.cc:1299] Remove 7 reprojection factors
I0323 20:46:34.289476 3276099 fusion_ros.cc:232] Raw data time 545821.753691, 545821.126132, 545821.739562
I0323 20:46:34.294517 3276148 ic_gvins.cc:1223] Ceres Solver Report: Iterations: 13, Initial cost: 4.374286e+01, Final cost: 4.324917e+01, Termination: CONVERGENCE
E0323 20:46:34.294581 3276148 ic_gvins.cc:1329] Estimated extrinsic is too large, t:   4.85959 -0.469899  0.334013, R:  86.3949 -9.36152  91.7183
I0323 20:46:34.294888 3276148 ic_gvins.cc:1127] Culled 4 mappoint with 8 bad observed features 0, 0, 4
I0323 20:46:34.297510 3276148 ic_gvins.cc:1433] Marginalize 1 states, last time 545820.519552
I0323 20:46:34.298309 3276148 ic_gvins.cc:478] Optimization costs 17.3138 ms with 3.45165 and 9.40192 with marginalization costs 0.786568
I0323 20:46:34.299228 3276147 tracking.cc:452] Track 20 map points
I0323 20:46:34.300660 3276146 misc.cc:220] Redo INS mechanization at 545821.720653 to 545821.768694 is 0.0480411 s
I0323 20:46:34.306468 3276147 tracking.cc:571] Track 104 reference points
I0323 20:46:34.310981 3276147 tracking.cc:687] Add 21 new features to 124
I0323 20:46:34.330176 3276147 tracking.cc:452] Track 16 map points
I0323 20:46:34.338932 3276147 tracking.cc:571] Track 97 reference points
I0323 20:46:34.343542 3276147 tracking.cc:687] Add 30 new features to 113
I0323 20:46:34.367735 3276147 tracking.cc:452] Track 16 map points
I0323 20:46:34.377444 3276147 tracking.cc:571] Track 108 reference points
I0323 20:46:34.382009 3276147 tracking.cc:687] Add 19 new features to 124
I0323 20:46:34.394428 3276147 tracking.cc:452] Track 16 map points
I0323 20:46:34.401952 3276147 tracking.cc:571] Track 110 reference points
I0323 20:46:34.405684 3276147 tracking.cc:687] Add 17 new features to 126
I0323 20:46:34.428547 3276147 tracking.cc:452] Track 16 map points
E0323 20:46:34.429381 3276099 ic_gvins.cc:172] Lost IMU data with at 545821.897 dt 0.008
E0323 20:46:34.429512 3276099 ic_gvins.cc:182] Append extra IMU data at 545821.893758
I0323 20:46:34.437304 3276147 tracking.cc:571] Track 108 reference points
I0323 20:46:34.437364 3276147 tracking.cc:279] Keyframe at 545821.886235, mappoints 16, interval 0.165583, parallax 18.5049
I0323 20:46:34.437678 3276147 tracking.cc:795] Triangulate 9 3D points with 63 left, 33 reset, 2 outtime and 34 outliers
I0323 20:46:34.442430 3276147 tracking.cc:687] Add 56 new features to 88
I0323 20:46:34.442850 3276147 ic_gvins.cc:553] Tracking cost 22.0963 ms
I0323 20:46:34.445523 3276146 ic_gvins.cc:746] Insert keyframe 134 at 545821.886235 with 9 new mappoints
I0323 20:46:34.446076 3276146 ic_gvins.cc:751] Add new keyframe time node at 545821.886235
I0323 20:46:34.446127 3276148 ic_gvins.cc:1856] Total 12 pose states from 545820.519552 to 545821.886235
I0323 20:46:34.446750 3276148 ic_gvins.cc:1180] Add 11 preintegration, 1 GNSS, 62 reprojection
I0323 20:46:34.451239 3276148 ic_gvins.cc:1189] Ceres Solver Report: Iterations: 6, Initial cost: 4.459694e+02, Final cost: 6.956792e+01, Termination: NO_CONVERGENCE
I0323 20:46:34.451366 3276148 ic_gvins.cc:1299] Remove 11 reprojection factors
I0323 20:46:34.462457 3276148 ic_gvins.cc:1223] Ceres Solver Report: Iterations: 16, Initial cost: 3.768057e+01, Final cost: 3.402928e+01, Termination: NO_CONVERGENCE
E0323 20:46:34.462530 3276148 ic_gvins.cc:1329] Estimated extrinsic is too large, t:      4.64355 -0.000886987     0.131387, R:   86.512 -4.19495  91.3007
I0323 20:46:34.462883 3276148 ic_gvins.cc:1127] Culled 6 mappoint with 13 bad observed features 0, 1, 5
I0323 20:46:34.463913 3276148 ic_gvins.cc:1433] Marginalize 1 states, last time 545820.653553
I0323 20:46:34.464655 3276148 ic_gvins.cc:478] Optimization costs 18.5599 ms with 4.52043 and 11.1367 with marginalization costs 0.82212
I0323 20:46:34.465639 3276146 misc.cc:220] Redo INS mechanization at 545821.886235 to 545821.933693 is 0.0474573 s
I0323 20:46:34.467213 3276147 tracking.cc:452] Track 23 map points
I0323 20:46:34.474975 3276147 tracking.cc:571] Track 107 reference points
I0323 20:46:34.477427 3276147 tracking.cc:687] Add 15 new features to 130
I0323 20:46:34.493530 3276147 tracking.cc:452] Track 17 map points
I0323 20:46:34.500780 3276147 tracking.cc:571] Track 108 reference points
I0323 20:46:34.505641 3276147 tracking.cc:687] Add 19 new features to 125
I0323 20:46:34.529238 3276147 tracking.cc:452] Track 17 map points
I0323 20:46:34.536947 3276147 tracking.cc:571] Track 110 reference points
I0323 20:46:34.540743 3276147 tracking.cc:687] Add 18 new features to 127
E0323 20:46:34.561121 3276099 ic_gvins.cc:172] Lost IMU data with at 545822.029 dt 0.015
E0323 20:46:34.561282 3276099 ic_gvins.cc:182] Append extra IMU data at 545822.018687
E0323 20:46:34.561326 3276099 ic_gvins.cc:182] Append extra IMU data at 545822.023687
I0323 20:46:34.569892 3276147 tracking.cc:452] Track 17 map points
I0323 20:46:34.577284 3276147 tracking.cc:571] Track 111 reference points
I0323 20:46:34.577347 3276147 tracking.cc:279] Keyframe at 545822.020348, mappoints 17, interval 0.134113, parallax 15.8581
I0323 20:46:34.577630 3276147 tracking.cc:795] Triangulate 7 3D points with 68 left, 26 reset, 0 outtime and 36 outliers
I0323 20:46:34.581164 3276147 tracking.cc:687] Add 50 new features to 92
I0323 20:46:34.581493 3276147 ic_gvins.cc:553] Tracking cost 19.3529 ms
I0323 20:46:34.585651 3276146 ic_gvins.cc:746] Insert keyframe 135 at 545822.020348 with 7 new mappoints
I0323 20:46:34.586053 3276146 ic_gvins.cc:751] Add new keyframe time node at 545822.020348
I0323 20:46:34.586100 3276148 ic_gvins.cc:1856] Total 12 pose states from 545820.653553 to 545822.020348
I0323 20:46:34.586637 3276148 ic_gvins.cc:1180] Add 11 preintegration, 1 GNSS, 57 reprojection
I0323 20:46:34.591763 3276148 ic_gvins.cc:1189] Ceres Solver Report: Iterations: 6, Initial cost: 4.774889e+02, Final cost: 6.618604e+01, Termination: NO_CONVERGENCE
I0323 20:46:34.591835 3276148 ic_gvins.cc:1270] Detect 1 GNSS outliers at 545822.020348
I0323 20:46:34.591917 3276148 ic_gvins.cc:1299] Remove 7 reprojection factors
I0323 20:46:34.594086 3276147 tracking.cc:452] Track 22 map points
I0323 20:46:34.601487 3276147 tracking.cc:571] Track 102 reference points
I0323 20:46:34.605170 3276147 tracking.cc:687] Add 19 new features to 124
I0323 20:46:34.605355 3276148 ic_gvins.cc:1223] Ceres Solver Report: Iterations: 16, Initial cost: 4.093411e+01, Final cost: 3.798894e+01, Termination: NO_CONVERGENCE
E0323 20:46:34.605396 3276148 ic_gvins.cc:1329] Estimated extrinsic is too large, t:    4.94413   -0.39654 -0.0883714, R:  86.5716 -2.55143  91.0983
I0323 20:46:34.605901 3276148 ic_gvins.cc:1127] Culled 6 mappoint with 11 bad observed features 0, 0, 6
I0323 20:46:34.606441 3276148 ic_gvins.cc:1433] Marginalize 1 states, last time 545820.790508
I0323 20:46:34.607240 3276148 ic_gvins.cc:478] Optimization costs 21.1718 ms with 5.15023 and 13.452 with marginalization costs 0.89217
I0323 20:46:34.610622 3276146 misc.cc:220] Redo INS mechanization at 545822.020348 to 545822.078843 is 0.058495 s
I0323 20:46:34.630909 3276147 tracking.cc:452] Track 16 map points
I0323 20:46:34.638602 3276147 tracking.cc:571] Track 99 reference points
I0323 20:46:34.643849 3276147 tracking.cc:687] Add 28 new features to 115
I0323 20:46:34.665959 3276147 tracking.cc:452] Track 16 map points
I0323 20:46:34.672988 3276147 tracking.cc:571] Track 109 reference points
I0323 20:46:34.677826 3276147 tracking.cc:687] Add 18 new features to 125
I0323 20:46:34.699724 3276147 tracking.cc:452] Track 16 map points
I0323 20:46:34.707075 3276147 tracking.cc:571] Track 106 reference points
I0323 20:46:34.707137 3276147 tracking.cc:279] Keyframe at 545822.154512, mappoints 16, interval 0.134164, parallax 15.7499
I0323 20:46:34.707453 3276147 tracking.cc:795] Triangulate 33 3D points with 67 left, 29 reset, 1 outtime and 5 outliers
I0323 20:46:34.710604 3276147 tracking.cc:687] Add 27 new features to 116
I0323 20:46:34.710953 3276147 ic_gvins.cc:553] Tracking cost 18.8159 ms
I0323 20:46:34.715909 3276146 ic_gvins.cc:746] Insert keyframe 136 at 545822.154512 with 33 new mappoints
I0323 20:46:34.716344 3276146 ic_gvins.cc:751] Add new keyframe time node at 545822.154512
I0323 20:46:34.716367 3276146 ic_gvins.cc:861] Add new GNSS 545822.133194 align to 545822.154512
I0323 20:46:34.716406 3276148 ic_gvins.cc:1856] Total 12 pose states from 545820.790508 to 545822.154512
I0323 20:46:34.717110 3276148 ic_gvins.cc:1180] Add 11 preintegration, 2 GNSS, 80 reprojection
I0323 20:46:34.721164 3276148 ic_gvins.cc:1189] Ceres Solver Report: Iterations: 6, Initial cost: 5.161714e+02, Final cost: 1.352301e+02, Termination: NO_CONVERGENCE
I0323 20:46:34.721213 3276148 ic_gvins.cc:1270] Detect 1 GNSS outliers at 545822.154512
I0323 20:46:34.721288 3276148 ic_gvins.cc:1299] Remove 8 reprojection factors
I0323 20:46:34.730477 3276147 tracking.cc:452] Track 48 map points
I0323 20:46:34.738066 3276147 tracking.cc:571] Track 82 reference points
I0323 20:46:34.739284 3276148 ic_gvins.cc:1223] Ceres Solver Report: Iterations: 13, Initial cost: 4.269651e+01, Final cost: 3.901658e+01, Termination: CONVERGENCE
E0323 20:46:34.739348 3276148 ic_gvins.cc:1329] Estimated extrinsic is too large, t:    3.95114 -0.0560819  -0.205363, R:  86.7419 -4.59934  91.4706
I0323 20:46:34.739702 3276148 ic_gvins.cc:1127] Culled 13 mappoint with 13 bad observed features 0, 2, 11
I0323 20:46:34.740156 3276148 ic_gvins.cc:1433] Marginalize 1 states, last time 545820.923573
I0323 20:46:34.741242 3276148 ic_gvins.cc:478] Optimization costs 24.8652 ms with 4.08487 and 18.036 with marginalization costs 1.04548
I0323 20:46:34.741394 3276147 tracking.cc:687] Add 13 new features to 130
I0323 20:46:34.745745 3276146 misc.cc:220] Redo INS mechanization at 545822.154512 to 545822.213844 is 0.0593319 s
I0323 20:46:34.765736 3276147 tracking.cc:452] Track 34 map points
I0323 20:46:34.772810 3276147 tracking.cc:571] Track 83 reference points
I0323 20:46:34.776000 3276147 tracking.cc:687] Add 24 new features to 117
I0323 20:46:34.798519 3276147 tracking.cc:452] Track 31 map points
I0323 20:46:34.805562 3276147 tracking.cc:571] Track 93 reference points
I0323 20:46:34.808133 3276147 tracking.cc:687] Add 18 new features to 124
I0323 20:46:34.830083 3276147 tracking.cc:452] Track 30 map points
I0323 20:46:34.837762 3276147 tracking.cc:571] Track 90 reference points
I0323 20:46:34.842478 3276147 tracking.cc:687] Add 22 new features to 120
I0323 20:46:34.864867 3276147 tracking.cc:452] Track 29 map points
I0323 20:46:34.871898 3276147 tracking.cc:571] Track 91 reference points
I0323 20:46:34.871968 3276147 tracking.cc:279] Keyframe at 545822.320681, mappoints 29, interval 0.166169, parallax 16.5907
I0323 20:46:34.872254 3276147 tracking.cc:795] Triangulate 14 3D points with 69 left, 33 reset, 2 outtime and 6 outliers
I0323 20:46:34.875831 3276147 tracking.cc:687] Add 30 new features to 112
I0323 20:46:34.876190 3276147 ic_gvins.cc:553] Tracking cost 19.6148 ms
I0323 20:46:34.876961 3276146 ic_gvins.cc:746] Insert keyframe 137 at 545822.320681 with 14 new mappoints
I0323 20:46:34.877458 3276146 ic_gvins.cc:751] Add new keyframe time node at 545822.320681
I0323 20:46:34.877568 3276148 ic_gvins.cc:1856] Total 12 pose states from 545820.923573 to 545822.320681
I0323 20:46:34.878393 3276148 ic_gvins.cc:1180] Add 11 preintegration, 2 GNSS, 88 reprojection
I0323 20:46:34.883388 3276148 ic_gvins.cc:1189] Ceres Solver Report: Iterations: 6, Initial cost: 4.886175e+02, Final cost: 6.279125e+01, Termination: NO_CONVERGENCE
I0323 20:46:34.883519 3276148 ic_gvins.cc:1299] Remove 7 reprojection factors
I0323 20:46:34.889847 3276148 ic_gvins.cc:1223] Ceres Solver Report: Iterations: 11, Initial cost: 3.615870e+01, Final cost: 3.288614e+01, Termination: CONVERGENCE
E0323 20:46:34.889892 3276148 ic_gvins.cc:1329] Estimated extrinsic is too large, t:   3.82905 -0.197088  -0.42762, R: 86.7552  -4.553 91.4925
I0323 20:46:34.890221 3276148 ic_gvins.cc:1127] Culled 11 mappoint with 20 bad observed features 0, 1, 10
I0323 20:46:34.890587 3276148 ic_gvins.cc:1433] Marginalize 1 states, last time 545821.057441
I0323 20:46:34.891103 3276148 ic_gvins.cc:478] Optimization costs 13.5682 ms with 4.99653 and 6.34413 with marginalization costs 0.595846
I0323 20:46:34.893428 3276146 misc.cc:220] Redo INS mechanization at 545822.320681 to 545822.361234 is 0.0405527 s
I0323 20:46:34.902473 3276147 tracking.cc:452] Track 28 map points
I0323 20:46:34.910243 3276147 tracking.cc:571] Track 79 reference points
I0323 20:46:34.915442 3276147 tracking.cc:687] Add 36 new features to 107
I0323 20:46:34.929762 3276147 tracking.cc:452] Track 28 map points
I0323 20:46:34.937515 3276147 tracking.cc:571] Track 100 reference points
I0323 20:46:34.942689 3276147 tracking.cc:687] Add 15 new features to 128
I0323 20:46:34.956761 3276099 fusion_ros.cc:232] Raw data time 545822.418859, 545822.133194, 545822.406308
E0323 20:46:34.961019 3276099 ic_gvins.cc:172] Lost IMU data with at 545822.429 dt 0.010
E0323 20:46:34.961146 3276099 ic_gvins.cc:182] Append extra IMU data at 545822.423859
I0323 20:46:34.971915 3276147 tracking.cc:452] Track 28 map points
I0323 20:46:34.982399 3276147 tracking.cc:571] Track 93 reference points
I0323 20:46:34.985714 3276147 tracking.cc:687] Add 23 new features to 121
I0323 20:46:34.998772 3276147 tracking.cc:452] Track 27 map points
I0323 20:46:35.006453 3276147 tracking.cc:571] Track 99 reference points
I0323 20:46:35.006510 3276147 tracking.cc:279] Keyframe at 545822.455415, mappoints 27, interval 0.134734, parallax 16.6383
I0323 20:46:35.006794 3276147 tracking.cc:795] Triangulate 14 3D points with 71 left, 35 reset, 2 outtime and 12 outliers
I0323 20:46:35.010229 3276147 tracking.cc:687] Add 33 new features to 112
I0323 20:46:35.010581 3276147 ic_gvins.cc:553] Tracking cost 19.3862 ms
I0323 20:46:35.011217 3276146 ic_gvins.cc:746] Insert keyframe 138 at 545822.455415 with 14 new mappoints
I0323 20:46:35.011626 3276146 ic_gvins.cc:751] Add new keyframe time node at 545822.455415
I0323 20:46:35.011682 3276148 ic_gvins.cc:1856] Total 12 pose states from 545821.057441 to 545822.455415
I0323 20:46:35.012462 3276148 ic_gvins.cc:1180] Add 11 preintegration, 2 GNSS, 88 reprojection
I0323 20:46:35.016531 3276148 ic_gvins.cc:1189] Ceres Solver Report: Iterations: 6, Initial cost: 4.657021e+02, Final cost: 4.589810e+01, Termination: NO_CONVERGENCE
I0323 20:46:35.016651 3276148 ic_gvins.cc:1299] Remove 7 reprojection factors
I0323 20:46:35.023554 3276148 ic_gvins.cc:1223] Ceres Solver Report: Iterations: 12, Initial cost: 2.606028e+01, Final cost: 2.495879e+01, Termination: CONVERGENCE
E0323 20:46:35.023597 3276148 ic_gvins.cc:1329] Estimated extrinsic is too large, t:   2.78501 -0.267316  0.275004, R:  86.7457 -5.48868  91.6192
I0323 20:46:35.023933 3276148 ic_gvins.cc:1127] Culled 14 mappoint with 17 bad observed features 0, 0, 14
I0323 20:46:35.024642 3276148 ic_gvins.cc:1433] Marginalize 2 states, last time 545821.193188
I0323 20:46:35.025199 3276148 ic_gvins.cc:478] Optimization costs 13.5434 ms with 4.10119 and 6.91751 with marginalization costs 0.644135
I0323 20:46:35.031057 3276146 misc.cc:220] Redo INS mechanization at 545822.455415 to 545822.493850 is 0.0384347 s
I0323 20:46:35.038048 3276147 tracking.cc:452] Track 30 map points
I0323 20:46:35.051175 3276147 tracking.cc:571] Track 91 reference points
I0323 20:46:35.054458 3276147 tracking.cc:687] Add 23 new features to 121
I0323 20:46:35.065907 3276147 tracking.cc:452] Track 29 map points
I0323 20:46:35.073843 3276147 tracking.cc:571] Track 101 reference points
I0323 20:46:35.078140 3276147 tracking.cc:687] Add 14 new features to 130
I0323 20:46:35.100540 3276147 tracking.cc:452] Track 29 map points
I0323 20:46:35.107802 3276147 tracking.cc:571] Track 92 reference points
I0323 20:46:35.110347 3276147 tracking.cc:687] Add 23 new features to 121
I0323 20:46:35.129315 3276147 tracking.cc:452] Track 26 map points
I0323 20:46:35.137158 3276147 tracking.cc:571] Track 94 reference points
I0323 20:46:35.140964 3276147 tracking.cc:687] Add 24 new features to 120
I0323 20:46:35.183550 3276147 tracking.cc:452] Track 26 map points
I0323 20:46:35.194597 3276147 tracking.cc:571] Track 104 reference points
I0323 20:46:35.194680 3276147 tracking.cc:279] Keyframe at 545822.620796, mappoints 26, interval 0.16538, parallax 15.9982
I0323 20:46:35.194983 3276147 tracking.cc:795] Triangulate 16 3D points with 73 left, 35 reset, 2 outtime and 13 outliers
I0323 20:46:35.199642 3276147 tracking.cc:687] Add 29 new features to 115
I0323 20:46:35.199987 3276147 ic_gvins.cc:553] Tracking cost 29.2006 ms
I0323 20:46:35.200911 3276146 ic_gvins.cc:746] Insert keyframe 139 at 545822.620796 with 16 new mappoints
I0323 20:46:35.201443 3276146 ic_gvins.cc:751] Add new keyframe time node at 545822.620796
I0323 20:46:35.201498 3276148 ic_gvins.cc:1856] Total 11 pose states from 545821.193188 to 545822.620796
I0323 20:46:35.202237 3276148 ic_gvins.cc:1180] Add 10 preintegration, 1 GNSS, 93 reprojection
I0323 20:46:35.207800 3276148 ic_gvins.cc:1189] Ceres Solver Report: Iterations: 6, Initial cost: 4.738261e+02, Final cost: 5.298703e+01, Termination: NO_CONVERGENCE
I0323 20:46:35.207947 3276148 ic_gvins.cc:1299] Remove 8 reprojection factors
I0323 20:46:35.211596 3276147 tracking.cc:452] Track 42 map points
I0323 20:46:35.219686 3276147 tracking.cc:571] Track 85 reference points
I0323 20:46:35.219959 3276148 ic_gvins.cc:1223] Ceres Solver Report: Iterations: 10, Initial cost: 2.819285e+01, Final cost: 2.750844e+01, Termination: CONVERGENCE
E0323 20:46:35.220002 3276148 ic_gvins.cc:1329] Estimated extrinsic is too large, t:    2.81213  -0.299258 0.00778927, R:  86.7494 -5.60025  91.6422
I0323 20:46:35.220347 3276148 ic_gvins.cc:1127] Culled 12 mappoint with 14 bad observed features 0, 1, 11
I0323 20:46:35.221103 3276148 ic_gvins.cc:1433] Marginalize 1 states, last time 545821.323657
I0323 20:46:35.221730 3276148 ic_gvins.cc:478] Optimization costs 20.2582 ms with 5.61881 and 12.0265 with marginalization costs 0.660199
I0323 20:46:35.223744 3276146 misc.cc:220] Redo INS mechanization at 545822.620796 to 545822.688855 is 0.0680595 s
I0323 20:46:35.224315 3276147 tracking.cc:687] Add 16 new features to 127
I0323 20:46:35.237051 3276147 tracking.cc:452] Track 28 map points
I0323 20:46:35.248556 3276147 tracking.cc:571] Track 84 reference points
I0323 20:46:35.252988 3276147 tracking.cc:687] Add 31 new features to 112
I0323 20:46:35.265882 3276147 tracking.cc:452] Track 28 map points
I0323 20:46:35.273577 3276147 tracking.cc:571] Track 103 reference points
I0323 20:46:35.276182 3276147 tracking.cc:687] Add 12 new features to 131
I0323 20:46:35.300355 3276147 tracking.cc:452] Track 27 map points
I0323 20:46:35.308076 3276147 tracking.cc:571] Track 92 reference points
I0323 20:46:35.311481 3276147 tracking.cc:687] Add 23 new features to 119
